Archive member included to satisfy reference by file (symbol)

/usr/lib/gcc/arm-none-eabi/15.1.0/thumb/v6-m/nofp/libgcc.a(_dvmd_tls.o)
                              CMakeFiles/tof_scan.dir/third_party/pico-sdk/src/rp2_common/pico_divider/divider_hardware.S.o (__aeabi_idiv0)
/usr/lib/gcc/arm-none-eabi/15.1.0/../../../../arm-none-eabi/lib/thumb/v6-m/nofp/libg.a(libc_a-calloc.o)
                              CMakeFiles/tof_scan.dir/third_party/pico-sdk/src/rp2_common/pico_malloc/malloc.c.o (calloc)
/usr/lib/gcc/arm-none-eabi/15.1.0/../../../../arm-none-eabi/lib/thumb/v6-m/nofp/libg.a(libc_a-callocr.o)
                              /usr/lib/gcc/arm-none-eabi/15.1.0/../../../../arm-none-eabi/lib/thumb/v6-m/nofp/libg.a(libc_a-calloc.o) (_calloc_r)
/usr/lib/gcc/arm-none-eabi/15.1.0/../../../../arm-none-eabi/lib/thumb/v6-m/nofp/libg.a(libc_a-malloc.o)
                              CMakeFiles/tof_scan.dir/third_party/pico-sdk/src/rp2_common/pico_malloc/malloc.c.o (malloc)
/usr/lib/gcc/arm-none-eabi/15.1.0/../../../../arm-none-eabi/lib/thumb/v6-m/nofp/libg.a(libc_a-mallocr.o)
                              /usr/lib/gcc/arm-none-eabi/15.1.0/../../../../arm-none-eabi/lib/thumb/v6-m/nofp/libg.a(libc_a-callocr.o) (_malloc_r)
/usr/lib/gcc/arm-none-eabi/15.1.0/../../../../arm-none-eabi/lib/thumb/v6-m/nofp/libg.a(libc_a-mlock.o)
                              /usr/lib/gcc/arm-none-eabi/15.1.0/../../../../arm-none-eabi/lib/thumb/v6-m/nofp/libg.a(libc_a-mallocr.o) (__malloc_lock)
/usr/lib/gcc/arm-none-eabi/15.1.0/../../../../arm-none-eabi/lib/thumb/v6-m/nofp/libg.a(libc_a-realloc.o)
                              CMakeFiles/tof_scan.dir/third_party/pico-sdk/src/rp2_common/pico_malloc/malloc.c.o (realloc)
/usr/lib/gcc/arm-none-eabi/15.1.0/../../../../arm-none-eabi/lib/thumb/v6-m/nofp/libg.a(libc_a-reallocr.o)
                              /usr/lib/gcc/arm-none-eabi/15.1.0/../../../../arm-none-eabi/lib/thumb/v6-m/nofp/libg.a(libc_a-realloc.o) (_realloc_r)
/usr/lib/gcc/arm-none-eabi/15.1.0/../../../../arm-none-eabi/lib/thumb/v6-m/nofp/libg.a(libc_a-memcmp.o)
                              CMakeFiles/tof_scan.dir/third_party/pico-sdk/src/rp2_common/pico_atomic/atomic.c.o (memcmp)
/usr/lib/gcc/arm-none-eabi/15.1.0/../../../../arm-none-eabi/lib/thumb/v6-m/nofp/libg.a(libc_a-memmove.o)
                              /usr/lib/gcc/arm-none-eabi/15.1.0/../../../../arm-none-eabi/lib/thumb/v6-m/nofp/libg.a(libc_a-reallocr.o) (memmove)
/usr/lib/gcc/arm-none-eabi/15.1.0/../../../../arm-none-eabi/lib/thumb/v6-m/nofp/libg.a(libc_a-lcltime_r.o)
                              CMakeFiles/tof_scan.dir/third_party/pico-sdk/src/common/pico_util/datetime.c.o (localtime_r)
/usr/lib/gcc/arm-none-eabi/15.1.0/../../../../arm-none-eabi/lib/thumb/v6-m/nofp/libg.a(libc_a-mktime.o)
                              CMakeFiles/tof_scan.dir/third_party/pico-sdk/src/common/pico_util/datetime.c.o (mktime)
/usr/lib/gcc/arm-none-eabi/15.1.0/../../../../arm-none-eabi/lib/thumb/v6-m/nofp/libg.a(libc_a-month_lengths.o)
                              /usr/lib/gcc/arm-none-eabi/15.1.0/../../../../arm-none-eabi/lib/thumb/v6-m/nofp/libg.a(libc_a-lcltime_r.o) (__month_lengths)
/usr/lib/gcc/arm-none-eabi/15.1.0/../../../../arm-none-eabi/lib/thumb/v6-m/nofp/libg.a(libc_a-tzcalc_limits.o)
                              /usr/lib/gcc/arm-none-eabi/15.1.0/../../../../arm-none-eabi/lib/thumb/v6-m/nofp/libg.a(libc_a-lcltime_r.o) (__tzcalc_limits)
/usr/lib/gcc/arm-none-eabi/15.1.0/../../../../arm-none-eabi/lib/thumb/v6-m/nofp/libg.a(libc_a-tzlock.o)
                              /usr/lib/gcc/arm-none-eabi/15.1.0/../../../../arm-none-eabi/lib/thumb/v6-m/nofp/libg.a(libc_a-lcltime_r.o) (__tz_lock)
/usr/lib/gcc/arm-none-eabi/15.1.0/../../../../arm-none-eabi/lib/thumb/v6-m/nofp/libg.a(libc_a-tzset.o)
                              /usr/lib/gcc/arm-none-eabi/15.1.0/../../../../arm-none-eabi/lib/thumb/v6-m/nofp/libg.a(libc_a-lcltime_r.o) (_tzset_unlocked)
/usr/lib/gcc/arm-none-eabi/15.1.0/../../../../arm-none-eabi/lib/thumb/v6-m/nofp/libg.a(libc_a-tzset_r.o)
                              /usr/lib/gcc/arm-none-eabi/15.1.0/../../../../arm-none-eabi/lib/thumb/v6-m/nofp/libg.a(libc_a-tzset.o) (_tzset_unlocked_r)
/usr/lib/gcc/arm-none-eabi/15.1.0/../../../../arm-none-eabi/lib/thumb/v6-m/nofp/libg.a(libc_a-tzvars.o)
                              /usr/lib/gcc/arm-none-eabi/15.1.0/../../../../arm-none-eabi/lib/thumb/v6-m/nofp/libg.a(libc_a-tzset_r.o) (_timezone)
/usr/lib/gcc/arm-none-eabi/15.1.0/../../../../arm-none-eabi/lib/thumb/v6-m/nofp/libg.a(libc_a-impure.o)
                              /usr/lib/gcc/arm-none-eabi/15.1.0/../../../../arm-none-eabi/lib/thumb/v6-m/nofp/libg.a(libc_a-calloc.o) (_impure_ptr)
/usr/lib/gcc/arm-none-eabi/15.1.0/../../../../arm-none-eabi/lib/thumb/v6-m/nofp/libg.a(libc_a-sbrkr.o)
                              /usr/lib/gcc/arm-none-eabi/15.1.0/../../../../arm-none-eabi/lib/thumb/v6-m/nofp/libg.a(libc_a-mallocr.o) (_sbrk_r)
[...]
Memory Configuration

Name             Origin             Length             Attributes
FLASH            0x10000000         0x00200000         xr
XIP_RAM          0x15000000         0x00004000         xrw
RAM              0x20000000         0x00040000         xrw
SCRATCH_X        0x20040000         0x00001000         xrw
SCRATCH_Y        0x20041000         0x00001000         xrw
*default*        0x00000000         0xffffffff

Linker script and memory map

                0x20000000                        RAM_ORIGIN_DEFAULT = 0x20000000
                0x00040000                        RAM_LENGTH_DEFAULT = 0x40000
                0x20040000                        SCRATCH_X_ORIGIN_DEFAULT = 0x20040000
                0x00001000                        SCRATCH_X_LENGTH_DEFAULT = 0x1000
                0x20041000                        SCRATCH_Y_ORIGIN_DEFAULT = 0x20041000
                0x00001000                        SCRATCH_Y_LENGTH_DEFAULT = 0x1000
                0x15000000                        XIP_RAM_ORIGIN_DEFAULT = 0x15000000
                0x00004000                        XIP_RAM_LENGTH_DEFAULT = 0x4000
LOAD CMakeFiles/tof_scan.dir/src/i2c_scan.c.o
LOAD CMakeFiles/tof_scan.dir/third_party/pico-sdk/src/rp2_common/pico_stdlib/stdlib.c.o
LOAD CMakeFiles/tof_scan.dir/third_party/pico-sdk/src/rp2_common/hardware_gpio/gpio.c.o
LOAD CMakeFiles/tof_scan.dir/third_party/pico-sdk/src/rp2040/pico_platform/platform.c.o
LOAD CMakeFiles/tof_scan.dir/third_party/pico-sdk/src/rp2_common/pico_platform_common/common.c.o
LOAD CMakeFiles/tof_scan.dir/third_party/pico-sdk/src/rp2_common/pico_platform_panic/panic.c.o
LOAD CMakeFiles/tof_scan.dir/third_party/pico-sdk/src/rp2_common/pico_platform_panic/custom_panic_function.S.o
LOAD CMakeFiles/tof_scan.dir/third_party/pico-sdk/src/common/hardware_claim/claim.c.o
LOAD CMakeFiles/tof_scan.dir/third_party/pico-sdk/src/rp2_common/hardware_sync/sync.c.o
LOAD CMakeFiles/tof_scan.dir/third_party/pico-sdk/src/rp2_common/hardware_sync_spin_lock/sync_spin_lock.c.o
LOAD CMakeFiles/tof_scan.dir/third_party/pico-sdk/src/rp2_common/hardware_irq/irq.c.o
LOAD CMakeFiles/tof_scan.dir/third_party/pico-sdk/src/rp2_common/hardware_irq/irq_handler_chain.S.o
LOAD CMakeFiles/tof_scan.dir/third_party/pico-sdk/src/common/pico_sync/sem.c.o
LOAD CMakeFiles/tof_scan.dir/third_party/pico-sdk/src/common/pico_sync/lock_core.c.o
LOAD CMakeFiles/tof_scan.dir/third_party/pico-sdk/src/common/pico_sync/mutex.c.o
LOAD CMakeFiles/tof_scan.dir/third_party/pico-sdk/src/common/pico_sync/critical_section.c.o
LOAD CMakeFiles/tof_scan.dir/third_party/pico-sdk/src/common/pico_time/time.c.o
LOAD CMakeFiles/tof_scan.dir/third_party/pico-sdk/src/common/pico_time/timeout_helper.c.o
LOAD CMakeFiles/tof_scan.dir/third_party/pico-sdk/src/rp2_common/hardware_timer/timer.c.o
LOAD CMakeFiles/tof_scan.dir/third_party/pico-sdk/src/common/pico_util/datetime.c.o
LOAD CMakeFiles/tof_scan.dir/third_party/pico-sdk/src/common/pico_util/fixed_bitset.c.o
LOAD CMakeFiles/tof_scan.dir/third_party/pico-sdk/src/common/pico_util/pheap.c.o
LOAD CMakeFiles/tof_scan.dir/third_party/pico-sdk/src/common/pico_util/queue.c.o
LOAD CMakeFiles/tof_scan.dir/third_party/pico-sdk/src/rp2_common/hardware_uart/uart.c.o
LOAD CMakeFiles/tof_scan.dir/third_party/pico-sdk/src/rp2_common/hardware_clocks/clocks.c.o
LOAD CMakeFiles/tof_scan.dir/third_party/pico-sdk/src/rp2_common/hardware_pll/pll.c.o
LOAD CMakeFiles/tof_scan.dir/third_party/pico-sdk/src/rp2_common/hardware_vreg/vreg.c.o
LOAD CMakeFiles/tof_scan.dir/third_party/pico-sdk/src/rp2_common/hardware_watchdog/watchdog.c.o
LOAD CMakeFiles/tof_scan.dir/third_party/pico-sdk/src/rp2_common/hardware_ticks/ticks.c.o
LOAD CMakeFiles/tof_scan.dir/third_party/pico-sdk/src/rp2_common/pico_bootrom/bootrom.c.o
LOAD CMakeFiles/tof_scan.dir/third_party/pico-sdk/src/rp2_common/pico_bootrom/bootrom_lock.c.o
LOAD CMakeFiles/tof_scan.dir/third_party/pico-sdk/src/rp2_common/hardware_boot_lock/boot_lock.c.o
LOAD CMakeFiles/tof_scan.dir/third_party/pico-sdk/src/rp2_common/pico_flash/flash.c.o
LOAD CMakeFiles/tof_scan.dir/third_party/pico-sdk/src/rp2_common/hardware_xosc/xosc.c.o
LOAD CMakeFiles/tof_scan.dir/third_party/pico-sdk/src/rp2_common/hardware_divider/divider.S.o
LOAD CMakeFiles/tof_scan.dir/third_party/pico-sdk/src/rp2_common/pico_runtime/runtime.c.o
LOAD CMakeFiles/tof_scan.dir/third_party/pico-sdk/src/rp2_common/pico_runtime_init/runtime_init.c.o
LOAD CMakeFiles/tof_scan.dir/third_party/pico-sdk/src/rp2_common/pico_runtime_init/runtime_init_clocks.c.o
LOAD CMakeFiles/tof_scan.dir/third_party/pico-sdk/src/rp2_common/pico_runtime_init/runtime_init_stack_guard.c.o
LOAD CMakeFiles/tof_scan.dir/third_party/pico-sdk/src/rp2_common/hardware_rtc/rtc.c.o
LOAD CMakeFiles/tof_scan.dir/third_party/pico-sdk/src/rp2_common/pico_bit_ops/bit_ops_aeabi.S.o
LOAD CMakeFiles/tof_scan.dir/third_party/pico-sdk/src/rp2_common/pico_divider/divider_hardware.S.o
LOAD CMakeFiles/tof_scan.dir/third_party/pico-sdk/src/rp2_common/pico_double/double_aeabi_rp2040.S.o
LOAD CMakeFiles/tof_scan.dir/third_party/pico-sdk/src/rp2_common/pico_double/double_init_rom_rp2040.c.o
LOAD CMakeFiles/tof_scan.dir/third_party/pico-sdk/src/rp2_common/pico_double/double_math.c.o
LOAD CMakeFiles/tof_scan.dir/third_party/pico-sdk/src/rp2_common/pico_double/double_v1_rom_shim_rp2040.S.o
LOAD CMakeFiles/tof_scan.dir/third_party/pico-sdk/src/rp2_common/pico_int64_ops/pico_int64_ops_aeabi.S.o
LOAD CMakeFiles/tof_scan.dir/third_party/pico-sdk/src/rp2_common/pico_float/float_aeabi_rp2040.S.o
LOAD CMakeFiles/tof_scan.dir/third_party/pico-sdk/src/rp2_common/pico_float/float_init_rom_rp2040.c.o
LOAD CMakeFiles/tof_scan.dir/third_party/pico-sdk/src/rp2_common/pico_float/float_math.c.o
LOAD CMakeFiles/tof_scan.dir/third_party/pico-sdk/src/rp2_common/pico_float/float_v1_rom_shim_rp2040.S.o
LOAD CMakeFiles/tof_scan.dir/third_party/pico-sdk/src/rp2_common/pico_malloc/malloc.c.o
LOAD CMakeFiles/tof_scan.dir/third_party/pico-sdk/src/rp2_common/pico_mem_ops/mem_ops_aeabi.S.o
LOAD CMakeFiles/tof_scan.dir/third_party/pico-sdk/src/rp2_common/pico_atomic/atomic.c.o
LOAD CMakeFiles/tof_scan.dir/third_party/pico-sdk/src/rp2_common/pico_cxx_options/new_delete.cpp.o
LOAD CMakeFiles/tof_scan.dir/third_party/pico-sdk/src/rp2_common/pico_standard_binary_info/standard_binary_info.c.o
LOAD CMakeFiles/tof_scan.dir/third_party/pico-sdk/src/rp2_common/pico_printf/printf.c.o
LOAD CMakeFiles/tof_scan.dir/third_party/pico-sdk/src/rp2_common/pico_crt0/crt0.S.o
LOAD CMakeFiles/tof_scan.dir/third_party/pico-sdk/src/rp2_common/pico_clib_interface/newlib_interface.c.o
LOAD CMakeFiles/tof_scan.dir/third_party/pico-sdk/src/rp2_common/pico_clib_interface/cxa_guard.c.o
LOAD CMakeFiles/tof_scan.dir/third_party/pico-sdk/src/rp2_common/pico_stdio/stdio.c.o
LOAD CMakeFiles/tof_scan.dir/third_party/pico-sdk/src/rp2_common/pico_stdio_usb/stdio_usb.c.o
LOAD CMakeFiles/tof_scan.dir/third_party/pico-sdk/src/rp2_common/pico_stdio_usb/stdio_usb_descriptors.c.o
LOAD CMakeFiles/tof_scan.dir/third_party/pico-sdk/src/rp2_common/pico_unique_id/unique_id.c.o
LOAD CMakeFiles/tof_scan.dir/third_party/pico-sdk/src/rp2_common/hardware_flash/flash.c.o
LOAD CMakeFiles/tof_scan.dir/third_party/pico-sdk/src/rp2_common/hardware_xip_cache/xip_cache.c.o
LOAD CMakeFiles/tof_scan.dir/third_party/pico-sdk/src/rp2_common/pico_usb_reset/usb_reset.c.o
LOAD CMakeFiles/tof_scan.dir/third_party/pico-sdk/lib/tinyusb/src/portable/raspberrypi/rp2040/dcd_rp2040.c.o
LOAD CMakeFiles/tof_scan.dir/third_party/pico-sdk/lib/tinyusb/src/portable/raspberrypi/rp2040/rp2040_usb.c.o
LOAD CMakeFiles/tof_scan.dir/third_party/pico-sdk/lib/tinyusb/src/device/usbd.c.o
LOAD CMakeFiles/tof_scan.dir/third_party/pico-sdk/lib/tinyusb/src/device/usbd_control.c.o
LOAD CMakeFiles/tof_scan.dir/third_party/pico-sdk/lib/tinyusb/src/class/audio/audio_device.c.o
LOAD CMakeFiles/tof_scan.dir/third_party/pico-sdk/lib/tinyusb/src/class/cdc/cdc_device.c.o
LOAD CMakeFiles/tof_scan.dir/third_party/pico-sdk/lib/tinyusb/src/class/dfu/dfu_device.c.o
LOAD CMakeFiles/tof_scan.dir/third_party/pico-sdk/lib/tinyusb/src/class/dfu/dfu_rt_device.c.o
LOAD CMakeFiles/tof_scan.dir/third_party/pico-sdk/lib/tinyusb/src/class/hid/hid_device.c.o
LOAD CMakeFiles/tof_scan.dir/third_party/pico-sdk/lib/tinyusb/src/class/midi/midi_device.c.o
LOAD CMakeFiles/tof_scan.dir/third_party/pico-sdk/lib/tinyusb/src/class/msc/msc_device.c.o
LOAD CMakeFiles/tof_scan.dir/third_party/pico-sdk/lib/tinyusb/src/class/net/ecm_rndis_device.c.o
LOAD CMakeFiles/tof_scan.dir/third_party/pico-sdk/lib/tinyusb/src/class/net/ncm_device.c.o
LOAD CMakeFiles/tof_scan.dir/third_party/pico-sdk/lib/tinyusb/src/class/usbtmc/usbtmc_device.c.o
LOAD CMakeFiles/tof_scan.dir/third_party/pico-sdk/lib/tinyusb/src/class/vendor/vendor_device.c.o
LOAD CMakeFiles/tof_scan.dir/third_party/pico-sdk/lib/tinyusb/src/class/video/video_device.c.o
LOAD CMakeFiles/tof_scan.dir/third_party/pico-sdk/lib/tinyusb/src/tusb.c.o
LOAD CMakeFiles/tof_scan.dir/third_party/pico-sdk/lib/tinyusb/src/common/tusb_fifo.c.o
LOAD CMakeFiles/tof_scan.dir/third_party/pico-sdk/src/rp2_common/pico_fix/rp2040_usb_device_enumeration/rp2040_usb_device_enumeration.c.o
LOAD CMakeFiles/tof_scan.dir/third_party/pico-sdk/src/rp2_common/pico_thread_local/thread_local.c.o
LOAD CMakeFiles/tof_scan.dir/third_party/pico-sdk/src/rp2_common/hardware_i2c/i2c.c.o
LOAD pico-sdk/src/rp2040/boot_stage2/CMakeFiles/bs2_default_library.dir/bs2_default_padded_checksummed.S.o
LOAD /usr/lib/gcc/arm-none-eabi/15.1.0/../../../../arm-none-eabi/lib/thumb/v6-m/nofp/libstdc++.a
LOAD /usr/lib/gcc/arm-none-eabi/15.1.0/../../../../arm-none-eabi/lib/thumb/v6-m/nofp/libm.a
START GROUP
LOAD /usr/lib/gcc/arm-none-eabi/15.1.0/thumb/v6-m/nofp/libgcc.a
LOAD /usr/lib/gcc/arm-none-eabi/15.1.0/../../../../arm-none-eabi/lib/thumb/v6-m/nofp/libg.a
LOAD /usr/lib/gcc/arm-none-eabi/15.1.0/../../../../arm-none-eabi/lib/thumb/v6-m/nofp/libc.a
END GROUP
                0x20000000                        PROVIDE (RAM_ORIGIN = RAM_ORIGIN_DEFAULT)
                0x00040000                        PROVIDE (RAM_LENGTH = RAM_LENGTH_DEFAULT)
                0x20040000                        PROVIDE (SCRATCH_X_ORIGIN = SCRATCH_X_ORIGIN_DEFAULT)
                0x00001000                        PROVIDE (SCRATCH_X_LENGTH = SCRATCH_X_LENGTH_DEFAULT)
                0x20041000                        PROVIDE (SCRATCH_Y_ORIGIN = SCRATCH_Y_ORIGIN_DEFAULT)
                0x00001000                        PROVIDE (SCRATCH_Y_LENGTH = SCRATCH_Y_LENGTH_DEFAULT)
                0x15000000                        PROVIDE (XIP_RAM_ORIGIN = XIP_RAM_ORIGIN_DEFAULT)
                0x00004000                        PROVIDE (XIP_RAM_LENGTH = XIP_RAM_LENGTH_DEFAULT)
                0x20000000                        RAM_ORIGIN = DEFINED (RAM_ORIGIN)?RAM_ORIGIN:RAM_ORIGIN_DEFAULT
                0x00040000                        RAM_LENGTH = DEFINED (RAM_LENGTH)?RAM_LENGTH:RAM_LENGTH_DEFAULT
                0x20040000                        SCRATCH_X_ORIGIN = DEFINED (SCRATCH_X_ORIGIN)?SCRATCH_X_ORIGIN:SCRATCH_X_ORIGIN_DEFAULT
                0x00001000                        SCRATCH_X_LENGTH = DEFINED (SCRATCH_X_LENGTH)?SCRATCH_X_LENGTH:SCRATCH_X_LENGTH_DEFAULT
                0x20041000                        SCRATCH_Y_ORIGIN = DEFINED (SCRATCH_Y_ORIGIN)?SCRATCH_Y_ORIGIN:SCRATCH_Y_ORIGIN_DEFAULT
                0x00001000                        SCRATCH_Y_LENGTH = DEFINED (SCRATCH_Y_LENGTH)?SCRATCH_Y_LENGTH:SCRATCH_Y_LENGTH_DEFAULT
                0x15000000                        XIP_RAM_ORIGIN = DEFINED (XIP_RAM_ORIGIN)?XIP_RAM_ORIGIN:XIP_RAM_ORIGIN_DEFAULT
                0x00004000                        XIP_RAM_LENGTH = DEFINED (XIP_RAM_LENGTH)?XIP_RAM_LENGTH:XIP_RAM_LENGTH_DEFAULT

.flash_begin    0x10000000        0x0
                0x10000000                        __flash_binary_start = .

.boot2          0x10000000      0x100
                0x10000000                        __boot2_start__ = .
 *(.boot2)
 .boot2         0x10000000      0x100 pico-sdk/src/rp2040/boot_stage2/CMakeFiles/bs2_default_library.dir/bs2_default_padded_checksummed.S.o
                0x10000100                        __boot2_end__ = .
                0x00000001                        ASSERT (((__boot2_end__ - __boot2_start__) == 0x100), ERROR: Pico second stage bootloader must be exactly 256 bytes in size for RP2040)

.text           0x10000100     0x62f0
                0x10000100                        __logical_binary_start = .
 *(.vectors)
 .vectors       0x10000100       0xd4 CMakeFiles/tof_scan.dir/third_party/pico-sdk/src/rp2_common/pico_crt0/crt0.S.o
                0x10000100                __vectors
                0x10000100                __VECTOR_TABLE
                0x100001c0                isr_irq30
                0x100001c0                __unhandled_user_irq
                0x100001c0                isr_irq13
                0x100001c0                isr_irq27
                0x100001c0                isr_irq31
                0x100001c0                isr_irq5
                0x100001c0                isr_irq11
                0x100001c0                isr_irq23
                0x100001c0                isr_irq18
                0x100001c0                isr_irq28
                0x100001c0                isr_irq19
                0x100001c0                isr_irq0
                0x100001c0                isr_irq6
                0x100001c0                isr_irq22
                0x100001c0                isr_irq17
                0x100001c0                isr_irq14
                0x100001c0                __vectors_end
                0x100001c0                __default_isrs_start
                0x100001c0                isr_irq2
                0x100001c0                isr_irq10
                0x100001c0                isr_irq8
                0x100001c0                isr_irq24
                0x100001c0                isr_irq1
                0x100001c0                isr_irq7
                0x100001c0                isr_irq21
                0x100001c0                isr_irq20
                0x100001c0                isr_irq15
                0x100001c0                isr_irq25
                0x100001c0                isr_irq4
                0x100001c0                isr_irq16
                0x100001c0                isr_irq29
                0x100001c0                isr_irq26
                0x100001c0                isr_irq3
                0x100001c0                isr_irq12
                0x100001c0                isr_irq9
                0x100001c6                unhandled_user_irq_num_in_r0
                0x100001c8                isr_invalid
                0x100001ca                isr_nmi
                0x100001cc                isr_hardfault
                0x100001ce                isr_svcall
                0x100001d0                isr_pendsv
                0x100001d2                isr_systick
                0x100001d4                __default_isrs_end
 *(.binary_info_header)
 .binary_info_header
                0x100001d4       0x14 CMakeFiles/tof_scan.dir/third_party/pico-sdk/src/rp2_common/pico_crt0/crt0.S.o
                0x100001e8                        __binary_info_header_end = .
 *(.embedded_block)
                0x100001e8                        __embedded_block_end = .
 *(.reset)
 .reset         0x100001e8       0x98 CMakeFiles/tof_scan.dir/third_party/pico-sdk/src/rp2_common/pico_crt0/crt0.S.o
                0x100001e8                _entry_point
 *(.init)
 *libgcc.a:cmse_nonsecure_call.o()
 *(EXCLUDE_FILE(*libm.a: *lib*_a-mem*.o *libc.a: *libgcc.a:) .text*)
 .text.startup.main
                0x10000280      0x1e4 CMakeFiles/tof_scan.dir/src/i2c_scan.c.o
                0x10000280                main
 .text.gpio_set_function
                0x10000464       0x30 CMakeFiles/tof_scan.dir/third_party/pico-sdk/src/rp2_common/hardware_gpio/gpio.c.o
                0x10000464                gpio_set_function
 .text.gpio_set_pulls
                0x10000494       0x24 CMakeFiles/tof_scan.dir/third_party/pico-sdk/src/rp2_common/hardware_gpio/gpio.c.o
                0x10000494                gpio_set_pulls
 .text.gpio_init
                0x100004b8       0x3c CMakeFiles/tof_scan.dir/third_party/pico-sdk/src/rp2_common/hardware_gpio/gpio.c.o
                0x100004b8                gpio_init
 .text.rp2040_chip_version
                0x100004f4        0xc CMakeFiles/tof_scan.dir/third_party/pico-sdk/src/rp2040/pico_platform/platform.c.o
                0x100004f4                rp2040_chip_version
 .text.panic    0x10000500       0x30 CMakeFiles/tof_scan.dir/third_party/pico-sdk/src/rp2_common/pico_platform_panic/panic.c.o
                0x10000500                panic
 .text.hw_claim_or_assert
                0x10000530       0x50 CMakeFiles/tof_scan.dir/third_party/pico-sdk/src/common/hardware_claim/claim.c.o
                0x10000530                hw_claim_or_assert
 .text.hw_claim_unused_from_range
                0x10000580       0x88 CMakeFiles/tof_scan.dir/third_party/pico-sdk/src/common/hardware_claim/claim.c.o
                0x10000580                hw_claim_unused_from_range
 .text.next_striped_spin_lock_num
                0x10000608       0x18 CMakeFiles/tof_scan.dir/third_party/pico-sdk/src/rp2_common/hardware_sync/sync.c.o
                0x10000608                next_striped_spin_lock_num
 .text.spin_lock_claim_unused
                0x10000620       0x20 CMakeFiles/tof_scan.dir/third_party/pico-sdk/src/rp2_common/hardware_sync/sync.c.o
                0x10000620                spin_lock_claim_unused
 .text.spin_locks_reset
                0x10000640       0x1c CMakeFiles/tof_scan.dir/third_party/pico-sdk/src/rp2_common/hardware_sync_spin_lock/sync_spin_lock.c.o
                0x10000640                spin_locks_reset
 .text.runtime_init_per_core_irq_priorities
                0x1000065c       0x48 CMakeFiles/tof_scan.dir/third_party/pico-sdk/src/rp2_common/hardware_irq/irq.c.o
                0x1000065c                runtime_init_per_core_irq_priorities
 .text.irq_set_enabled
                0x100006a4       0x24 CMakeFiles/tof_scan.dir/third_party/pico-sdk/src/rp2_common/hardware_irq/irq.c.o
                0x100006a4                irq_set_enabled
 .text.irq_is_enabled
                0x100006c8       0x18 CMakeFiles/tof_scan.dir/third_party/pico-sdk/src/rp2_common/hardware_irq/irq.c.o
                0x100006c8                irq_is_enabled
 .text.irq_set_pending
                0x100006e0       0x10 CMakeFiles/tof_scan.dir/third_party/pico-sdk/src/rp2_common/hardware_irq/irq.c.o
                0x100006e0                irq_set_pending
 .text.irq_has_shared_handler
                0x100006f0       0x20 CMakeFiles/tof_scan.dir/third_party/pico-sdk/src/rp2_common/hardware_irq/irq.c.o
                0x100006f0                irq_has_shared_handler
 .text.irq_set_exclusive_handler
                0x10000710       0x54 CMakeFiles/tof_scan.dir/third_party/pico-sdk/src/rp2_common/hardware_irq/irq.c.o
                0x10000710                irq_set_exclusive_handler
 .text.irq_add_shared_handler
                0x10000764      0x1b8 CMakeFiles/tof_scan.dir/third_party/pico-sdk/src/rp2_common/hardware_irq/irq.c.o
                0x10000764                irq_add_shared_handler
 .text.irq_add_tail_to_free_list
                0x1000091c       0xcc CMakeFiles/tof_scan.dir/third_party/pico-sdk/src/rp2_common/hardware_irq/irq.c.o
                0x1000091c                irq_add_tail_to_free_list
 .text.user_irq_claim_unused
                0x100009e8       0x28 CMakeFiles/tof_scan.dir/third_party/pico-sdk/src/rp2_common/hardware_irq/irq.c.o
                0x100009e8                user_irq_claim_unused
 .text.lock_init
                0x10000a10       0x10 CMakeFiles/tof_scan.dir/third_party/pico-sdk/src/common/pico_sync/lock_core.c.o
                0x10000a10                lock_init
 .text.runtime_init_mutex
                0x10000a20       0x50 CMakeFiles/tof_scan.dir/third_party/pico-sdk/src/common/pico_sync/mutex.c.o
                0x10000a20                runtime_init_mutex
 .text.mutex_init
                0x10000a70       0x1c CMakeFiles/tof_scan.dir/third_party/pico-sdk/src/common/pico_sync/mutex.c.o
                0x10000a70                mutex_init
 .text.critical_section_init
                0x10000a8c       0x1c CMakeFiles/tof_scan.dir/third_party/pico-sdk/src/common/pico_sync/critical_section.c.o
                0x10000a8c                critical_section_init
 .text.critical_section_init_with_lock_num
                0x10000aa8       0x14 CMakeFiles/tof_scan.dir/third_party/pico-sdk/src/common/pico_sync/critical_section.c.o
                0x10000aa8                critical_section_init_with_lock_num
 .text.sleep_until_callback
                0x10000abc       0x30 CMakeFiles/tof_scan.dir/third_party/pico-sdk/src/common/pico_time/time.c.o
 .text.alarm_pool_irq_handler
                0x10000aec      0x2f4 CMakeFiles/tof_scan.dir/third_party/pico-sdk/src/common/pico_time/time.c.o
 .text.runtime_init_default_alarm_pool
                0x10000de0       0xd8 CMakeFiles/tof_scan.dir/third_party/pico-sdk/src/common/pico_time/time.c.o
                0x10000de0                runtime_init_default_alarm_pool
 .text.alarm_pool_get_default
                0x10000eb8        0x8 CMakeFiles/tof_scan.dir/third_party/pico-sdk/src/common/pico_time/time.c.o
                0x10000eb8                alarm_pool_get_default
 .text.alarm_pool_add_alarm_at
                0x10000ec0       0xcc CMakeFiles/tof_scan.dir/third_party/pico-sdk/src/common/pico_time/time.c.o
                0x10000ec0                alarm_pool_add_alarm_at
 .text.alarm_pool_add_alarm_at_force_in_context
                0x10000f8c       0xbc CMakeFiles/tof_scan.dir/third_party/pico-sdk/src/common/pico_time/time.c.o
                0x10000f8c                alarm_pool_add_alarm_at_force_in_context
 .text.alarm_pool_cancel_alarm
                0x10001048       0x74 CMakeFiles/tof_scan.dir/third_party/pico-sdk/src/common/pico_time/time.c.o
                0x10001048                alarm_pool_cancel_alarm
 .text.alarm_pool_core_num
                0x100010bc        0x4 CMakeFiles/tof_scan.dir/third_party/pico-sdk/src/common/pico_time/time.c.o
                0x100010bc                alarm_pool_core_num
 .text.sleep_ms
                0x100010c0       0xfc CMakeFiles/tof_scan.dir/third_party/pico-sdk/src/common/pico_time/time.c.o
                0x100010c0                sleep_ms
 .text.best_effort_wfe_or_timeout
                0x100011bc      0x12c CMakeFiles/tof_scan.dir/third_party/pico-sdk/src/common/pico_time/time.c.o
                0x100011bc                best_effort_wfe_or_timeout
 .text.check_single_timeout_us
                0x100012e8       0x28 CMakeFiles/tof_scan.dir/third_party/pico-sdk/src/common/pico_time/timeout_helper.c.o
 .text.init_single_timeout_until
                0x10001310        0xc CMakeFiles/tof_scan.dir/third_party/pico-sdk/src/common/pico_time/timeout_helper.c.o
                0x10001310                init_single_timeout_until
 .text.timer_hardware_alarm_claim
                0x1000131c       0x14 CMakeFiles/tof_scan.dir/third_party/pico-sdk/src/rp2_common/hardware_timer/timer.c.o
                0x1000131c                timer_hardware_alarm_claim
 .text.timer_time_us_64
                0x10001330       0x10 CMakeFiles/tof_scan.dir/third_party/pico-sdk/src/rp2_common/hardware_timer/timer.c.o
                0x10001330                timer_time_us_64
 .text.time_us_64
                0x10001340       0x14 CMakeFiles/tof_scan.dir/third_party/pico-sdk/src/rp2_common/hardware_timer/timer.c.o
                0x10001340                time_us_64
 .text.busy_wait_until
                0x10001354       0x20 CMakeFiles/tof_scan.dir/third_party/pico-sdk/src/rp2_common/hardware_timer/timer.c.o
                0x10001354                busy_wait_until
 .text.clock_configure_int_divider
                0x10001374       0xec CMakeFiles/tof_scan.dir/third_party/pico-sdk/src/rp2_common/hardware_clocks/clocks.c.o
                0x10001374                clock_configure_int_divider
 .text.clock_configure_undivided
                0x10001460       0xe0 CMakeFiles/tof_scan.dir/third_party/pico-sdk/src/rp2_common/hardware_clocks/clocks.c.o
                0x10001460                clock_configure_undivided
 .text.clock_get_hz
                0x10001540        0xc CMakeFiles/tof_scan.dir/third_party/pico-sdk/src/rp2_common/hardware_clocks/clocks.c.o
                0x10001540                clock_get_hz
 .text.pll_init
                0x1000154c       0xb0 CMakeFiles/tof_scan.dir/third_party/pico-sdk/src/rp2_common/hardware_pll/pll.c.o
                0x1000154c                pll_init
 .text.watchdog_reboot
                0x100015fc       0x9c CMakeFiles/tof_scan.dir/third_party/pico-sdk/src/rp2_common/hardware_watchdog/watchdog.c.o
                0x100015fc                watchdog_reboot
 .text.tick_start
                0x10001698       0x10 CMakeFiles/tof_scan.dir/third_party/pico-sdk/src/rp2_common/hardware_ticks/ticks.c.o
                0x10001698                tick_start
 .text.rom_func_lookup
                0x100016a8       0x10 CMakeFiles/tof_scan.dir/third_party/pico-sdk/src/rp2_common/pico_bootrom/bootrom.c.o
                0x100016a8                rom_func_lookup
 .text.rom_data_lookup
                0x100016b8       0x10 CMakeFiles/tof_scan.dir/third_party/pico-sdk/src/rp2_common/pico_bootrom/bootrom.c.o
                0x100016b8                rom_data_lookup
 .text.rom_funcs_lookup
                0x100016c8       0x44 CMakeFiles/tof_scan.dir/third_party/pico-sdk/src/rp2_common/pico_bootrom/bootrom.c.o
                0x100016c8                rom_funcs_lookup
 .text.rom_reset_usb_boot_extra
                0x1000170c       0x24 CMakeFiles/tof_scan.dir/third_party/pico-sdk/src/rp2_common/pico_bootrom/bootrom.c.o
                0x1000170c                rom_reset_usb_boot_extra
 .text.xosc_init
                0x10001730       0x28 CMakeFiles/tof_scan.dir/third_party/pico-sdk/src/rp2_common/hardware_xosc/xosc.c.o
                0x10001730                xosc_init
 .text.first_per_core_initializer
                0x10001758        0x4 CMakeFiles/tof_scan.dir/third_party/pico-sdk/src/rp2_common/pico_runtime/runtime.c.o
 .text.hard_assertion_failure
                0x1000175c        0xc CMakeFiles/tof_scan.dir/third_party/pico-sdk/src/rp2_common/pico_runtime/runtime.c.o
                0x1000175c                hard_assertion_failure
 .text.runtime_run_initializers
                0x10001768       0x28 CMakeFiles/tof_scan.dir/third_party/pico-sdk/src/rp2_common/pico_runtime/runtime.c.o
                0x10001768                runtime_run_initializers
 .text.runtime_init_early_resets
                0x10001790       0x2c CMakeFiles/tof_scan.dir/third_party/pico-sdk/src/rp2_common/pico_runtime_init/runtime_init.c.o
                0x10001790                runtime_init_early_resets
 .text.runtime_init_usb_power_down
                0x100017bc       0x1c CMakeFiles/tof_scan.dir/third_party/pico-sdk/src/rp2_common/pico_runtime_init/runtime_init.c.o
                0x100017bc                runtime_init_usb_power_down
 .text.runtime_init_post_clock_resets
                0x100017d8       0x20 CMakeFiles/tof_scan.dir/third_party/pico-sdk/src/rp2_common/pico_runtime_init/runtime_init.c.o
                0x100017d8                runtime_init_post_clock_resets
 .text.runtime_init_rp2040_gpio_ie_disable
                0x100017f8       0x14 CMakeFiles/tof_scan.dir/third_party/pico-sdk/src/rp2_common/pico_runtime_init/runtime_init.c.o
                0x100017f8                runtime_init_rp2040_gpio_ie_disable
 .text.runtime_init_spin_locks_reset
                0x1000180c        0x8 CMakeFiles/tof_scan.dir/third_party/pico-sdk/src/rp2_common/pico_runtime_init/runtime_init.c.o
                0x1000180c                runtime_init_spin_locks_reset
 .text.runtime_init_install_ram_vector_table
                0x10001814       0xb4 CMakeFiles/tof_scan.dir/third_party/pico-sdk/src/rp2_common/pico_runtime_init/runtime_init.c.o
                0x10001814                runtime_init_install_ram_vector_table
 .text.runtime_init_clocks
                0x100018c8       0xd8 CMakeFiles/tof_scan.dir/third_party/pico-sdk/src/rp2_common/pico_runtime_init/runtime_init_clocks.c.o
                0x100018c8                runtime_init_clocks
 .text          0x100019a0       0x10 CMakeFiles/tof_scan.dir/third_party/pico-sdk/src/rp2_common/pico_bit_ops/bit_ops_aeabi.S.o
 .text.__wrap___aeabi_idiv
                0x100019b0       0x50 CMakeFiles/tof_scan.dir/third_party/pico-sdk/src/rp2_common/pico_divider/divider_hardware.S.o
                0x100019b0                __wrap___aeabi_idivmod
                0x100019b0                divmod_s32s32
                0x100019b0                div_s32s32
                0x100019b0                __wrap___aeabi_idiv
                0x100019e4                divmod_s32s32_savestate
 .text.__wrap___aeabi_uidiv
                0x10001a00       0x4c CMakeFiles/tof_scan.dir/third_party/pico-sdk/src/rp2_common/pico_divider/divider_hardware.S.o
                0x10001a00                __wrap___aeabi_uidiv
                0x10001a00                __wrap___aeabi_uidivmod
                0x10001a00                div_u32u32
                0x10001a00                divmod_u32u32
                0x10001a30                divmod_u32u32_savestate
 .text.__wrap___aeabi_ldiv
                0x10001a4c      0x424 CMakeFiles/tof_scan.dir/third_party/pico-sdk/src/rp2_common/pico_divider/divider_hardware.S.o
                0x10001a4c                div_s64s64
                0x10001a4c                divmod_s64s64
                0x10001a4c                __wrap___aeabi_ldivmod
                0x10001a7c                div_u64u64
                0x10001a7c                divmod_u64u64
                0x10001a7c                __wrap___aeabi_uldivmod
                0x10001a8c                divmod_u64u64_savestate
                0x10001aac                divmod_s64s64_unsafe
                0x10001b34                divmod_u64u64_unsafe
 .text.__wrap___aeabi_darithmetic
                0x10001e70       0x60 CMakeFiles/tof_scan.dir/third_party/pico-sdk/src/rp2_common/pico_double/double_aeabi_rp2040.S.o
                0x10001e70                __wrap___aeabi_drsub
                0x10001e76                __wrap___aeabi_dsub
                0x10001e80                __wrap___aeabi_dadd
                0x10001e8a                __wrap___aeabi_ddiv
                0x10001ebe                __wrap___aeabi_dmul
 .text.__wrap___aeabi_cdcmple
                0x10001ed0       0x6c CMakeFiles/tof_scan.dir/third_party/pico-sdk/src/rp2_common/pico_double/double_aeabi_rp2040.S.o
                0x10001ed0                __wrap___aeabi_cdrcmple
                0x10001ee0                __wrap___aeabi_cdcmple
                0x10001ee0                __wrap___aeabi_cdcmpeq
 .text.__wrap___aeabi_dcmplt
                0x10001f3c        0xc CMakeFiles/tof_scan.dir/third_party/pico-sdk/src/rp2_common/pico_double/double_aeabi_rp2040.S.o
                0x10001f3c                __wrap___aeabi_dcmplt
 .text.__wrap___aeabi_dcmple
                0x10001f48       0x10 CMakeFiles/tof_scan.dir/third_party/pico-sdk/src/rp2_common/pico_double/double_aeabi_rp2040.S.o
                0x10001f48                __wrap___aeabi_dcmple
 .text.__wrap___aeabi_dcmpge
                0x10001f58       0x10 CMakeFiles/tof_scan.dir/third_party/pico-sdk/src/rp2_common/pico_double/double_aeabi_rp2040.S.o
                0x10001f58                __wrap___aeabi_dcmpge
 .text.__wrap___aeabi_dcmpgt
                0x10001f68        0xa CMakeFiles/tof_scan.dir/third_party/pico-sdk/src/rp2_common/pico_double/double_aeabi_rp2040.S.o
                0x10001f68                __wrap___aeabi_dcmpgt
 .text.__wrap___aeabi_dcmpun
                0x10001f72       0x18 CMakeFiles/tof_scan.dir/third_party/pico-sdk/src/rp2_common/pico_double/double_aeabi_rp2040.S.o
                0x10001f72                __wrap___aeabi_dcmpun
 *fill*         0x10001f8a        0x2 
 .text.__wrap___aeabi_i2d
                0x10001f8c       0x38 CMakeFiles/tof_scan.dir/third_party/pico-sdk/src/rp2_common/pico_double/double_aeabi_rp2040.S.o
                0x10001f8c                __wrap___aeabi_ui2d
                0x10001f8c                uint2double
                0x10001f94                __wrap___aeabi_i2d
                0x10001f94                int2double
 .text.__wrap___aeabi_d2iz
                0x10001fc4       0x48 CMakeFiles/tof_scan.dir/third_party/pico-sdk/src/rp2_common/pico_double/double_aeabi_rp2040.S.o
                0x10001fc4                __wrap___aeabi_d2iz
                0x10001fc4                double2int_z
 .text.__wrap___aeabi_d2uiz
                0x1000200c       0x10 CMakeFiles/tof_scan.dir/third_party/pico-sdk/src/rp2_common/pico_double/double_aeabi_rp2040.S.o
                0x1000200c                double2uint_z
                0x1000200c                double2uint
                0x1000200c                __wrap___aeabi_d2uiz
 .text.missing_double_func_shim
                0x1000201c        0xc CMakeFiles/tof_scan.dir/third_party/pico-sdk/src/rp2_common/pico_double/double_init_rom_rp2040.c.o
 .text.__aeabi_double_init
                0x10002028       0xa0 CMakeFiles/tof_scan.dir/third_party/pico-sdk/src/rp2_common/pico_double/double_init_rom_rp2040.c.o
                0x10002028                __aeabi_double_init
 .text.double_table_shim_on_use_helper
                0x100020c8       0x2c CMakeFiles/tof_scan.dir/third_party/pico-sdk/src/rp2_common/pico_double/double_v1_rom_shim_rp2040.S.o
                0x100020c8                double_table_shim_on_use_helper
 .text.__aeabi_lmul
                0x100020f4       0x32 CMakeFiles/tof_scan.dir/third_party/pico-sdk/src/rp2_common/pico_int64_ops/pico_int64_ops_aeabi.S.o
                0x100020f4                __wrap___aeabi_lmul
 *fill*         0x10002126        0x2 
 .text.missing_float_func_shim
                0x10002128        0xc CMakeFiles/tof_scan.dir/third_party/pico-sdk/src/rp2_common/pico_float/float_init_rom_rp2040.c.o
 .text.__aeabi_float_init
                0x10002134       0x60 CMakeFiles/tof_scan.dir/third_party/pico-sdk/src/rp2_common/pico_float/float_init_rom_rp2040.c.o
                0x10002134                __aeabi_float_init
 .text          0x10002194       0x10 CMakeFiles/tof_scan.dir/third_party/pico-sdk/src/rp2_common/pico_mem_ops/mem_ops_aeabi.S.o
                0x10002194                __aeabi_mem_init
 .text.memset   0x100021a4        0xc CMakeFiles/tof_scan.dir/third_party/pico-sdk/src/rp2_common/pico_mem_ops/mem_ops_aeabi.S.o
                0x100021a4                __wrap_memset
 .text.memcpy   0x100021b0        0xc CMakeFiles/tof_scan.dir/third_party/pico-sdk/src/rp2_common/pico_mem_ops/mem_ops_aeabi.S.o
                0x100021b0                __wrap___aeabi_memcpy
                0x100021b0                __wrap_memcpy
 .text._out_null
                0x100021bc        0x4 CMakeFiles/tof_scan.dir/third_party/pico-sdk/src/rp2_common/pico_printf/printf.c.o
 .text._out_rev
                0x100021c0       0xa8 CMakeFiles/tof_scan.dir/third_party/pico-sdk/src/rp2_common/pico_printf/printf.c.o
 .text._ntoa_format
                0x10002268      0x1d8 CMakeFiles/tof_scan.dir/third_party/pico-sdk/src/rp2_common/pico_printf/printf.c.o
 .text._out_char
                0x10002440       0x10 CMakeFiles/tof_scan.dir/third_party/pico-sdk/src/rp2_common/pico_printf/printf.c.o
 .text._out_fct
                0x10002450       0x10 CMakeFiles/tof_scan.dir/third_party/pico-sdk/src/rp2_common/pico_printf/printf.c.o
 .text._ftoa    0x10002460      0x474 CMakeFiles/tof_scan.dir/third_party/pico-sdk/src/rp2_common/pico_printf/printf.c.o
 .text._etoa    0x100028d4      0x560 CMakeFiles/tof_scan.dir/third_party/pico-sdk/src/rp2_common/pico_printf/printf.c.o
 .text._vsnprintf
                0x10002e34      0xab8 CMakeFiles/tof_scan.dir/third_party/pico-sdk/src/rp2_common/pico_printf/printf.c.o
 .text.vfctprintf
                0x100038ec       0x20 CMakeFiles/tof_scan.dir/third_party/pico-sdk/src/rp2_common/pico_printf/printf.c.o
                0x100038ec                vfctprintf
 .text.weak_raw_vprintf
                0x1000390c       0x30 CMakeFiles/tof_scan.dir/third_party/pico-sdk/src/rp2_common/pico_printf/printf.c.o
                0x1000390c                weak_raw_vprintf
 .text._exit    0x1000393c        0x4 CMakeFiles/tof_scan.dir/third_party/pico-sdk/src/rp2_common/pico_clib_interface/newlib_interface.c.o
                0x1000393c                _exit
 .text._fini    0x10003940        0x4 CMakeFiles/tof_scan.dir/third_party/pico-sdk/src/rp2_common/pico_clib_interface/newlib_interface.c.o
                0x10003940                _fini
 .text.exit     0x10003944        0x8 CMakeFiles/tof_scan.dir/third_party/pico-sdk/src/rp2_common/pico_clib_interface/newlib_interface.c.o
                0x10003944                exit
 .text.runtime_init
                0x1000394c       0x2c CMakeFiles/tof_scan.dir/third_party/pico-sdk/src/rp2_common/pico_clib_interface/newlib_interface.c.o
                0x1000394c                runtime_init
 .text.stdio_out_chars_no_crlf
                0x10003978       0x10 CMakeFiles/tof_scan.dir/third_party/pico-sdk/src/rp2_common/pico_stdio/stdio.c.o
 .text.stdio_out_chars_crlf
                0x10003988       0x90 CMakeFiles/tof_scan.dir/third_party/pico-sdk/src/rp2_common/pico_stdio/stdio.c.o
 .text.stdio_buffered_printer
                0x10003a18       0x58 CMakeFiles/tof_scan.dir/third_party/pico-sdk/src/rp2_common/pico_stdio/stdio.c.o
 .text.stdio_put_string
                0x10003a70       0xf4 CMakeFiles/tof_scan.dir/third_party/pico-sdk/src/rp2_common/pico_stdio/stdio.c.o
                0x10003a70                stdio_put_string
 .text.stdio_set_driver_enabled
                0x10003b64       0x30 CMakeFiles/tof_scan.dir/third_party/pico-sdk/src/rp2_common/pico_stdio/stdio.c.o
                0x10003b64                stdio_set_driver_enabled
 .text.stdio_init_all
                0x10003b94        0x8 CMakeFiles/tof_scan.dir/third_party/pico-sdk/src/rp2_common/pico_stdio/stdio.c.o
                0x10003b94                stdio_init_all
 .text.__wrap_putchar
                0x10003b9c       0x94 CMakeFiles/tof_scan.dir/third_party/pico-sdk/src/rp2_common/pico_stdio/stdio.c.o
                0x10003b9c                stdio_putchar
                0x10003b9c                __wrap_putchar
 .text.__wrap_puts
                0x10003c30       0x3c CMakeFiles/tof_scan.dir/third_party/pico-sdk/src/rp2_common/pico_stdio/stdio.c.o
                0x10003c30                __wrap_puts
                0x10003c30                stdio_puts
 .text.__wrap_vprintf
                0x10003c6c       0xc8 CMakeFiles/tof_scan.dir/third_party/pico-sdk/src/rp2_common/pico_stdio/stdio.c.o
                0x10003c6c                __wrap_vprintf
                0x10003c6c                stdio_vprintf
 .text.__wrap_printf
                0x10003d34       0x18 CMakeFiles/tof_scan.dir/third_party/pico-sdk/src/rp2_common/pico_stdio/stdio.c.o
                0x10003d34                stdio_printf
                0x10003d34                __wrap_printf
 .text.stdio_usb_set_chars_available_callback
                0x10003d4c       0x14 CMakeFiles/tof_scan.dir/third_party/pico-sdk/src/rp2_common/pico_stdio_usb/stdio_usb.c.o
                0x10003d4c                stdio_usb_set_chars_available_callback
 .text.usb_irq  0x10003d60       0x10 CMakeFiles/tof_scan.dir/third_party/pico-sdk/src/rp2_common/pico_stdio_usb/stdio_usb.c.o
 .text.timer_task
                0x10003d70       0x64 CMakeFiles/tof_scan.dir/third_party/pico-sdk/src/rp2_common/pico_stdio_usb/stdio_usb.c.o
 .text.stdio_usb_in_chars
                0x10003dd4       0x8c CMakeFiles/tof_scan.dir/third_party/pico-sdk/src/rp2_common/pico_stdio_usb/stdio_usb.c.o
                0x10003dd4                stdio_usb_in_chars
 .text.stdio_usb_out_flush
                0x10003e60       0x4c CMakeFiles/tof_scan.dir/third_party/pico-sdk/src/rp2_common/pico_stdio_usb/stdio_usb.c.o
 .text.stdio_usb_out_chars
                0x10003eac       0xf8 CMakeFiles/tof_scan.dir/third_party/pico-sdk/src/rp2_common/pico_stdio_usb/stdio_usb.c.o
 .text.low_priority_worker_irq
                0x10003fa4       0xc4 CMakeFiles/tof_scan.dir/third_party/pico-sdk/src/rp2_common/pico_stdio_usb/stdio_usb.c.o
 .text.stdio_usb_init
                0x10004068       0xe4 CMakeFiles/tof_scan.dir/third_party/pico-sdk/src/rp2_common/pico_stdio_usb/stdio_usb.c.o
                0x10004068                stdio_usb_init
 .text.tud_descriptor_device_cb
                0x1000414c        0x8 CMakeFiles/tof_scan.dir/third_party/pico-sdk/src/rp2_common/pico_stdio_usb/stdio_usb_descriptors.c.o
                0x1000414c                tud_descriptor_device_cb
 .text.tud_descriptor_configuration_cb
                0x10004154        0x8 CMakeFiles/tof_scan.dir/third_party/pico-sdk/src/rp2_common/pico_stdio_usb/stdio_usb_descriptors.c.o
                0x10004154                tud_descriptor_configuration_cb
 .text.tud_descriptor_string_cb
                0x1000415c       0x70 CMakeFiles/tof_scan.dir/third_party/pico-sdk/src/rp2_common/pico_stdio_usb/stdio_usb_descriptors.c.o
                0x1000415c                tud_descriptor_string_cb
 .text.startup._retrieve_unique_id_on_boot
                0x100041cc       0x10 CMakeFiles/tof_scan.dir/third_party/pico-sdk/src/rp2_common/pico_unique_id/unique_id.c.o
 .text.pico_get_unique_board_id_string
                0x100041dc      0x1e0 CMakeFiles/tof_scan.dir/third_party/pico-sdk/src/rp2_common/pico_unique_id/unique_id.c.o
                0x100041dc                pico_get_unique_board_id_string
 .text.flash_get_unique_id
                0x100043bc       0x3c CMakeFiles/tof_scan.dir/third_party/pico-sdk/src/rp2_common/hardware_flash/flash.c.o
                0x100043bc                flash_get_unique_id
 .text.usb_reset_interface_init
                0x100043f8        0x4 CMakeFiles/tof_scan.dir/third_party/pico-sdk/src/rp2_common/pico_usb_reset/usb_reset.c.o
                0x100043f8                usb_reset_interface_init
 .text.usb_reset_interface_reset
                0x100043fc        0xc CMakeFiles/tof_scan.dir/third_party/pico-sdk/src/rp2_common/pico_usb_reset/usb_reset.c.o
                0x100043fc                usb_reset_interface_reset
 .text.usb_reset_interface_open
                0x10004408       0x28 CMakeFiles/tof_scan.dir/third_party/pico-sdk/src/rp2_common/pico_usb_reset/usb_reset.c.o
                0x10004408                usb_reset_interface_open
 .text.usb_reset_interface_xfer_cb
                0x10004430        0x4 CMakeFiles/tof_scan.dir/third_party/pico-sdk/src/rp2_common/pico_usb_reset/usb_reset.c.o
                0x10004430                usb_reset_interface_xfer_cb
 .text.usb_reset_interface_control_xfer_cb
                0x10004434       0x60 CMakeFiles/tof_scan.dir/third_party/pico-sdk/src/rp2_common/pico_usb_reset/usb_reset.c.o
                0x10004434                usb_reset_interface_control_xfer_cb
 .text.tud_descriptor_bos_cb
                0x10004494        0x8 CMakeFiles/tof_scan.dir/third_party/pico-sdk/src/rp2_common/pico_usb_reset/usb_reset.c.o
                0x10004494                tud_descriptor_bos_cb
 .text.tud_vendor_control_xfer_cb
                0x1000449c       0x38 CMakeFiles/tof_scan.dir/third_party/pico-sdk/src/rp2_common/pico_usb_reset/usb_reset.c.o
                0x1000449c                tud_vendor_control_xfer_cb
 .text.usbd_app_driver_get_cb
                0x100044d4        0xc CMakeFiles/tof_scan.dir/third_party/pico-sdk/src/rp2_common/pico_usb_reset/usb_reset.c.o
                0x100044d4                usbd_app_driver_get_cb
 .text.tud_cdc_line_coding_cb
                0x100044e0       0x2c CMakeFiles/tof_scan.dir/third_party/pico-sdk/src/rp2_common/pico_usb_reset/usb_reset.c.o
                0x100044e0                tud_cdc_line_coding_cb
 .text.dcd_init
                0x1000450c       0x90 CMakeFiles/tof_scan.dir/third_party/pico-sdk/lib/tinyusb/src/portable/raspberrypi/rp2040/dcd_rp2040.c.o
                0x1000450c                dcd_init
 .text.dcd_int_enable
                0x1000459c        0xc CMakeFiles/tof_scan.dir/third_party/pico-sdk/lib/tinyusb/src/portable/raspberrypi/rp2040/dcd_rp2040.c.o
                0x1000459c                dcd_int_enable
 .text.dcd_set_address
                0x100045a8       0x14 CMakeFiles/tof_scan.dir/third_party/pico-sdk/lib/tinyusb/src/portable/raspberrypi/rp2040/dcd_rp2040.c.o
                0x100045a8                dcd_set_address
 .text.dcd_sof_enable
                0x100045bc       0x1c CMakeFiles/tof_scan.dir/third_party/pico-sdk/lib/tinyusb/src/portable/raspberrypi/rp2040/dcd_rp2040.c.o
                0x100045bc                dcd_sof_enable
 .text.dcd_edpt0_status_complete
                0x100045d8       0x1c CMakeFiles/tof_scan.dir/third_party/pico-sdk/lib/tinyusb/src/portable/raspberrypi/rp2040/dcd_rp2040.c.o
                0x100045d8                dcd_edpt0_status_complete
 .text.dcd_edpt_open
                0x100045f4       0xfc CMakeFiles/tof_scan.dir/third_party/pico-sdk/lib/tinyusb/src/portable/raspberrypi/rp2040/dcd_rp2040.c.o
                0x100045f4                dcd_edpt_open
 .text.dcd_edpt_close_all
                0x100046f0        0x8 CMakeFiles/tof_scan.dir/third_party/pico-sdk/lib/tinyusb/src/portable/raspberrypi/rp2040/dcd_rp2040.c.o
                0x100046f0                dcd_edpt_close_all
 .text.dcd_edpt_xfer
                0x100046f8       0x24 CMakeFiles/tof_scan.dir/third_party/pico-sdk/lib/tinyusb/src/portable/raspberrypi/rp2040/dcd_rp2040.c.o
                0x100046f8                dcd_edpt_xfer
 .text.dcd_edpt_stall
                0x1000471c       0x3c CMakeFiles/tof_scan.dir/third_party/pico-sdk/lib/tinyusb/src/portable/raspberrypi/rp2040/dcd_rp2040.c.o
                0x1000471c                dcd_edpt_stall
 .text.dcd_edpt_clear_stall
                0x10004758       0x30 CMakeFiles/tof_scan.dir/third_party/pico-sdk/lib/tinyusb/src/portable/raspberrypi/rp2040/dcd_rp2040.c.o
                0x10004758                dcd_edpt_clear_stall
 .text.rp2040_usb_init
                0x10004788       0x40 CMakeFiles/tof_scan.dir/third_party/pico-sdk/lib/tinyusb/src/portable/raspberrypi/rp2040/rp2040_usb.c.o
                0x10004788                rp2040_usb_init
 .text.hw_endpoint_xfer_start
                0x100047c8       0x40 CMakeFiles/tof_scan.dir/third_party/pico-sdk/lib/tinyusb/src/portable/raspberrypi/rp2040/rp2040_usb.c.o
                0x100047c8                hw_endpoint_xfer_start
 .text.tud_event_hook_cb
                0x10004808        0x4 CMakeFiles/tof_scan.dir/third_party/pico-sdk/lib/tinyusb/src/device/usbd.c.o
                0x10004808                tud_event_hook_cb
 .text.tud_sof_cb
                0x1000480c        0x4 CMakeFiles/tof_scan.dir/third_party/pico-sdk/lib/tinyusb/src/device/usbd.c.o
                0x1000480c                tud_sof_cb
 .text.tud_descriptor_device_qualifier_cb
                0x10004810        0x4 CMakeFiles/tof_scan.dir/third_party/pico-sdk/lib/tinyusb/src/device/usbd.c.o
                0x10004810                tud_descriptor_device_qualifier_cb
 .text.tud_descriptor_other_speed_configuration_cb
                0x10004814        0x4 CMakeFiles/tof_scan.dir/third_party/pico-sdk/lib/tinyusb/src/device/usbd.c.o
                0x10004814                tud_descriptor_other_speed_configuration_cb
 .text.tud_mount_cb
                0x10004818        0x4 CMakeFiles/tof_scan.dir/third_party/pico-sdk/lib/tinyusb/src/device/usbd.c.o
                0x10004818                tud_mount_cb
 .text.tud_umount_cb
                0x1000481c        0x4 CMakeFiles/tof_scan.dir/third_party/pico-sdk/lib/tinyusb/src/device/usbd.c.o
                0x1000481c                tud_umount_cb
 .text.tud_suspend_cb
                0x10004820        0x4 CMakeFiles/tof_scan.dir/third_party/pico-sdk/lib/tinyusb/src/device/usbd.c.o
                0x10004820                tud_suspend_cb
 .text.tud_resume_cb
                0x10004824        0x4 CMakeFiles/tof_scan.dir/third_party/pico-sdk/lib/tinyusb/src/device/usbd.c.o
                0x10004824                tud_resume_cb
 .text.tud_mounted
                0x10004828       0x10 CMakeFiles/tof_scan.dir/third_party/pico-sdk/lib/tinyusb/src/device/usbd.c.o
                0x10004828                tud_mounted
 .text.tud_suspended
                0x10004838       0x10 CMakeFiles/tof_scan.dir/third_party/pico-sdk/lib/tinyusb/src/device/usbd.c.o
                0x10004838                tud_suspended
 .text.tud_rhport_init
                0x10004848       0xe8 CMakeFiles/tof_scan.dir/third_party/pico-sdk/lib/tinyusb/src/device/usbd.c.o
                0x10004848                tud_rhport_init
 .text.tud_task_ext
                0x10004930      0x7d8 CMakeFiles/tof_scan.dir/third_party/pico-sdk/lib/tinyusb/src/device/usbd.c.o
                0x10004930                tud_task_ext
 .text.usbd_open_edpt_pair
                0x10005108       0x98 CMakeFiles/tof_scan.dir/third_party/pico-sdk/lib/tinyusb/src/device/usbd.c.o
                0x10005108                usbd_open_edpt_pair
 .text.usbd_edpt_open
                0x100051a0       0x34 CMakeFiles/tof_scan.dir/third_party/pico-sdk/lib/tinyusb/src/device/usbd.c.o
                0x100051a0                usbd_edpt_open
 .text.usbd_edpt_claim
                0x100051d4       0x28 CMakeFiles/tof_scan.dir/third_party/pico-sdk/lib/tinyusb/src/device/usbd.c.o
                0x100051d4                usbd_edpt_claim
 .text.usbd_edpt_release
                0x100051fc       0x28 CMakeFiles/tof_scan.dir/third_party/pico-sdk/lib/tinyusb/src/device/usbd.c.o
                0x100051fc                usbd_edpt_release
 .text.usbd_edpt_xfer
                0x10005224       0x50 CMakeFiles/tof_scan.dir/third_party/pico-sdk/lib/tinyusb/src/device/usbd.c.o
                0x10005224                usbd_edpt_xfer
 .text.tud_control_status
                0x10005274       0x2c CMakeFiles/tof_scan.dir/third_party/pico-sdk/lib/tinyusb/src/device/usbd_control.c.o
                0x10005274                tud_control_status
 .text.tud_control_xfer
                0x100052a0       0xa0 CMakeFiles/tof_scan.dir/third_party/pico-sdk/lib/tinyusb/src/device/usbd_control.c.o
                0x100052a0                tud_control_xfer
 .text.usbd_control_reset
                0x10005340       0x14 CMakeFiles/tof_scan.dir/third_party/pico-sdk/lib/tinyusb/src/device/usbd_control.c.o
                0x10005340                usbd_control_reset
 .text.usbd_control_set_complete_callback
                0x10005354        0xc CMakeFiles/tof_scan.dir/third_party/pico-sdk/lib/tinyusb/src/device/usbd_control.c.o
                0x10005354                usbd_control_set_complete_callback
 .text.usbd_control_set_request
                0x10005360       0x1c CMakeFiles/tof_scan.dir/third_party/pico-sdk/lib/tinyusb/src/device/usbd_control.c.o
                0x10005360                usbd_control_set_request
 .text.usbd_control_xfer_cb
                0x1000537c       0xe8 CMakeFiles/tof_scan.dir/third_party/pico-sdk/lib/tinyusb/src/device/usbd_control.c.o
                0x1000537c                usbd_control_xfer_cb
 .text._prep_out_transaction.isra.0
                0x10005464       0x6c CMakeFiles/tof_scan.dir/third_party/pico-sdk/lib/tinyusb/src/class/cdc/cdc_device.c.o
 .text.tud_cdc_n_connected
                0x100054d0       0x2c CMakeFiles/tof_scan.dir/third_party/pico-sdk/lib/tinyusb/src/class/cdc/cdc_device.c.o
                0x100054d0                tud_cdc_n_connected
 .text.tud_cdc_n_available
                0x100054fc       0x14 CMakeFiles/tof_scan.dir/third_party/pico-sdk/lib/tinyusb/src/class/cdc/cdc_device.c.o
                0x100054fc                tud_cdc_n_available
 .text.tud_cdc_n_read
                0x10005510       0x88 CMakeFiles/tof_scan.dir/third_party/pico-sdk/lib/tinyusb/src/class/cdc/cdc_device.c.o
                0x10005510                tud_cdc_n_read
 .text.tud_cdc_n_write_flush
                0x10005598       0x78 CMakeFiles/tof_scan.dir/third_party/pico-sdk/lib/tinyusb/src/class/cdc/cdc_device.c.o
                0x10005598                tud_cdc_n_write_flush
 .text.tud_cdc_n_write
                0x10005610       0x40 CMakeFiles/tof_scan.dir/third_party/pico-sdk/lib/tinyusb/src/class/cdc/cdc_device.c.o
                0x10005610                tud_cdc_n_write
 .text.tud_cdc_n_write_available
                0x10005650       0x14 CMakeFiles/tof_scan.dir/third_party/pico-sdk/lib/tinyusb/src/class/cdc/cdc_device.c.o
                0x10005650                tud_cdc_n_write_available
 .text.cdcd_init
                0x10005664       0x70 CMakeFiles/tof_scan.dir/third_party/pico-sdk/lib/tinyusb/src/class/cdc/cdc_device.c.o
                0x10005664                cdcd_init
 .text.cdcd_deinit
                0x100056d4       0x30 CMakeFiles/tof_scan.dir/third_party/pico-sdk/lib/tinyusb/src/class/cdc/cdc_device.c.o
                0x100056d4                cdcd_deinit
 .text.cdcd_reset
                0x10005704       0x48 CMakeFiles/tof_scan.dir/third_party/pico-sdk/lib/tinyusb/src/class/cdc/cdc_device.c.o
                0x10005704                cdcd_reset
 .text.cdcd_open
                0x1000574c       0xa8 CMakeFiles/tof_scan.dir/third_party/pico-sdk/lib/tinyusb/src/class/cdc/cdc_device.c.o
                0x1000574c                cdcd_open
 .text.cdcd_control_xfer_cb
                0x100057f4       0xf0 CMakeFiles/tof_scan.dir/third_party/pico-sdk/lib/tinyusb/src/class/cdc/cdc_device.c.o
                0x100057f4                cdcd_control_xfer_cb
 .text.cdcd_xfer_cb
                0x100058e4       0xf8 CMakeFiles/tof_scan.dir/third_party/pico-sdk/lib/tinyusb/src/class/cdc/cdc_device.c.o
                0x100058e4                cdcd_xfer_cb
 .text.tusb_rhport_init
                0x100059dc       0x4c CMakeFiles/tof_scan.dir/third_party/pico-sdk/lib/tinyusb/src/tusb.c.o
                0x100059dc                tusb_rhport_init
 .text.tu_edpt_claim
                0x10005a28       0x50 CMakeFiles/tof_scan.dir/third_party/pico-sdk/lib/tinyusb/src/tusb.c.o
                0x10005a28                tu_edpt_claim
 .text.tu_edpt_release
                0x10005a78       0x38 CMakeFiles/tof_scan.dir/third_party/pico-sdk/lib/tinyusb/src/tusb.c.o
                0x10005a78                tu_edpt_release
 .text.tu_edpt_validate
                0x10005ab0       0x74 CMakeFiles/tof_scan.dir/third_party/pico-sdk/lib/tinyusb/src/tusb.c.o
                0x10005ab0                tu_edpt_validate
 .text.tu_edpt_bind_driver
                0x10005b24       0x34 CMakeFiles/tof_scan.dir/third_party/pico-sdk/lib/tinyusb/src/tusb.c.o
                0x10005b24                tu_edpt_bind_driver
 .text.tu_fifo_config
                0x10005b58       0x6c CMakeFiles/tof_scan.dir/third_party/pico-sdk/lib/tinyusb/src/common/tusb_fifo.c.o
                0x10005b58                tu_fifo_config
 .text.tu_fifo_count
                0x10005bc4       0x2c CMakeFiles/tof_scan.dir/third_party/pico-sdk/lib/tinyusb/src/common/tusb_fifo.c.o
                0x10005bc4                tu_fifo_count
 .text.tu_fifo_empty
                0x10005bf0       0x10 CMakeFiles/tof_scan.dir/third_party/pico-sdk/lib/tinyusb/src/common/tusb_fifo.c.o
                0x10005bf0                tu_fifo_empty
 .text.tu_fifo_remaining
                0x10005c00       0x2c CMakeFiles/tof_scan.dir/third_party/pico-sdk/lib/tinyusb/src/common/tusb_fifo.c.o
                0x10005c00                tu_fifo_remaining
 .text.tu_fifo_read
                0x10005c2c       0x9c CMakeFiles/tof_scan.dir/third_party/pico-sdk/lib/tinyusb/src/common/tusb_fifo.c.o
                0x10005c2c                tu_fifo_read
 .text.tu_fifo_read_n
                0x10005cc8       0xec CMakeFiles/tof_scan.dir/third_party/pico-sdk/lib/tinyusb/src/common/tusb_fifo.c.o
                0x10005cc8                tu_fifo_read_n
 .text.tu_fifo_write
                0x10005db4       0xa4 CMakeFiles/tof_scan.dir/third_party/pico-sdk/lib/tinyusb/src/common/tusb_fifo.c.o
                0x10005db4                tu_fifo_write
 .text.tu_fifo_write_n
                0x10005e58      0x168 CMakeFiles/tof_scan.dir/third_party/pico-sdk/lib/tinyusb/src/common/tusb_fifo.c.o
                0x10005e58                tu_fifo_write_n
 .text.tu_fifo_clear
                0x10005fc0       0x40 CMakeFiles/tof_scan.dir/third_party/pico-sdk/lib/tinyusb/src/common/tusb_fifo.c.o
                0x10005fc0                tu_fifo_clear
 .text.tu_fifo_set_overwritable
                0x10006000       0x48 CMakeFiles/tof_scan.dir/third_party/pico-sdk/lib/tinyusb/src/common/tusb_fifo.c.o
                0x10006000                tu_fifo_set_overwritable
 .text.i2c_read_blocking_internal
                0x10006048      0x100 CMakeFiles/tof_scan.dir/third_party/pico-sdk/src/rp2_common/hardware_i2c/i2c.c.o
 .text.i2c_set_baudrate
                0x10006148       0xb4 CMakeFiles/tof_scan.dir/third_party/pico-sdk/src/rp2_common/hardware_i2c/i2c.c.o
                0x10006148                i2c_set_baudrate
 .text.i2c_init
                0x100061fc       0x54 CMakeFiles/tof_scan.dir/third_party/pico-sdk/src/rp2_common/hardware_i2c/i2c.c.o
                0x100061fc                i2c_init
 .text.i2c_read_blocking_until
                0x10006250       0x40 CMakeFiles/tof_scan.dir/third_party/pico-sdk/src/rp2_common/hardware_i2c/i2c.c.o
                0x10006250                i2c_read_blocking_until
 .text.strlen   0x10006290       0x5c /usr/lib/gcc/arm-none-eabi/15.1.0/../../../../arm-none-eabi/lib/thumb/v6-m/nofp/libg.a(libc_a-strlen-stub.o)
                0x10006290                strlen
 *fill*         0x100062ec        0x4 
 .text.strlen.__stub
                0x100062f0       0xc0 linker stubs
 *(.fini)
 *crtbegin.o(.ctors)
 *crtbegin?.o(.ctors)
 *(EXCLUDE_FILE(*crtend.o *crtend?.o) .ctors)
 *(SORT_BY_NAME(.ctors.*))
 *(.ctors)
 *crtbegin.o(.dtors)
 *crtbegin?.o(.dtors)
 *(EXCLUDE_FILE(*crtend.o *crtend?.o) .dtors)
 *(SORT_BY_NAME(.dtors.*))
 *(.dtors)
                0x100063b0                        . = ALIGN (0x4)
                [!provide]                        PROVIDE (__bothinit_array_start = .)
                0x100063b0                        PROVIDE (__preinit_array_start = .)
 *(SORT_BY_NAME(.preinit_array.*))
 .preinit_array.00100
                0x100063b0        0x4 CMakeFiles/tof_scan.dir/third_party/pico-sdk/src/rp2_common/pico_runtime_init/runtime_init.c.o
                0x100063b0                __pre_init_runtime_init_early_resets
 .preinit_array.00101
                0x100063b4        0x4 CMakeFiles/tof_scan.dir/third_party/pico-sdk/src/rp2_common/pico_runtime_init/runtime_init.c.o
                0x100063b4                __pre_init_runtime_init_usb_power_down
 .preinit_array.00275
                0x100063b8        0x4 CMakeFiles/tof_scan.dir/third_party/pico-sdk/src/rp2_common/pico_bit_ops/bit_ops_aeabi.S.o
 .preinit_array.00300
                0x100063bc        0x4 CMakeFiles/tof_scan.dir/third_party/pico-sdk/src/rp2_common/pico_mem_ops/mem_ops_aeabi.S.o
 .preinit_array.00350
                0x100063c0        0x4 CMakeFiles/tof_scan.dir/third_party/pico-sdk/src/rp2_common/pico_double/double_aeabi_rp2040.S.o
 .preinit_array.00350
                0x100063c4        0x4 CMakeFiles/tof_scan.dir/third_party/pico-sdk/src/rp2_common/pico_float/float_aeabi_rp2040.S.o
 .preinit_array.00500
                0x100063c8        0x4 CMakeFiles/tof_scan.dir/third_party/pico-sdk/src/rp2_common/pico_runtime_init/runtime_init.c.o
                0x100063c8                __pre_init_runtime_init_clocks
 .preinit_array.00600
                0x100063cc        0x4 CMakeFiles/tof_scan.dir/third_party/pico-sdk/src/rp2_common/pico_runtime_init/runtime_init.c.o
                0x100063cc                __pre_init_runtime_init_post_clock_resets
 .preinit_array.00700
                0x100063d0        0x4 CMakeFiles/tof_scan.dir/third_party/pico-sdk/src/rp2_common/pico_runtime_init/runtime_init.c.o
                0x100063d0                __pre_init_runtime_init_rp2040_gpio_ie_disable
 .preinit_array.01000
                0x100063d4        0x4 CMakeFiles/tof_scan.dir/third_party/pico-sdk/src/rp2_common/pico_runtime_init/runtime_init.c.o
                0x100063d4                __pre_init_runtime_init_spin_locks_reset
 .preinit_array.01100
                0x100063d8        0x4 CMakeFiles/tof_scan.dir/third_party/pico-sdk/src/common/pico_sync/mutex.c.o
                0x100063d8                __pre_init_runtime_init_mutex
 .preinit_array.10080
                0x100063dc        0x4 CMakeFiles/tof_scan.dir/third_party/pico-sdk/src/rp2_common/pico_runtime_init/runtime_init.c.o
                0x100063dc                __pre_init_runtime_init_install_ram_vector_table
 .preinit_array.11000
                0x100063e0        0x4 CMakeFiles/tof_scan.dir/third_party/pico-sdk/src/common/pico_time/time.c.o
                0x100063e0                __pre_init_runtime_init_default_alarm_pool
 .preinit_array.YYYYY
                0x100063e4        0x4 CMakeFiles/tof_scan.dir/third_party/pico-sdk/src/rp2_common/pico_runtime/runtime.c.o
                0x100063e4                __pre_init_first_per_core_initializer
 .preinit_array.ZZZZZ.01200
                0x100063e8        0x4 CMakeFiles/tof_scan.dir/third_party/pico-sdk/src/rp2_common/hardware_irq/irq.c.o
                0x100063e8                __pre_init_runtime_init_per_core_irq_priorities
 *(.preinit_array)
                0x100063ec                        PROVIDE (__preinit_array_end = .)
                0x100063ec                        . = ALIGN (0x4)
                0x100063ec                        PROVIDE (__init_array_start = .)
 *(SORT_BY_NAME(.init_array.*))
 .init_array.01000
                0x100063ec        0x4 CMakeFiles/tof_scan.dir/third_party/pico-sdk/src/rp2_common/pico_unique_id/unique_id.c.o
 *(.init_array)
                0x100063f0                        PROVIDE (__init_array_end = .)
                [!provide]                        PROVIDE (__bothinit_array_end = .)
                0x100063f0                        . = ALIGN (0x4)
                [!provide]                        PROVIDE (__fini_array_start = .)
 *(SORT_BY_NAME(.fini_array.*))
 *(.fini_array)
                [!provide]                        PROVIDE (__fini_array_end = .)
                [!provide]                        PROVIDE (__dso_handle = 0x0)
 *(.eh_frame*)
                0x100063f0                        . = ALIGN (0x4)

.glue_7         0x100063f0        0x0
 .glue_7        0x100063f0        0x0 linker stubs

.glue_7t        0x100063f0        0x0
 .glue_7t       0x100063f0        0x0 linker stubs

.vfp11_veneer   0x100063f0        0x0
 .vfp11_veneer  0x100063f0        0x0 linker stubs

.v4_bx          0x100063f0        0x0
 .v4_bx         0x100063f0        0x0 linker stubs

.iplt           0x100063f0        0x0
 .iplt          0x100063f0        0x0 CMakeFiles/tof_scan.dir/src/i2c_scan.c.o

.rodata         0x100063f0      0x72c
 *(EXCLUDE_FILE(*libm.a: *lib*_a-mem*.o *libc.a: *libgcc.a:) .rodata*)
 .rodata.main.str1.4
                0x100063f0      0x2a8 CMakeFiles/tof_scan.dir/src/i2c_scan.c.o
                                0x114 (size before relaxing)
 .rodata.panic.str1.4
                0x10006698        0x0 CMakeFiles/tof_scan.dir/third_party/pico-sdk/src/rp2_common/pico_platform_panic/panic.c.o
                                 0x11 (size before relaxing)
 .rodata.spin_lock_claim_unused.str1.4
                0x10006698        0x0 CMakeFiles/tof_scan.dir/third_party/pico-sdk/src/rp2_common/hardware_sync/sync.c.o
                                 0x1b (size before relaxing)
 .rodata.user_irq_claim_unused.str1.4
                0x10006698        0x0 CMakeFiles/tof_scan.dir/third_party/pico-sdk/src/rp2_common/hardware_irq/irq.c.o
                                 0x1b (size before relaxing)
 .rodata.timer_hardware_alarm_claim.str1.4
                0x10006698        0x0 CMakeFiles/tof_scan.dir/third_party/pico-sdk/src/rp2_common/hardware_timer/timer.c.o
                                 0x22 (size before relaxing)
 .rodata.hard_assertion_failure.str1.4
                0x10006698        0x0 CMakeFiles/tof_scan.dir/third_party/pico-sdk/src/rp2_common/pico_runtime/runtime.c.o
                                  0xc (size before relaxing)
 .rodata.missing_double_func_shim.str1.4
                0x10006698        0x0 CMakeFiles/tof_scan.dir/third_party/pico-sdk/src/rp2_common/pico_double/double_init_rom_rp2040.c.o
                                 0x18 (size before relaxing)
 .rodata.missing_float_func_shim.str1.4
                0x10006698        0x0 CMakeFiles/tof_scan.dir/third_party/pico-sdk/src/rp2_common/pico_float/float_init_rom_rp2040.c.o
                                  0x1 (size before relaxing)
 .rodata.str1.4
                0x10006698        0x0 CMakeFiles/tof_scan.dir/third_party/pico-sdk/src/rp2_common/pico_standard_binary_info/standard_binary_info.c.o
                                 0x50 (size before relaxing)
 .rodata.__bi_84
                0x10006698        0xc CMakeFiles/tof_scan.dir/third_party/pico-sdk/src/rp2_common/pico_standard_binary_info/standard_binary_info.c.o
 .rodata.__bi_78
                0x100066a4        0xc CMakeFiles/tof_scan.dir/third_party/pico-sdk/src/rp2_common/pico_standard_binary_info/standard_binary_info.c.o
 .rodata.__bi_54
                0x100066b0        0xc CMakeFiles/tof_scan.dir/third_party/pico-sdk/src/rp2_common/pico_standard_binary_info/standard_binary_info.c.o
 .rodata.__bi_48
                0x100066bc        0xc CMakeFiles/tof_scan.dir/third_party/pico-sdk/src/rp2_common/pico_standard_binary_info/standard_binary_info.c.o
 .rodata.__bi_42
                0x100066c8        0xc CMakeFiles/tof_scan.dir/third_party/pico-sdk/src/rp2_common/pico_standard_binary_info/standard_binary_info.c.o
 .rodata.__bi_34
                0x100066d4        0xc CMakeFiles/tof_scan.dir/third_party/pico-sdk/src/rp2_common/pico_standard_binary_info/standard_binary_info.c.o
 .rodata.__bi_26
                0x100066e0        0xc CMakeFiles/tof_scan.dir/third_party/pico-sdk/src/rp2_common/pico_standard_binary_info/standard_binary_info.c.o
 .rodata._ftoa.str1.4
                0x100066ec        0x0 CMakeFiles/tof_scan.dir/third_party/pico-sdk/src/rp2_common/pico_printf/printf.c.o
                                 0x15 (size before relaxing)
 .rodata._vsnprintf
                0x100066ec      0x19c CMakeFiles/tof_scan.dir/third_party/pico-sdk/src/rp2_common/pico_printf/printf.c.o
 .rodata.pow10.0
                0x10006888       0x50 CMakeFiles/tof_scan.dir/third_party/pico-sdk/src/rp2_common/pico_printf/printf.c.o
 .rodata.crlf_str.0
                0x100068d8        0x2 CMakeFiles/tof_scan.dir/third_party/pico-sdk/src/rp2_common/pico_stdio/stdio.c.o
 .rodata.str1.4
                0x100068da        0x0 CMakeFiles/tof_scan.dir/third_party/pico-sdk/src/rp2_common/pico_stdio_usb/stdio_usb.c.o
                                 0x13 (size before relaxing)
 *fill*         0x100068da        0x2 
 .rodata.__bi_204.0
                0x100068dc        0xc CMakeFiles/tof_scan.dir/third_party/pico-sdk/src/rp2_common/pico_stdio_usb/stdio_usb.c.o
 .rodata.str1.4
                0x100068e8        0x0 CMakeFiles/tof_scan.dir/third_party/pico-sdk/src/rp2_common/pico_stdio_usb/stdio_usb_descriptors.c.o
                                 0x2a (size before relaxing)
 .rodata.usbd_desc_str
                0x100068e8       0x18 CMakeFiles/tof_scan.dir/third_party/pico-sdk/src/rp2_common/pico_stdio_usb/stdio_usb_descriptors.c.o
 .rodata.usbd_desc_cfg
                0x10006900       0x54 CMakeFiles/tof_scan.dir/third_party/pico-sdk/src/rp2_common/pico_stdio_usb/stdio_usb_descriptors.c.o
 .rodata.usbd_desc_device
                0x10006954       0x12 CMakeFiles/tof_scan.dir/third_party/pico-sdk/src/rp2_common/pico_stdio_usb/stdio_usb_descriptors.c.o
 *fill*         0x10006966        0x2 
 .rodata.desc_ms_os_20
                0x10006968       0xa6 CMakeFiles/tof_scan.dir/third_party/pico-sdk/src/rp2_common/pico_usb_reset/usb_reset.c.o
 *fill*         0x10006a0e        0x2 
 .rodata.desc_bos
                0x10006a10       0x21 CMakeFiles/tof_scan.dir/third_party/pico-sdk/src/rp2_common/pico_usb_reset/usb_reset.c.o
                0x10006a10                desc_bos
 *fill*         0x10006a31        0x3 
 .rodata.usb_reset_interface_driver
                0x10006a34       0x20 CMakeFiles/tof_scan.dir/third_party/pico-sdk/src/rp2_common/pico_usb_reset/usb_reset.c.o
 .rodata.str1.4
                0x10006a54        0x0 CMakeFiles/tof_scan.dir/third_party/pico-sdk/lib/tinyusb/src/portable/raspberrypi/rp2040/dcd_rp2040.c.o
                                 0x14 (size before relaxing)
 .rodata.str1.4
                0x10006a54        0x0 CMakeFiles/tof_scan.dir/third_party/pico-sdk/lib/tinyusb/src/portable/raspberrypi/rp2040/rp2040_usb.c.o
                                 0x48 (size before relaxing)
 .rodata.tud_task_ext
                0x10006a54       0x8c CMakeFiles/tof_scan.dir/third_party/pico-sdk/lib/tinyusb/src/device/usbd.c.o
 .rodata        0x10006ae0       0x1c CMakeFiles/tof_scan.dir/third_party/pico-sdk/lib/tinyusb/src/device/usbd.c.o
 .rodata._usbd_driver
                0x10006afc       0x20 CMakeFiles/tof_scan.dir/third_party/pico-sdk/lib/tinyusb/src/device/usbd.c.o
 *(.srodata*)
                0x10006b1c                        . = ALIGN (0x4)
 *(SORT_BY_ALIGNMENT(SORT_BY_NAME(.flashdata*)))
                0x10006b1c                        . = ALIGN (0x4)

.ARM.extab
 *(.ARM.extab* .gnu.linkonce.armextab.*)
                0x10006b1c                        __exidx_start = .

.ARM.exidx
 *(.ARM.exidx* .gnu.linkonce.armexidx.*)
                0x10006b1c                        __exidx_end = .
                0x10006b1c                        . = ALIGN (0x4)
                0x10006b1c                        __binary_info_start = .

.binary_info    0x10006b1c       0x20
 *(.binary_info.keep.*)
 .binary_info.keep.__bi_ptr84
                0x10006b1c        0x4 CMakeFiles/tof_scan.dir/third_party/pico-sdk/src/rp2_common/pico_standard_binary_info/standard_binary_info.c.o
 .binary_info.keep.__bi_ptr78
                0x10006b20        0x4 CMakeFiles/tof_scan.dir/third_party/pico-sdk/src/rp2_common/pico_standard_binary_info/standard_binary_info.c.o
 .binary_info.keep.__bi_ptr54
                0x10006b24        0x4 CMakeFiles/tof_scan.dir/third_party/pico-sdk/src/rp2_common/pico_standard_binary_info/standard_binary_info.c.o
 .binary_info.keep.__bi_ptr48
                0x10006b28        0x4 CMakeFiles/tof_scan.dir/third_party/pico-sdk/src/rp2_common/pico_standard_binary_info/standard_binary_info.c.o
 .binary_info.keep.__bi_ptr42
                0x10006b2c        0x4 CMakeFiles/tof_scan.dir/third_party/pico-sdk/src/rp2_common/pico_standard_binary_info/standard_binary_info.c.o
 .binary_info.keep.__bi_ptr34
                0x10006b30        0x4 CMakeFiles/tof_scan.dir/third_party/pico-sdk/src/rp2_common/pico_standard_binary_info/standard_binary_info.c.o
 .binary_info.keep.__bi_ptr26
                0x10006b34        0x4 CMakeFiles/tof_scan.dir/third_party/pico-sdk/src/rp2_common/pico_standard_binary_info/standard_binary_info.c.o
 *(.binary_info.*)
 .binary_info.__bi_ptr204
                0x10006b38        0x4 CMakeFiles/tof_scan.dir/third_party/pico-sdk/src/rp2_common/pico_stdio_usb/stdio_usb.c.o
                0x10006b3c                        __binary_info_end = .
                0x10006b3c                        . = ALIGN (0x4)

.xip_ram        0x15000000        0x0 load address 0x10006b3c
                0x15000000                        __xip_ram_start__ = .
                0x15000000                        . = ALIGN (0x4)
 *(.xip_ram*)
                0x15000000                        . = ALIGN (0x4)
                0x15000000                        __xip_ram_end__ = .
                0x10006b3c                        __xip_ram_source__ = LOADADDR (.xip_ram)

.ram_vector_table
                0x20000000       0xc0
 *(.ram_vector_table)
 .ram_vector_table
                0x20000000       0xc0 CMakeFiles/tof_scan.dir/third_party/pico-sdk/src/rp2_common/pico_runtime_init/runtime_init.c.o
                0x20000000                ram_vector_table

.uninitialized_data
                0x200000c0        0x0
                0x200000c0                        . = ALIGN (0x4)
 *(.uninitialized_data*)

.data           0x200000c0      0xf80 load address 0x10006b3c
                0x200000c0                        __data_start__ = .
 *(vtable)
 *(.time_critical*)
 .time_critical.mutex_try_enter
                0x200000c0       0x40 CMakeFiles/tof_scan.dir/third_party/pico-sdk/src/common/pico_sync/mutex.c.o
                0x200000c0                mutex_try_enter
 .time_critical.mutex_enter_block_until
                0x20000100       0x64 CMakeFiles/tof_scan.dir/third_party/pico-sdk/src/common/pico_sync/mutex.c.o
                0x20000100                mutex_enter_block_until
 .time_critical.mutex_try_enter_block_until
                0x20000164       0x34 CMakeFiles/tof_scan.dir/third_party/pico-sdk/src/common/pico_sync/mutex.c.o
                0x20000164                mutex_try_enter_block_until
 .time_critical.mutex_enter_timeout_ms
                0x20000198       0x3c CMakeFiles/tof_scan.dir/third_party/pico-sdk/src/common/pico_sync/mutex.c.o
                0x20000198                mutex_enter_timeout_ms
 .time_critical.mutex_exit
                0x200001d4       0x28 CMakeFiles/tof_scan.dir/third_party/pico-sdk/src/common/pico_sync/mutex.c.o
                0x200001d4                mutex_exit
 .time_critical.flash_init_boot2_copyout
                0x200001fc       0x30 CMakeFiles/tof_scan.dir/third_party/pico-sdk/src/rp2_common/hardware_flash/flash.c.o
 .time_critical.flash_enable_xip_via_boot2
                0x2000022c        0xc CMakeFiles/tof_scan.dir/third_party/pico-sdk/src/rp2_common/hardware_flash/flash.c.o
 .time_critical.flash_save_hardware_state
                0x20000238       0x28 CMakeFiles/tof_scan.dir/third_party/pico-sdk/src/rp2_common/hardware_flash/flash.c.o
 .time_critical.flash_restore_hardware_state
                0x20000260       0x28 CMakeFiles/tof_scan.dir/third_party/pico-sdk/src/rp2_common/hardware_flash/flash.c.o
 .time_critical.flash_do_cmd_cs
                0x20000288      0x148 CMakeFiles/tof_scan.dir/third_party/pico-sdk/src/rp2_common/hardware_flash/flash.c.o
                0x20000288                flash_do_cmd_cs
 .time_critical.reset_non_control_endpoints
                0x200003d0       0x68 CMakeFiles/tof_scan.dir/third_party/pico-sdk/lib/tinyusb/src/portable/raspberrypi/rp2040/dcd_rp2040.c.o
 .time_critical.hw_handle_buff_status
                0x20000438       0x88 CMakeFiles/tof_scan.dir/third_party/pico-sdk/lib/tinyusb/src/portable/raspberrypi/rp2040/dcd_rp2040.c.o
 .time_critical.dcd_rp2040_irq
                0x200004c0      0x53c CMakeFiles/tof_scan.dir/third_party/pico-sdk/lib/tinyusb/src/portable/raspberrypi/rp2040/dcd_rp2040.c.o
 .time_critical.prepare_ep_buffer
                0x200009fc       0xc4 CMakeFiles/tof_scan.dir/third_party/pico-sdk/lib/tinyusb/src/portable/raspberrypi/rp2040/rp2040_usb.c.o
 .time_critical.sync_ep_buffer
                0x20000ac0       0xa0 CMakeFiles/tof_scan.dir/third_party/pico-sdk/lib/tinyusb/src/portable/raspberrypi/rp2040/rp2040_usb.c.o
 .time_critical._hw_endpoint_xfer_sync
                0x20000b60       0x28 CMakeFiles/tof_scan.dir/third_party/pico-sdk/lib/tinyusb/src/portable/raspberrypi/rp2040/rp2040_usb.c.o
 .time_critical.e15_is_bulkin_ep
                0x20000b88       0x28 CMakeFiles/tof_scan.dir/third_party/pico-sdk/lib/tinyusb/src/portable/raspberrypi/rp2040/rp2040_usb.c.o
 .time_critical.e15_is_critical_frame_period
                0x20000bb0       0x30 CMakeFiles/tof_scan.dir/third_party/pico-sdk/lib/tinyusb/src/portable/raspberrypi/rp2040/rp2040_usb.c.o
 .time_critical.hw_endpoint_reset_transfer
                0x20000be0        0xc CMakeFiles/tof_scan.dir/third_party/pico-sdk/lib/tinyusb/src/portable/raspberrypi/rp2040/rp2040_usb.c.o
                0x20000be0                hw_endpoint_reset_transfer
 .time_critical._hw_endpoint_buffer_control_update32
                0x20000bec       0x50 CMakeFiles/tof_scan.dir/third_party/pico-sdk/lib/tinyusb/src/portable/raspberrypi/rp2040/rp2040_usb.c.o
                0x20000bec                _hw_endpoint_buffer_control_update32
 .time_critical.hw_endpoint_start_next_buffer
                0x20000c3c       0x68 CMakeFiles/tof_scan.dir/third_party/pico-sdk/lib/tinyusb/src/portable/raspberrypi/rp2040/rp2040_usb.c.o
                0x20000c3c                hw_endpoint_start_next_buffer
 .time_critical.hw_endpoint_xfer_continue
                0x20000ca4       0x40 CMakeFiles/tof_scan.dir/third_party/pico-sdk/lib/tinyusb/src/portable/raspberrypi/rp2040/rp2040_usb.c.o
                0x20000ca4                hw_endpoint_xfer_continue
 .time_critical.tinyusb
                0x20000ce4      0x1d4 CMakeFiles/tof_scan.dir/third_party/pico-sdk/lib/tinyusb/src/device/usbd.c.o
                0x20000ce4                dcd_event_handler
 *(.text*)
 .text          0x20000eb8        0x4 /usr/lib/gcc/arm-none-eabi/15.1.0/thumb/v6-m/nofp/libgcc.a(_dvmd_tls.o)
                0x20000eb8                __aeabi_ldiv0
                0x20000eb8                __aeabi_idiv0
 *fill*         0x20000ebc        0x4 
 .text.__stub   0x20000ec0       0x80 linker stubs
                0x20000f40                        . = ALIGN (0x4)
 *(.rodata*)
                0x20000f40                        . = ALIGN (0x4)
                0x20000f40                        PROVIDE (__emutls_array_start = .)
 *(.*.__emutls_v.*)
                0x20000f40                        PROVIDE (__emutls_array_end = .)
                0x20000f40                        . = ALIGN (0x4)
 *(.data*)
 .data.striped_spin_lock_num
                0x20000f40        0x1 CMakeFiles/tof_scan.dir/third_party/pico-sdk/src/rp2_common/hardware_sync/sync.c.o
 *fill*         0x20000f41        0x3 
 .data          0x20000f44       0x60 CMakeFiles/tof_scan.dir/third_party/pico-sdk/src/rp2_common/hardware_irq/irq_handler_chain.S.o
                0x20000f44                irq_handler_chain_slots
                0x20000f8c                irq_handler_chain_first_slot
                0x20000f96                irq_handler_chain_remove_tail
 *fill*         0x20000fa4        0x4 
 .data.last_added.0
                0x20000fa8        0x8 CMakeFiles/tof_scan.dir/third_party/pico-sdk/src/common/pico_time/time.c.o
 .data.default_alarm_pool
                0x20000fb0       0x18 CMakeFiles/tof_scan.dir/third_party/pico-sdk/src/common/pico_time/time.c.o
 *fill*         0x20000fc8        0x8 
 .data.aeabi_bits_funcs
                0x20000fd0       0x10 CMakeFiles/tof_scan.dir/third_party/pico-sdk/src/rp2_common/pico_bit_ops/bit_ops_aeabi.S.o
                0x20000fd0                aeabi_bits_funcs
                0x20000fe0                aeabi_bits_funcs_end
 .data.aeabi_mem_funcs
                0x20000fe0       0x10 CMakeFiles/tof_scan.dir/third_party/pico-sdk/src/rp2_common/pico_mem_ops/mem_ops_aeabi.S.o
                0x20000fe0                aeabi_mem_funcs
                0x20000ff0                aeabi_mem_funcs_end
 .data.stdio_usb
                0x20000ff0       0x18 CMakeFiles/tof_scan.dir/third_party/pico-sdk/src/rp2_common/pico_stdio_usb/stdio_usb.c.o
                0x20000ff0                stdio_usb
 .data._usbd_qdef
                0x20001008       0x1c CMakeFiles/tof_scan.dir/third_party/pico-sdk/lib/tinyusb/src/device/usbd.c.o
                0x20001008                _usbd_qdef
 .data._usbd_rhport
                0x20001024        0x1 CMakeFiles/tof_scan.dir/third_party/pico-sdk/lib/tinyusb/src/device/usbd.c.o
 *fill*         0x20001025        0x3 
 .data.i2c1_inst
                0x20001028        0x8 CMakeFiles/tof_scan.dir/third_party/pico-sdk/src/rp2_common/hardware_i2c/i2c.c.o
                0x20001028                i2c1_inst
 .data.i2c0_inst
                0x20001030        0x8 CMakeFiles/tof_scan.dir/third_party/pico-sdk/src/rp2_common/hardware_i2c/i2c.c.o
                0x20001030                i2c0_inst
 *(.sdata*)
                0x20001038                        . = ALIGN (0x4)
 *(.after_data.*)
                0x20001038                        . = ALIGN (0x4)
                0x20001038                        PROVIDE (__mutex_array_start = .)
 *(SORT_BY_NAME(.mutex_array.*))
 *(.mutex_array)
 .mutex_array   0x20001038        0x8 CMakeFiles/tof_scan.dir/third_party/pico-sdk/src/rp2_common/pico_stdio/stdio.c.o
                0x20001040                        PROVIDE (__mutex_array_end = .)
 *(.jcr)
                0x20001040                        . = ALIGN (0x4)

.igot.plt       0x20001040        0x0 load address 0x10007abc
 .igot.plt      0x20001040        0x0 CMakeFiles/tof_scan.dir/src/i2c_scan.c.o

.tdata          0x20001040        0x0 load address 0x10007abc
                0x20001040                        . = ALIGN (0x4)
 *(.tdata .tdata.* .gnu.linkonce.td.*)
                0x20001040                        __tdata_end = .
                0x20001040                        PROVIDE (__data_end__ = .)
                0x10006b3c                        __etext = LOADADDR (.data)
                0x20001040                        . = ALIGN (0x4)

.tbss           0x20001040        0x0 load address 0x10007abc
                0x20001040                        __bss_start__ = .
                0x20001040                        __tls_base = .
 *(.tbss .tbss.* .gnu.linkonce.tb.*)
 *(.tcommon)
                0x20001040                        . = ALIGN (0x4)
                0x20001040                        __tls_end = .

.tbss_space     0x20001040        0x0 load address 0x10007abc
                0x20001040                        . = (__bss_start__ + SIZEOF (.tbss))

.bss            0x20001040      0xc18 load address 0x10007abc
                0x20001040                        . = ALIGN (0x4)
                0x20001040                        __tbss_end = .
 *(SORT_BY_ALIGNMENT(SORT_BY_NAME(.bss*)))
 .bss._cdcd_itf
                0x20001040       0xc8 CMakeFiles/tof_scan.dir/third_party/pico-sdk/lib/tinyusb/src/class/cdc/cdc_device.c.o
 .bss.default_alarm_pool_entries
                0x20001108      0x180 CMakeFiles/tof_scan.dir/third_party/pico-sdk/src/common/pico_time/time.c.o
 .bss.last_avail_time.1
                0x20001288        0x8 CMakeFiles/tof_scan.dir/third_party/pico-sdk/src/rp2_common/pico_stdio_usb/stdio_usb.c.o
 .bss.sd_table  0x20001290      0x100 CMakeFiles/tof_scan.dir/third_party/pico-sdk/src/rp2_common/pico_double/double_init_rom_rp2040.c.o
                0x20001290                sd_table
 .bss._app_driver
                0x20001390        0x4 CMakeFiles/tof_scan.dir/third_party/pico-sdk/lib/tinyusb/src/device/usbd.c.o
 .bss._cdcd_epbuf
                0x20001394       0x80 CMakeFiles/tof_scan.dir/third_party/pico-sdk/lib/tinyusb/src/class/cdc/cdc_device.c.o
 .bss._cdcd_fifo_cfg
                0x20001414        0x1 CMakeFiles/tof_scan.dir/third_party/pico-sdk/lib/tinyusb/src/class/cdc/cdc_device.c.o
 *fill*         0x20001415        0x3 
 .bss._ctrl_epbuf
                0x20001418       0x40 CMakeFiles/tof_scan.dir/third_party/pico-sdk/lib/tinyusb/src/device/usbd_control.c.o
 .bss._ctrl_xfer
                0x20001458       0x14 CMakeFiles/tof_scan.dir/third_party/pico-sdk/lib/tinyusb/src/device/usbd_control.c.o
 .bss._tusb_rhport_role
                0x2000146c        0x2 CMakeFiles/tof_scan.dir/third_party/pico-sdk/lib/tinyusb/src/tusb.c.o
                0x2000146c                _tusb_rhport_role
 *fill*         0x2000146e        0x2 
 .bss._ubsd_mutexdef
                0x20001470        0x8 CMakeFiles/tof_scan.dir/third_party/pico-sdk/lib/tinyusb/src/device/usbd.c.o
 .bss._usbd_dev
                0x20001478       0x54 CMakeFiles/tof_scan.dir/third_party/pico-sdk/lib/tinyusb/src/device/usbd.c.o
 .bss._usbd_mutex
                0x200014cc        0x4 CMakeFiles/tof_scan.dir/third_party/pico-sdk/lib/tinyusb/src/device/usbd.c.o
 .bss._usbd_q   0x200014d0        0x4 CMakeFiles/tof_scan.dir/third_party/pico-sdk/lib/tinyusb/src/device/usbd.c.o
 .bss._usbd_qdef_buf
                0x200014d4       0xc0 CMakeFiles/tof_scan.dir/third_party/pico-sdk/lib/tinyusb/src/device/usbd.c.o
                0x200014d4                _usbd_qdef_buf
 .bss.boot2_copyout
                0x20001594      0x100 CMakeFiles/tof_scan.dir/third_party/pico-sdk/src/rp2_common/hardware_flash/flash.c.o
 .bss.chars_available_callback
                0x20001694        0x4 CMakeFiles/tof_scan.dir/third_party/pico-sdk/src/rp2_common/pico_stdio_usb/stdio_usb.c.o
 .bss.chars_available_param
                0x20001698        0x4 CMakeFiles/tof_scan.dir/third_party/pico-sdk/src/rp2_common/pico_stdio_usb/stdio_usb.c.o
 .bss.claimed   0x2000169c        0x4 CMakeFiles/tof_scan.dir/third_party/pico-sdk/src/rp2_common/hardware_sync/sync.c.o
 .bss.claimed   0x200016a0        0x1 CMakeFiles/tof_scan.dir/third_party/pico-sdk/src/rp2_common/hardware_timer/timer.c.o
 *fill*         0x200016a1        0x3 
 .bss.configured_freq
                0x200016a4       0x28 CMakeFiles/tof_scan.dir/third_party/pico-sdk/src/rp2_common/hardware_clocks/clocks.c.o
 .bss.desc_str.0
                0x200016cc       0x28 CMakeFiles/tof_scan.dir/third_party/pico-sdk/src/rp2_common/pico_stdio_usb/stdio_usb_descriptors.c.o
 .bss.drivers   0x200016f4        0x4 CMakeFiles/tof_scan.dir/third_party/pico-sdk/src/rp2_common/pico_stdio/stdio.c.o
 .bss.e15_last_sof
                0x200016f8        0x4 CMakeFiles/tof_scan.dir/third_party/pico-sdk/lib/tinyusb/src/portable/raspberrypi/rp2040/rp2040_usb.c.o
                0x200016f8                e15_last_sof
 .bss.filter    0x200016fc        0x4 CMakeFiles/tof_scan.dir/third_party/pico-sdk/src/rp2_common/pico_stdio/stdio.c.o
 .bss.hw_endpoints
                0x20001700      0x400 CMakeFiles/tof_scan.dir/third_party/pico-sdk/lib/tinyusb/src/portable/raspberrypi/rp2040/dcd_rp2040.c.o
 .bss.lazy_vsnprintf
                0x20001b00        0x4 CMakeFiles/tof_scan.dir/third_party/pico-sdk/src/rp2_common/pico_printf/printf.c.o
 .bss.load_value
                0x20001b04        0x4 CMakeFiles/tof_scan.dir/third_party/pico-sdk/src/rp2_common/hardware_watchdog/watchdog.c.o
 .bss.next_buffer_ptr
                0x20001b08        0x4 CMakeFiles/tof_scan.dir/third_party/pico-sdk/lib/tinyusb/src/portable/raspberrypi/rp2040/dcd_rp2040.c.o
 .bss.one_shot_timer_crit_sec
                0x20001b0c        0x8 CMakeFiles/tof_scan.dir/third_party/pico-sdk/src/rp2_common/pico_stdio_usb/stdio_usb.c.o
 .bss.pools     0x20001b14       0x10 CMakeFiles/tof_scan.dir/third_party/pico-sdk/src/common/pico_time/time.c.o
 .bss.retrieved_id
                0x20001b24        0x8 CMakeFiles/tof_scan.dir/third_party/pico-sdk/src/rp2_common/pico_unique_id/unique_id.c.o
 .bss.sf_clz_func
                0x20001b2c        0x4 CMakeFiles/tof_scan.dir/third_party/pico-sdk/src/rp2_common/pico_double/double_init_rom_rp2040.c.o
                0x20001b2c                sf_clz_func
 .bss.sf_table  0x20001b30      0x100 CMakeFiles/tof_scan.dir/third_party/pico-sdk/src/rp2_common/pico_float/float_init_rom_rp2040.c.o
                0x20001b30                sf_table
 .bss.sleep_notifier
                0x20001c30        0x4 CMakeFiles/tof_scan.dir/third_party/pico-sdk/src/common/pico_time/time.c.o
 .bss.stdio_usb_mutex
                0x20001c34        0x8 CMakeFiles/tof_scan.dir/third_party/pico-sdk/src/rp2_common/pico_stdio_usb/stdio_usb.c.o
 .bss.usbd_serial_str
                0x20001c3c       0x11 CMakeFiles/tof_scan.dir/third_party/pico-sdk/src/rp2_common/pico_stdio_usb/stdio_usb_descriptors.c.o
 .bss._app_driver_count
                0x20001c4d        0x1 CMakeFiles/tof_scan.dir/third_party/pico-sdk/lib/tinyusb/src/device/usbd.c.o
 .bss._sof_enable
                0x20001c4e        0x1 CMakeFiles/tof_scan.dir/third_party/pico-sdk/lib/tinyusb/src/portable/raspberrypi/rp2040/dcd_rp2040.c.o
 .bss._usbd_queued_setup
                0x20001c4f        0x1 CMakeFiles/tof_scan.dir/third_party/pico-sdk/lib/tinyusb/src/device/usbd.c.o
 .bss.boot2_copyout_valid
                0x20001c50        0x1 CMakeFiles/tof_scan.dir/third_party/pico-sdk/src/rp2_common/hardware_flash/flash.c.o
 .bss.irq_handler_chain_free_slot_head
                0x20001c51        0x1 CMakeFiles/tof_scan.dir/third_party/pico-sdk/src/rp2_common/hardware_irq/irq.c.o
 .bss.itf_num   0x20001c52        0x1 CMakeFiles/tof_scan.dir/third_party/pico-sdk/src/rp2_common/pico_usb_reset/usb_reset.c.o
 .bss.low_priority_irq_num
                0x20001c53        0x1 CMakeFiles/tof_scan.dir/third_party/pico-sdk/src/rp2_common/pico_stdio_usb/stdio_usb.c.o
 .bss.one_shot_timer_pending
                0x20001c54        0x1 CMakeFiles/tof_scan.dir/third_party/pico-sdk/src/rp2_common/pico_stdio_usb/stdio_usb.c.o
 .bss.user_irq_claimed
                0x20001c55        0x1 CMakeFiles/tof_scan.dir/third_party/pico-sdk/src/rp2_common/hardware_irq/irq.c.o
 *(COMMON)
                [!provide]                        PROVIDE (__global_pointer$ = (. + 0x800))
 *(.sbss*)
                0x20001c58                        . = ALIGN (0x4)
 *fill*         0x20001c56        0x2 
                0x20001c58                        __bss_end__ = .
                [!provide]                        PROVIDE (__tls_start = SIZEOF (.tdata)?ADDR (.tdata):ADDR (.tbss))
                [!provide]                        PROVIDE (__tls_size = (__tls_end - __tls_start))
                [!provide]                        PROVIDE (__tls_align = MAX (ALIGNOF (.tdata), ALIGNOF (.tbss)))
                [!provide]                        PROVIDE (__tls_size_align = ALIGN (__tls_size, __tls_align))
                [!provide]                        PROVIDE (__arm32_tls_tcb_offset = MAX (0x8, __tls_align))
                [!provide]                        PROVIDE (__tdata_size = SIZEOF (.tdata))
                [!provide]                        PROVIDE (__tdata_source = LOADADDR (.tdata))
                [!provide]                        PROVIDE (__tbss_size = SIZEOF (.tbss))
                [!provide]                        PROVIDE (__tbss_offset = (ADDR (.tbss) - __tls_start))

.tlsX_not_needed_marker
 *(.tlsX_not_needed_marker)
                [!provide]                        PROVIDE (__tlsX_align = (SIZEOF (.tlsX_not_needed_marker) > 0x0)?0x4:__tls_align)
                [!provide]                        PROVIDE (__tlsX_size_align = (SIZEOF (.tlsX_not_needed_marker) > 0x0)?0x0:__tls_size_align)
                0x20001040                        __tls_start = DEFINED (__tls_start)?__tls_start:SIZEOF (.tdata)?ADDR (.tdata):ADDR (.tbss)
                0x00000000                        __tls_size = DEFINED (__tls_size)?__tls_size:(__tls_end - __tls_start)
                0x00000001                        __tls_align = DEFINED (__tls_align)?__tls_align:MAX (ALIGNOF (.tdata), ALIGNOF (.tbss))
                0x00000000                        __tls_size_align = DEFINED (__tls_size_align)?__tls_size_align:ALIGN (__tls_size, __tls_align)
                0x00000008                        __arm32_tls_tcb_offset = DEFINED (__arm32_tls_tcb_offset)?__arm32_tls_tcb_offset:MAX (0x8, __tls_align)
                0x00000000                        __tdata_size = DEFINED (__tdata_size)?__tdata_size:SIZEOF (.tdata)
                0x10007abc                        __tdata_source = DEFINED (__tdata_source)?__tdata_source:LOADADDR (.tdata)
                0x00000000                        __tbss_size = DEFINED (__tbss_size)?__tbss_size:SIZEOF (.tbss)
                0x00000000                        __tbss_offset = DEFINED (__tbss_offset)?__tbss_offset:(ADDR (.tbss) - __tls_start)
                0x00000001                        __tlsX_align = DEFINED (__tlsX_align)?__tlsX_align:(SIZEOF (.tlsX_not_needed_marker) > 0x0)?0x4:__tls_align
                0x00000000                        __tlsX_size_align = DEFINED (__tlsX_size_align)?__tlsX_size_align:(SIZEOF (.tlsX_not_needed_marker) > 0x0)?0x0:__tls_size_align

.tls0           0x20001c58        0x0 load address 0x10007abc
                0x20001c58                        . = ALIGN (__tlsX_align)
                [!provide]                        PROVIDE (__tls0_base = .)
                0x20001c58                        . = (. + __tlsX_size_align)

.tls1           0x20001c58        0x0 load address 0x10007abc
                0x20001c58                        . = ALIGN (__tlsX_align)
                [!provide]                        PROVIDE (__tls1_base = .)
                0x20001c58                        . = (. + __tlsX_size_align)

.persistent_data
                0x20001c58        0x0 load address 0x10007abc
                0x20001c58                        __persistent_data_start__ = .
 *(.persistent_data*)
                0x20001c58                        . = ALIGN (0x4)
                [!provide]                        PROVIDE (__persistent_data_end__ = .)

.dummy_pre_heap
                0x20001c58        0x0 load address 0x10007abc
                0x20001c58                        . = .

.heap           0x20001c58      0x800
                0x20001c58                        __end__ = .
                0x20001c58                        end = __end__
 *(.heap*)
 .heap          0x20001c58      0x800 CMakeFiles/tof_scan.dir/third_party/pico-sdk/src/rp2_common/pico_crt0/crt0.S.o
                0x20040000                        __HeapLimit = DEFINED (HEAP_LIMIT)?HEAP_LIMIT:(ORIGIN (RAM) + LENGTH (RAM))

.scratch_x      0x20040000        0x0 load address 0x10007abc
                0x20040000                        __scratch_x_start__ = .
 *(.scratch_x.*)
                0x20040000                        . = ALIGN (0x4)
                0x20040000                        __scratch_x_end__ = .
                0x10007abc                        __scratch_x_source__ = LOADADDR (.scratch_x)

.scratch_y      0x20041000        0x0 load address 0x10007abc