Archive member included to satisfy reference by file (symbol)

/usr/lib/gcc/arm-none-eabi/15.1.0/thumb/v6-m/nofp/libgcc.a(_dvmd_tls.o)
                              CMakeFiles/tof_rig.dir/third_party/pico-sdk/src/rp2_common/pico_divider/divider_hardware.S.o (__aeabi_idiv0)
/usr/lib/gcc/arm-none-eabi/15.1.0/../../../../arm-none-eabi/lib/thumb/v6-m/nofp/libg.a(libc_a-atoi.o)
                              CMakeFiles/tof_rig.dir/src/main.c.o (atoi)
/usr/lib/gcc/arm-none-eabi/15.1.0/../../../../arm-none-eabi/lib/thumb/v6-m/nofp/libg.a(libc_a-calloc.o)
                              CMakeFiles/tof_rig.dir/third_party/pico-sdk/src/rp2_common/pico_malloc/malloc.c.o (calloc)
/usr/lib/gcc/arm-none-eabi/15.1.0/../../../../arm-none-eabi/lib/thumb/v6-m/nofp/libg.a(libc_a-callocr.o)
                              /usr/lib/gcc/arm-none-eabi/15.1.0/../../../../arm-none-eabi/lib/thumb/v6-m/nofp/libg.a(libc_a-calloc.o) (_calloc_r)
/usr/lib/gcc/arm-none-eabi/15.1.0/../../../../arm-none-eabi/lib/thumb/v6-m/nofp/libg.a(libc_a-malloc.o)
                              CMakeFiles/tof_rig.dir/third_party/pico-sdk/src/rp2_common/pico_malloc/malloc.c.o (malloc)
/usr/lib/gcc/arm-none-eabi/15.1.0/../../../../arm-none-eabi/lib/thumb/v6-m/nofp/libg.a(libc_a-mallocr.o)
                              /usr/lib/gcc/arm-none-eabi/15.1.0/../../../../arm-none-eabi/lib/thumb/v6-m/nofp/libg.a(libc_a-callocr.o) (_malloc_r)
/usr/lib/gcc/arm-none-eabi/15.1.0/../../../../arm-none-eabi/lib/thumb/v6-m/nofp/libg.a(libc_a-mlock.o)
                              /usr/lib/gcc/arm-none-eabi/15.1.0/../../../../arm-none-eabi/lib/thumb/v6-m/nofp/libg.a(libc_a-mallocr.o) (__malloc_lock)
/usr/lib/gcc/arm-none-eabi/15.1.0/../../../../arm-none-eabi/lib/thumb/v6-m/nofp/libg.a(libc_a-realloc.o)
                              CMakeFiles/tof_rig.dir/third_party/pico-sdk/src/rp2_common/pico_malloc/malloc.c.o (realloc)
/usr/lib/gcc/arm-none-eabi/15.1.0/../../../../arm-none-eabi/lib/thumb/v6-m/nofp/libg.a(libc_a-reallocr.o)
                              /usr/lib/gcc/arm-none-eabi/15.1.0/../../../../arm-none-eabi/lib/thumb/v6-m/nofp/libg.a(libc_a-realloc.o) (_realloc_r)
/usr/lib/gcc/arm-none-eabi/15.1.0/../../../../arm-none-eabi/lib/thumb/v6-m/nofp/libg.a(libc_a-strtol.o)
                              /usr/lib/gcc/arm-none-eabi/15.1.0/../../../../arm-none-eabi/lib/thumb/v6-m/nofp/libg.a(libc_a-atoi.o) (_strtol_r)
/usr/lib/gcc/arm-none-eabi/15.1.0/../../../../arm-none-eabi/lib/thumb/v6-m/nofp/libg.a(libc_a-ctype_.o)
                              /usr/lib/gcc/arm-none-eabi/15.1.0/../../../../arm-none-eabi/lib/thumb/v6-m/nofp/libg.a(libc_a-strtol.o) (_ctype_)
/usr/lib/gcc/arm-none-eabi/15.1.0/../../../../arm-none-eabi/lib/thumb/v6-m/nofp/libg.a(libc_a-sscanf.o)
                              CMakeFiles/tof_rig.dir/src/main.c.o (sscanf)
/usr/lib/gcc/arm-none-eabi/15.1.0/../../../../arm-none-eabi/lib/thumb/v6-m/nofp/libg.a(libc_a-stdio.o)
                              /usr/lib/gcc/arm-none-eabi/15.1.0/../../../../arm-none-eabi/lib/thumb/v6-m/nofp/libg.a(libc_a-sscanf.o) (__seofread)
/usr/lib/gcc/arm-none-eabi/15.1.0/../../../../arm-none-eabi/lib/thumb/v6-m/nofp/libg.a(libc_a-memcmp.o)
                              CMakeFiles/tof_rig.dir/third_party/pico-sdk/src/rp2_common/pico_atomic/atomic.c.o (memcmp)
/usr/lib/gcc/arm-none-eabi/15.1.0/../../../../arm-none-eabi/lib/thumb/v6-m/nofp/libg.a(libc_a-memmove.o)
                              CMakeFiles/tof_rig.dir/vendor/VL53L8CX/src/vl53l8cx_api.c.o (memmove)
/usr/lib/gcc/arm-none-eabi/15.1.0/../../../../arm-none-eabi/lib/thumb/v6-m/nofp/libg.a(libc_a-strncmp.o)
                              CMakeFiles/tof_rig.dir/src/main.c.o (strncmp)
/usr/lib/gcc/arm-none-eabi/15.1.0/../../../../arm-none-eabi/lib/thumb/v6-m/nofp/libg.a(libc_a-lcltime_r.o)
                              CMakeFiles/tof_rig.dir/third_party/pico-sdk/src/common/pico_util/datetime.c.o (localtime_r)
/usr/lib/gcc/arm-none-eabi/15.1.0/../../../../arm-none-eabi/lib/thumb/v6-m/nofp/libg.a(libc_a-mktime.o)
                              CMakeFiles/tof_rig.dir/third_party/pico-sdk/src/common/pico_util/datetime.c.o (mktime)
/usr/lib/gcc/arm-none-eabi/15.1.0/../../../../arm-none-eabi/lib/thumb/v6-m/nofp/libg.a(libc_a-month_lengths.o)
                              /usr/lib/gcc/arm-none-eabi/15.1.0/../../../../arm-none-eabi/lib/thumb/v6-m/nofp/libg.a(libc_a-lcltime_r.o) (__month_lengths)
/usr/lib/gcc/arm-none-eabi/15.1.0/../../../../arm-none-eabi/lib/thumb/v6-m/nofp/libg.a(libc_a-tzcalc_limits.o)
                              /usr/lib/gcc/arm-none-eabi/15.1.0/../../../../arm-none-eabi/lib/thumb/v6-m/nofp/libg.a(libc_a-lcltime_r.o) (__tzcalc_limits)
/usr/lib/gcc/arm-none-eabi/15.1.0/../../../../arm-none-eabi/lib/thumb/v6-m/nofp/libg.a(libc_a-tzlock.o)
                              /usr/lib/gcc/arm-none-eabi/15.1.0/../../../../arm-none-eabi/lib/thumb/v6-m/nofp/libg.a(libc_a-lcltime_r.o) (__tz_lock)
[...]
Memory Configuration

Name             Origin             Length             Attributes
FLASH            0x10000000         0x00200000         xr
XIP_RAM          0x15000000         0x00004000         xrw
RAM              0x20000000         0x00040000         xrw
SCRATCH_X        0x20040000         0x00001000         xrw
SCRATCH_Y        0x20041000         0x00001000         xrw
*default*        0x00000000         0xffffffff

Linker script and memory map

                0x20000000                        RAM_ORIGIN_DEFAULT = 0x20000000
                0x00040000                        RAM_LENGTH_DEFAULT = 0x40000
                0x20040000                        SCRATCH_X_ORIGIN_DEFAULT = 0x20040000
                0x00001000                        SCRATCH_X_LENGTH_DEFAULT = 0x1000
                0x20041000                        SCRATCH_Y_ORIGIN_DEFAULT = 0x20041000
                0x00001000                        SCRATCH_Y_LENGTH_DEFAULT = 0x1000
                0x15000000                        XIP_RAM_ORIGIN_DEFAULT = 0x15000000
                0x00004000                        XIP_RAM_LENGTH_DEFAULT = 0x4000
LOAD CMakeFiles/tof_rig.dir/src/main.c.o
LOAD CMakeFiles/tof_rig.dir/src/vl53l8cx_pico_platform.c.o
LOAD CMakeFiles/tof_rig.dir/vendor/VL53L8CX/src/vl53l8cx_api.c.o
LOAD CMakeFiles/tof_rig.dir/vendor/VL53L8CX/src/vl53l8cx_platform.c.o
LOAD CMakeFiles/tof_rig.dir/third_party/pico-sdk/src/rp2_common/pico_stdlib/stdlib.c.o
LOAD CMakeFiles/tof_rig.dir/third_party/pico-sdk/src/rp2_common/hardware_gpio/gpio.c.o
LOAD CMakeFiles/tof_rig.dir/third_party/pico-sdk/src/rp2040/pico_platform/platform.c.o
LOAD CMakeFiles/tof_rig.dir/third_party/pico-sdk/src/rp2_common/pico_platform_common/common.c.o
LOAD CMakeFiles/tof_rig.dir/third_party/pico-sdk/src/rp2_common/pico_platform_panic/panic.c.o
LOAD CMakeFiles/tof_rig.dir/third_party/pico-sdk/src/rp2_common/pico_platform_panic/custom_panic_function.S.o
LOAD CMakeFiles/tof_rig.dir/third_party/pico-sdk/src/common/hardware_claim/claim.c.o
LOAD CMakeFiles/tof_rig.dir/third_party/pico-sdk/src/rp2_common/hardware_sync/sync.c.o
LOAD CMakeFiles/tof_rig.dir/third_party/pico-sdk/src/rp2_common/hardware_sync_spin_lock/sync_spin_lock.c.o
LOAD CMakeFiles/tof_rig.dir/third_party/pico-sdk/src/rp2_common/hardware_irq/irq.c.o
LOAD CMakeFiles/tof_rig.dir/third_party/pico-sdk/src/rp2_common/hardware_irq/irq_handler_chain.S.o
LOAD CMakeFiles/tof_rig.dir/third_party/pico-sdk/src/common/pico_sync/sem.c.o
LOAD CMakeFiles/tof_rig.dir/third_party/pico-sdk/src/common/pico_sync/lock_core.c.o
LOAD CMakeFiles/tof_rig.dir/third_party/pico-sdk/src/common/pico_sync/mutex.c.o
LOAD CMakeFiles/tof_rig.dir/third_party/pico-sdk/src/common/pico_sync/critical_section.c.o
LOAD CMakeFiles/tof_rig.dir/third_party/pico-sdk/src/common/pico_time/time.c.o
LOAD CMakeFiles/tof_rig.dir/third_party/pico-sdk/src/common/pico_time/timeout_helper.c.o
LOAD CMakeFiles/tof_rig.dir/third_party/pico-sdk/src/rp2_common/hardware_timer/timer.c.o
LOAD CMakeFiles/tof_rig.dir/third_party/pico-sdk/src/common/pico_util/datetime.c.o
LOAD CMakeFiles/tof_rig.dir/third_party/pico-sdk/src/common/pico_util/fixed_bitset.c.o
LOAD CMakeFiles/tof_rig.dir/third_party/pico-sdk/src/common/pico_util/pheap.c.o
LOAD CMakeFiles/tof_rig.dir/third_party/pico-sdk/src/common/pico_util/queue.c.o
LOAD CMakeFiles/tof_rig.dir/third_party/pico-sdk/src/rp2_common/hardware_uart/uart.c.o
LOAD CMakeFiles/tof_rig.dir/third_party/pico-sdk/src/rp2_common/hardware_clocks/clocks.c.o
LOAD CMakeFiles/tof_rig.dir/third_party/pico-sdk/src/rp2_common/hardware_pll/pll.c.o
LOAD CMakeFiles/tof_rig.dir/third_party/pico-sdk/src/rp2_common/hardware_vreg/vreg.c.o
LOAD CMakeFiles/tof_rig.dir/third_party/pico-sdk/src/rp2_common/hardware_watchdog/watchdog.c.o
LOAD CMakeFiles/tof_rig.dir/third_party/pico-sdk/src/rp2_common/hardware_ticks/ticks.c.o
LOAD CMakeFiles/tof_rig.dir/third_party/pico-sdk/src/rp2_common/pico_bootrom/bootrom.c.o
LOAD CMakeFiles/tof_rig.dir/third_party/pico-sdk/src/rp2_common/pico_bootrom/bootrom_lock.c.o
LOAD CMakeFiles/tof_rig.dir/third_party/pico-sdk/src/rp2_common/hardware_boot_lock/boot_lock.c.o
LOAD CMakeFiles/tof_rig.dir/third_party/pico-sdk/src/rp2_common/pico_flash/flash.c.o
LOAD CMakeFiles/tof_rig.dir/third_party/pico-sdk/src/rp2_common/hardware_xosc/xosc.c.o
LOAD CMakeFiles/tof_rig.dir/third_party/pico-sdk/src/rp2_common/hardware_divider/divider.S.o
LOAD CMakeFiles/tof_rig.dir/third_party/pico-sdk/src/rp2_common/pico_runtime/runtime.c.o
LOAD CMakeFiles/tof_rig.dir/third_party/pico-sdk/src/rp2_common/pico_runtime_init/runtime_init.c.o
LOAD CMakeFiles/tof_rig.dir/third_party/pico-sdk/src/rp2_common/pico_runtime_init/runtime_init_clocks.c.o
LOAD CMakeFiles/tof_rig.dir/third_party/pico-sdk/src/rp2_common/pico_runtime_init/runtime_init_stack_guard.c.o
LOAD CMakeFiles/tof_rig.dir/third_party/pico-sdk/src/rp2_common/hardware_rtc/rtc.c.o
LOAD CMakeFiles/tof_rig.dir/third_party/pico-sdk/src/rp2_common/pico_bit_ops/bit_ops_aeabi.S.o
LOAD CMakeFiles/tof_rig.dir/third_party/pico-sdk/src/rp2_common/pico_divider/divider_hardware.S.o
LOAD CMakeFiles/tof_rig.dir/third_party/pico-sdk/src/rp2_common/pico_double/double_aeabi_rp2040.S.o
LOAD CMakeFiles/tof_rig.dir/third_party/pico-sdk/src/rp2_common/pico_double/double_init_rom_rp2040.c.o
LOAD CMakeFiles/tof_rig.dir/third_party/pico-sdk/src/rp2_common/pico_double/double_math.c.o
LOAD CMakeFiles/tof_rig.dir/third_party/pico-sdk/src/rp2_common/pico_double/double_v1_rom_shim_rp2040.S.o
LOAD CMakeFiles/tof_rig.dir/third_party/pico-sdk/src/rp2_common/pico_int64_ops/pico_int64_ops_aeabi.S.o
LOAD CMakeFiles/tof_rig.dir/third_party/pico-sdk/src/rp2_common/pico_float/float_aeabi_rp2040.S.o
LOAD CMakeFiles/tof_rig.dir/third_party/pico-sdk/src/rp2_common/pico_float/float_init_rom_rp2040.c.o
LOAD CMakeFiles/tof_rig.dir/third_party/pico-sdk/src/rp2_common/pico_float/float_math.c.o
LOAD CMakeFiles/tof_rig.dir/third_party/pico-sdk/src/rp2_common/pico_float/float_v1_rom_shim_rp2040.S.o
LOAD CMakeFiles/tof_rig.dir/third_party/pico-sdk/src/rp2_common/pico_malloc/malloc.c.o
LOAD CMakeFiles/tof_rig.dir/third_party/pico-sdk/src/rp2_common/pico_mem_ops/mem_ops_aeabi.S.o
LOAD CMakeFiles/tof_rig.dir/third_party/pico-sdk/src/rp2_common/pico_atomic/atomic.c.o
LOAD CMakeFiles/tof_rig.dir/third_party/pico-sdk/src/rp2_common/pico_cxx_options/new_delete.cpp.o
LOAD CMakeFiles/tof_rig.dir/third_party/pico-sdk/src/rp2_common/pico_standard_binary_info/standard_binary_info.c.o
LOAD CMakeFiles/tof_rig.dir/third_party/pico-sdk/src/rp2_common/pico_printf/printf.c.o
LOAD CMakeFiles/tof_rig.dir/third_party/pico-sdk/src/rp2_common/pico_crt0/crt0.S.o
LOAD CMakeFiles/tof_rig.dir/third_party/pico-sdk/src/rp2_common/pico_clib_interface/newlib_interface.c.o
LOAD CMakeFiles/tof_rig.dir/third_party/pico-sdk/src/rp2_common/pico_clib_interface/cxa_guard.c.o
LOAD CMakeFiles/tof_rig.dir/third_party/pico-sdk/src/rp2_common/pico_stdio/stdio.c.o
LOAD CMakeFiles/tof_rig.dir/third_party/pico-sdk/src/rp2_common/pico_stdio_usb/stdio_usb.c.o
LOAD CMakeFiles/tof_rig.dir/third_party/pico-sdk/src/rp2_common/pico_stdio_usb/stdio_usb_descriptors.c.o
LOAD CMakeFiles/tof_rig.dir/third_party/pico-sdk/src/rp2_common/pico_unique_id/unique_id.c.o
LOAD CMakeFiles/tof_rig.dir/third_party/pico-sdk/src/rp2_common/hardware_flash/flash.c.o
LOAD CMakeFiles/tof_rig.dir/third_party/pico-sdk/src/rp2_common/hardware_xip_cache/xip_cache.c.o
LOAD CMakeFiles/tof_rig.dir/third_party/pico-sdk/src/rp2_common/pico_usb_reset/usb_reset.c.o
LOAD CMakeFiles/tof_rig.dir/third_party/pico-sdk/lib/tinyusb/src/portable/raspberrypi/rp2040/dcd_rp2040.c.o
LOAD CMakeFiles/tof_rig.dir/third_party/pico-sdk/lib/tinyusb/src/portable/raspberrypi/rp2040/rp2040_usb.c.o
LOAD CMakeFiles/tof_rig.dir/third_party/pico-sdk/lib/tinyusb/src/device/usbd.c.o
LOAD CMakeFiles/tof_rig.dir/third_party/pico-sdk/lib/tinyusb/src/device/usbd_control.c.o
LOAD CMakeFiles/tof_rig.dir/third_party/pico-sdk/lib/tinyusb/src/class/audio/audio_device.c.o
LOAD CMakeFiles/tof_rig.dir/third_party/pico-sdk/lib/tinyusb/src/class/cdc/cdc_device.c.o
LOAD CMakeFiles/tof_rig.dir/third_party/pico-sdk/lib/tinyusb/src/class/dfu/dfu_device.c.o
LOAD CMakeFiles/tof_rig.dir/third_party/pico-sdk/lib/tinyusb/src/class/dfu/dfu_rt_device.c.o
LOAD CMakeFiles/tof_rig.dir/third_party/pico-sdk/lib/tinyusb/src/class/hid/hid_device.c.o
LOAD CMakeFiles/tof_rig.dir/third_party/pico-sdk/lib/tinyusb/src/class/midi/midi_device.c.o
LOAD CMakeFiles/tof_rig.dir/third_party/pico-sdk/lib/tinyusb/src/class/msc/msc_device.c.o
LOAD CMakeFiles/tof_rig.dir/third_party/pico-sdk/lib/tinyusb/src/class/net/ecm_rndis_device.c.o
LOAD CMakeFiles/tof_rig.dir/third_party/pico-sdk/lib/tinyusb/src/class/net/ncm_device.c.o
LOAD CMakeFiles/tof_rig.dir/third_party/pico-sdk/lib/tinyusb/src/class/usbtmc/usbtmc_device.c.o
LOAD CMakeFiles/tof_rig.dir/third_party/pico-sdk/lib/tinyusb/src/class/vendor/vendor_device.c.o
LOAD CMakeFiles/tof_rig.dir/third_party/pico-sdk/lib/tinyusb/src/class/video/video_device.c.o
LOAD CMakeFiles/tof_rig.dir/third_party/pico-sdk/lib/tinyusb/src/tusb.c.o
LOAD CMakeFiles/tof_rig.dir/third_party/pico-sdk/lib/tinyusb/src/common/tusb_fifo.c.o
LOAD CMakeFiles/tof_rig.dir/third_party/pico-sdk/src/rp2_common/pico_fix/rp2040_usb_device_enumeration/rp2040_usb_device_enumeration.c.o
LOAD CMakeFiles/tof_rig.dir/third_party/pico-sdk/src/rp2_common/pico_thread_local/thread_local.c.o
LOAD CMakeFiles/tof_rig.dir/third_party/pico-sdk/src/rp2_common/hardware_i2c/i2c.c.o
LOAD pico-sdk/src/rp2040/boot_stage2/CMakeFiles/bs2_default_library.dir/bs2_default_padded_checksummed.S.o
LOAD /usr/lib/gcc/arm-none-eabi/15.1.0/../../../../arm-none-eabi/lib/thumb/v6-m/nofp/libstdc++.a
LOAD /usr/lib/gcc/arm-none-eabi/15.1.0/../../../../arm-none-eabi/lib/thumb/v6-m/nofp/libm.a
START GROUP
LOAD /usr/lib/gcc/arm-none-eabi/15.1.0/thumb/v6-m/nofp/libgcc.a
LOAD /usr/lib/gcc/arm-none-eabi/15.1.0/../../../../arm-none-eabi/lib/thumb/v6-m/nofp/libg.a
LOAD /usr/lib/gcc/arm-none-eabi/15.1.0/../../../../arm-none-eabi/lib/thumb/v6-m/nofp/libc.a
END GROUP
                0x20000000                        PROVIDE (RAM_ORIGIN = RAM_ORIGIN_DEFAULT)
                0x00040000                        PROVIDE (RAM_LENGTH = RAM_LENGTH_DEFAULT)
                0x20040000                        PROVIDE (SCRATCH_X_ORIGIN = SCRATCH_X_ORIGIN_DEFAULT)
                0x00001000                        PROVIDE (SCRATCH_X_LENGTH = SCRATCH_X_LENGTH_DEFAULT)
                0x20041000                        PROVIDE (SCRATCH_Y_ORIGIN = SCRATCH_Y_ORIGIN_DEFAULT)
                0x00001000                        PROVIDE (SCRATCH_Y_LENGTH = SCRATCH_Y_LENGTH_DEFAULT)
                0x15000000                        PROVIDE (XIP_RAM_ORIGIN = XIP_RAM_ORIGIN_DEFAULT)
                0x00004000                        PROVIDE (XIP_RAM_LENGTH = XIP_RAM_LENGTH_DEFAULT)
                0x20000000                        RAM_ORIGIN = DEFINED (RAM_ORIGIN)?RAM_ORIGIN:RAM_ORIGIN_DEFAULT
                0x00040000                        RAM_LENGTH = DEFINED (RAM_LENGTH)?RAM_LENGTH:RAM_LENGTH_DEFAULT
                0x20040000                        SCRATCH_X_ORIGIN = DEFINED (SCRATCH_X_ORIGIN)?SCRATCH_X_ORIGIN:SCRATCH_X_ORIGIN_DEFAULT
                0x00001000                        SCRATCH_X_LENGTH = DEFINED (SCRATCH_X_LENGTH)?SCRATCH_X_LENGTH:SCRATCH_X_LENGTH_DEFAULT
                0x20041000                        SCRATCH_Y_ORIGIN = DEFINED (SCRATCH_Y_ORIGIN)?SCRATCH_Y_ORIGIN:SCRATCH_Y_ORIGIN_DEFAULT
                0x00001000                        SCRATCH_Y_LENGTH = DEFINED (SCRATCH_Y_LENGTH)?SCRATCH_Y_LENGTH:SCRATCH_Y_LENGTH_DEFAULT
                0x15000000                        XIP_RAM_ORIGIN = DEFINED (XIP_RAM_ORIGIN)?XIP_RAM_ORIGIN:XIP_RAM_ORIGIN_DEFAULT
                0x00004000                        XIP_RAM_LENGTH = DEFINED (XIP_RAM_LENGTH)?XIP_RAM_LENGTH:XIP_RAM_LENGTH_DEFAULT

.flash_begin    0x10000000        0x0
                0x10000000                        __flash_binary_start = .

.boot2          0x10000000      0x100
                0x10000000                        __boot2_start__ = .
 *(.boot2)
 .boot2         0x10000000      0x100 pico-sdk/src/rp2040/boot_stage2/CMakeFiles/bs2_default_library.dir/bs2_default_padded_checksummed.S.o
                0x10000100                        __boot2_end__ = .
                0x00000001                        ASSERT (((__boot2_end__ - __boot2_start__) == 0x100), ERROR: Pico second stage bootloader must be exactly 256 bytes in size for RP2040)

.text           0x10000100     0xe6f0
                0x10000100                        __logical_binary_start = .
 *(.vectors)
 .vectors       0x10000100       0xd4 CMakeFiles/tof_rig.dir/third_party/pico-sdk/src/rp2_common/pico_crt0/crt0.S.o
                0x10000100                __vectors
                0x10000100                __VECTOR_TABLE
                0x100001c0                isr_irq30
                0x100001c0                __unhandled_user_irq
                0x100001c0                isr_irq13
                0x100001c0                isr_irq27
                0x100001c0                isr_irq31
                0x100001c0                isr_irq5
                0x100001c0                isr_irq11
                0x100001c0                isr_irq23
                0x100001c0                isr_irq18
                0x100001c0                isr_irq28
                0x100001c0                isr_irq19
                0x100001c0                isr_irq0
                0x100001c0                isr_irq6
                0x100001c0                isr_irq22
                0x100001c0                isr_irq17
                0x100001c0                isr_irq14
                0x100001c0                __vectors_end
                0x100001c0                __default_isrs_start
                0x100001c0                isr_irq2
                0x100001c0                isr_irq10
                0x100001c0                isr_irq8
                0x100001c0                isr_irq24
                0x100001c0                isr_irq1
                0x100001c0                isr_irq7
                0x100001c0                isr_irq21
                0x100001c0                isr_irq20
                0x100001c0                isr_irq15
                0x100001c0                isr_irq25
                0x100001c0                isr_irq4
                0x100001c0                isr_irq16
                0x100001c0                isr_irq29
                0x100001c0                isr_irq26
                0x100001c0                isr_irq3
                0x100001c0                isr_irq12
                0x100001c0                isr_irq9
                0x100001c6                unhandled_user_irq_num_in_r0
                0x100001c8                isr_invalid
                0x100001ca                isr_nmi
                0x100001cc                isr_hardfault
                0x100001ce                isr_svcall
                0x100001d0                isr_pendsv
                0x100001d2                isr_systick
                0x100001d4                __default_isrs_end
 *(.binary_info_header)
 .binary_info_header
                0x100001d4       0x14 CMakeFiles/tof_rig.dir/third_party/pico-sdk/src/rp2_common/pico_crt0/crt0.S.o
                0x100001e8                        __binary_info_header_end = .
 *(.embedded_block)
                0x100001e8                        __embedded_block_end = .
 *(.reset)
 .reset         0x100001e8       0x98 CMakeFiles/tof_rig.dir/third_party/pico-sdk/src/rp2_common/pico_crt0/crt0.S.o
                0x100001e8                _entry_point
 *(.init)
 *libgcc.a:cmse_nonsecure_call.o()
 *(EXCLUDE_FILE(*libm.a: *lib*_a-mem*.o *libc.a: *libgcc.a:) .text*)
 .text.print_list
                0x10000280       0x74 CMakeFiles/tof_rig.dir/src/main.c.o
 .text.gpio_irq
                0x100002f4       0x34 CMakeFiles/tof_rig.dir/src/main.c.o
 .text.start_slot
                0x10000328       0x50 CMakeFiles/tof_rig.dir/src/main.c.o
 .text.startup.main
                0x10000378      0xb8c CMakeFiles/tof_rig.dir/src/main.c.o
                0x10000378                main
 .text.pico_vl53_write
                0x10000f04       0x84 CMakeFiles/tof_rig.dir/src/vl53l8cx_pico_platform.c.o
                0x10000f04                pico_vl53_write
 .text.pico_vl53_read
                0x10000f88       0x84 CMakeFiles/tof_rig.dir/src/vl53l8cx_pico_platform.c.o
                0x10000f88                pico_vl53_read
 .text.pico_vl53_wait
                0x1000100c        0xc CMakeFiles/tof_rig.dir/src/vl53l8cx_pico_platform.c.o
                0x1000100c                pico_vl53_wait
 .text.pico_vl53_bind
                0x10001018       0x30 CMakeFiles/tof_rig.dir/src/vl53l8cx_pico_platform.c.o
                0x10001018                pico_vl53_bind
 .text._vl53l8cx_send_xtalk_data
                0x10001048      0x310 CMakeFiles/tof_rig.dir/vendor/VL53L8CX/src/vl53l8cx_api.c.o
 .text.vl53l8cx_dci_read_data.constprop.0
                0x10001358      0x19c CMakeFiles/tof_rig.dir/vendor/VL53L8CX/src/vl53l8cx_api.c.o
 .text.vl53l8cx_dci_read_data.constprop.1
                0x100014f4      0x110 CMakeFiles/tof_rig.dir/vendor/VL53L8CX/src/vl53l8cx_api.c.o
 .text.vl53l8cx_dci_read_data.constprop.2
                0x10001604      0x140 CMakeFiles/tof_rig.dir/vendor/VL53L8CX/src/vl53l8cx_api.c.o
 .text.vl53l8cx_dci_write_data.constprop.0
                0x10001744       0xf8 CMakeFiles/tof_rig.dir/vendor/VL53L8CX/src/vl53l8cx_api.c.o
 .text.vl53l8cx_dci_write_data.constprop.1
                0x1000183c      0x134 CMakeFiles/tof_rig.dir/vendor/VL53L8CX/src/vl53l8cx_api.c.o
 .text.vl53l8cx_dci_write_data.constprop.2
                0x10001970      0x18c CMakeFiles/tof_rig.dir/vendor/VL53L8CX/src/vl53l8cx_api.c.o
 .text._vl53l8cx_send_offset_data
                0x10001afc      0x5f0 CMakeFiles/tof_rig.dir/vendor/VL53L8CX/src/vl53l8cx_api.c.o
 .text.vl53l8cx_is_alive
                0x100020ec       0x5c CMakeFiles/tof_rig.dir/vendor/VL53L8CX/src/vl53l8cx_api.c.o
                0x100020ec                vl53l8cx_is_alive
 .text.vl53l8cx_init
                0x10002148      0x694 CMakeFiles/tof_rig.dir/vendor/VL53L8CX/src/vl53l8cx_api.c.o
                0x10002148                vl53l8cx_init
 .text.vl53l8cx_set_i2c_address
                0x100027dc       0x34 CMakeFiles/tof_rig.dir/vendor/VL53L8CX/src/vl53l8cx_api.c.o
                0x100027dc                vl53l8cx_set_i2c_address
 .text.vl53l8cx_start_ranging
                0x10002810      0x3d4 CMakeFiles/tof_rig.dir/vendor/VL53L8CX/src/vl53l8cx_api.c.o
                0x10002810                vl53l8cx_start_ranging
 .text.vl53l8cx_stop_ranging
                0x10002be4      0x11c CMakeFiles/tof_rig.dir/vendor/VL53L8CX/src/vl53l8cx_api.c.o
                0x10002be4                vl53l8cx_stop_ranging
 .text.vl53l8cx_check_data_ready
                0x10002d00       0x70 CMakeFiles/tof_rig.dir/vendor/VL53L8CX/src/vl53l8cx_api.c.o
                0x10002d00                vl53l8cx_check_data_ready
 .text.vl53l8cx_get_ranging_data
                0x10002d70      0x1cc CMakeFiles/tof_rig.dir/vendor/VL53L8CX/src/vl53l8cx_api.c.o
                0x10002d70                vl53l8cx_get_ranging_data
 .text.vl53l8cx_set_resolution
                0x10002f3c       0xe4 CMakeFiles/tof_rig.dir/vendor/VL53L8CX/src/vl53l8cx_api.c.o
                0x10002f3c                vl53l8cx_set_resolution
 .text.vl53l8cx_set_ranging_frequency_hz
                0x10003020      0x108 CMakeFiles/tof_rig.dir/vendor/VL53L8CX/src/vl53l8cx_api.c.o
                0x10003020                vl53l8cx_set_ranging_frequency_hz
 .text.vl53l8cx_set_ranging_mode
                0x10003128      0x13c CMakeFiles/tof_rig.dir/vendor/VL53L8CX/src/vl53l8cx_api.c.o
                0x10003128                vl53l8cx_set_ranging_mode
 .text.VL53L8CX_RdByte
                0x10003264       0x10 CMakeFiles/tof_rig.dir/vendor/VL53L8CX/src/vl53l8cx_platform.c.o
                0x10003264                VL53L8CX_RdByte
 .text.VL53L8CX_WrByte
                0x10003274       0x1c CMakeFiles/tof_rig.dir/vendor/VL53L8CX/src/vl53l8cx_platform.c.o
                0x10003274                VL53L8CX_WrByte
 .text.VL53L8CX_WrMulti
                0x10003290       0x10 CMakeFiles/tof_rig.dir/vendor/VL53L8CX/src/vl53l8cx_platform.c.o
                0x10003290                VL53L8CX_WrMulti
 .text.VL53L8CX_RdMulti
                0x100032a0       0x10 CMakeFiles/tof_rig.dir/vendor/VL53L8CX/src/vl53l8cx_platform.c.o
                0x100032a0                VL53L8CX_RdMulti
 .text.VL53L8CX_SwapBuffer
                0x100032b0       0x3c CMakeFiles/tof_rig.dir/vendor/VL53L8CX/src/vl53l8cx_platform.c.o
                0x100032b0                VL53L8CX_SwapBuffer
 .text.VL53L8CX_WaitMs
                0x100032ec        0xc CMakeFiles/tof_rig.dir/vendor/VL53L8CX/src/vl53l8cx_platform.c.o
                0x100032ec                VL53L8CX_WaitMs
 .text.gpio_default_irq_handler
                0x100032f8      0x2bc CMakeFiles/tof_rig.dir/third_party/pico-sdk/src/rp2_common/hardware_gpio/gpio.c.o
 .text.gpio_set_function
                0x100035b4       0x30 CMakeFiles/tof_rig.dir/third_party/pico-sdk/src/rp2_common/hardware_gpio/gpio.c.o
                0x100035b4                gpio_set_function
 .text.gpio_set_pulls
                0x100035e4       0x24 CMakeFiles/tof_rig.dir/third_party/pico-sdk/src/rp2_common/hardware_gpio/gpio.c.o
                0x100035e4                gpio_set_pulls
 .text.gpio_set_irq_enabled
                0x10003608       0x48 CMakeFiles/tof_rig.dir/third_party/pico-sdk/src/rp2_common/hardware_gpio/gpio.c.o
                0x10003608                gpio_set_irq_enabled
 .text.gpio_set_irq_enabled_with_callback
                0x10003650       0xec CMakeFiles/tof_rig.dir/third_party/pico-sdk/src/rp2_common/hardware_gpio/gpio.c.o
                0x10003650                gpio_set_irq_enabled_with_callback
 .text.gpio_init
                0x1000373c       0x3c CMakeFiles/tof_rig.dir/third_party/pico-sdk/src/rp2_common/hardware_gpio/gpio.c.o
                0x1000373c                gpio_init
 .text.rp2040_chip_version
                0x10003778        0xc CMakeFiles/tof_rig.dir/third_party/pico-sdk/src/rp2040/pico_platform/platform.c.o
                0x10003778                rp2040_chip_version
 .text.panic    0x10003784       0x30 CMakeFiles/tof_rig.dir/third_party/pico-sdk/src/rp2_common/pico_platform_panic/panic.c.o
                0x10003784                panic
 .text.hw_claim_or_assert
                0x100037b4       0x50 CMakeFiles/tof_rig.dir/third_party/pico-sdk/src/common/hardware_claim/claim.c.o
                0x100037b4                hw_claim_or_assert
 .text.hw_claim_unused_from_range
                0x10003804       0x88 CMakeFiles/tof_rig.dir/third_party/pico-sdk/src/common/hardware_claim/claim.c.o
                0x10003804                hw_claim_unused_from_range
 .text.next_striped_spin_lock_num
                0x1000388c       0x18 CMakeFiles/tof_rig.dir/third_party/pico-sdk/src/rp2_common/hardware_sync/sync.c.o
                0x1000388c                next_striped_spin_lock_num
 .text.spin_lock_claim_unused
                0x100038a4       0x20 CMakeFiles/tof_rig.dir/third_party/pico-sdk/src/rp2_common/hardware_sync/sync.c.o
                0x100038a4                spin_lock_claim_unused
 .text.spin_locks_reset
                0x100038c4       0x1c CMakeFiles/tof_rig.dir/third_party/pico-sdk/src/rp2_common/hardware_sync_spin_lock/sync_spin_lock.c.o
                0x100038c4                spin_locks_reset
 .text.runtime_init_per_core_irq_priorities
                0x100038e0       0x48 CMakeFiles/tof_rig.dir/third_party/pico-sdk/src/rp2_common/hardware_irq/irq.c.o
                0x100038e0                runtime_init_per_core_irq_priorities
 .text.irq_set_enabled
                0x10003928       0x24 CMakeFiles/tof_rig.dir/third_party/pico-sdk/src/rp2_common/hardware_irq/irq.c.o
                0x10003928                irq_set_enabled
 .text.irq_is_enabled
                0x1000394c       0x18 CMakeFiles/tof_rig.dir/third_party/pico-sdk/src/rp2_common/hardware_irq/irq.c.o
                0x1000394c                irq_is_enabled
 .text.irq_set_pending
                0x10003964       0x10 CMakeFiles/tof_rig.dir/third_party/pico-sdk/src/rp2_common/hardware_irq/irq.c.o
                0x10003964                irq_set_pending
 .text.irq_has_shared_handler
                0x10003974       0x20 CMakeFiles/tof_rig.dir/third_party/pico-sdk/src/rp2_common/hardware_irq/irq.c.o
                0x10003974                irq_has_shared_handler
 .text.irq_set_exclusive_handler
                0x10003994       0x54 CMakeFiles/tof_rig.dir/third_party/pico-sdk/src/rp2_common/hardware_irq/irq.c.o
                0x10003994                irq_set_exclusive_handler
 .text.irq_add_shared_handler
                0x100039e8      0x1b8 CMakeFiles/tof_rig.dir/third_party/pico-sdk/src/rp2_common/hardware_irq/irq.c.o
                0x100039e8                irq_add_shared_handler
 .text.irq_remove_handler
                0x10003ba0      0x1bc CMakeFiles/tof_rig.dir/third_party/pico-sdk/src/rp2_common/hardware_irq/irq.c.o
                0x10003ba0                irq_remove_handler
 .text.irq_add_tail_to_free_list
                0x10003d5c       0xcc CMakeFiles/tof_rig.dir/third_party/pico-sdk/src/rp2_common/hardware_irq/irq.c.o
                0x10003d5c                irq_add_tail_to_free_list
 .text.user_irq_claim_unused
                0x10003e28       0x28 CMakeFiles/tof_rig.dir/third_party/pico-sdk/src/rp2_common/hardware_irq/irq.c.o
                0x10003e28                user_irq_claim_unused
 .text.lock_init
                0x10003e50       0x10 CMakeFiles/tof_rig.dir/third_party/pico-sdk/src/common/pico_sync/lock_core.c.o
                0x10003e50                lock_init
 .text.runtime_init_mutex
                0x10003e60       0x50 CMakeFiles/tof_rig.dir/third_party/pico-sdk/src/common/pico_sync/mutex.c.o
                0x10003e60                runtime_init_mutex
 .text.mutex_init
                0x10003eb0       0x1c CMakeFiles/tof_rig.dir/third_party/pico-sdk/src/common/pico_sync/mutex.c.o
                0x10003eb0                mutex_init
 .text.critical_section_init
                0x10003ecc       0x1c CMakeFiles/tof_rig.dir/third_party/pico-sdk/src/common/pico_sync/critical_section.c.o
                0x10003ecc                critical_section_init
 .text.critical_section_init_with_lock_num
                0x10003ee8       0x14 CMakeFiles/tof_rig.dir/third_party/pico-sdk/src/common/pico_sync/critical_section.c.o
                0x10003ee8                critical_section_init_with_lock_num
 .text.sleep_until_callback
                0x10003efc       0x30 CMakeFiles/tof_rig.dir/third_party/pico-sdk/src/common/pico_time/time.c.o
 .text.alarm_pool_irq_handler
                0x10003f2c      0x2f4 CMakeFiles/tof_rig.dir/third_party/pico-sdk/src/common/pico_time/time.c.o
 .text.runtime_init_default_alarm_pool
                0x10004220       0xd8 CMakeFiles/tof_rig.dir/third_party/pico-sdk/src/common/pico_time/time.c.o
                0x10004220                runtime_init_default_alarm_pool
 .text.alarm_pool_get_default
                0x100042f8        0x8 CMakeFiles/tof_rig.dir/third_party/pico-sdk/src/common/pico_time/time.c.o
                0x100042f8                alarm_pool_get_default
 .text.alarm_pool_add_alarm_at
                0x10004300       0xcc CMakeFiles/tof_rig.dir/third_party/pico-sdk/src/common/pico_time/time.c.o
                0x10004300                alarm_pool_add_alarm_at
 .text.alarm_pool_add_alarm_at_force_in_context
                0x100043cc       0xbc CMakeFiles/tof_rig.dir/third_party/pico-sdk/src/common/pico_time/time.c.o
                0x100043cc                alarm_pool_add_alarm_at_force_in_context
 .text.alarm_pool_cancel_alarm
                0x10004488       0x74 CMakeFiles/tof_rig.dir/third_party/pico-sdk/src/common/pico_time/time.c.o
                0x10004488                alarm_pool_cancel_alarm
 .text.alarm_pool_core_num
                0x100044fc        0x4 CMakeFiles/tof_rig.dir/third_party/pico-sdk/src/common/pico_time/time.c.o
                0x100044fc                alarm_pool_core_num
 .text.sleep_ms
                0x10004500       0xfc CMakeFiles/tof_rig.dir/third_party/pico-sdk/src/common/pico_time/time.c.o
                0x10004500                sleep_ms
 .text.best_effort_wfe_or_timeout
                0x100045fc      0x12c CMakeFiles/tof_rig.dir/third_party/pico-sdk/src/common/pico_time/time.c.o
                0x100045fc                best_effort_wfe_or_timeout
 .text.timer_hardware_alarm_claim
                0x10004728       0x14 CMakeFiles/tof_rig.dir/third_party/pico-sdk/src/rp2_common/hardware_timer/timer.c.o
                0x10004728                timer_hardware_alarm_claim
 .text.timer_time_us_64
                0x1000473c       0x10 CMakeFiles/tof_rig.dir/third_party/pico-sdk/src/rp2_common/hardware_timer/timer.c.o
                0x1000473c                timer_time_us_64
 .text.time_us_64
                0x1000474c       0x14 CMakeFiles/tof_rig.dir/third_party/pico-sdk/src/rp2_common/hardware_timer/timer.c.o
                0x1000474c                time_us_64
 .text.busy_wait_us
                0x10004760       0x6c CMakeFiles/tof_rig.dir/third_party/pico-sdk/src/rp2_common/hardware_timer/timer.c.o
                0x10004760                busy_wait_us
 .text.busy_wait_until
                0x100047cc       0x20 CMakeFiles/tof_rig.dir/third_party/pico-sdk/src/rp2_common/hardware_timer/timer.c.o
                0x100047cc                busy_wait_until
 .text.clock_configure_int_divider
                0x100047ec       0xec CMakeFiles/tof_rig.dir/third_party/pico-sdk/src/rp2_common/hardware_clocks/clocks.c.o
                0x100047ec                clock_configure_int_divider
 .text.clock_configure_undivided
                0x100048d8       0xe0 CMakeFiles/tof_rig.dir/third_party/pico-sdk/src/rp2_common/hardware_clocks/clocks.c.o
                0x100048d8                clock_configure_undivided
 .text.clock_get_hz
                0x100049b8        0xc CMakeFiles/tof_rig.dir/third_party/pico-sdk/src/rp2_common/hardware_clocks/clocks.c.o
                0x100049b8                clock_get_hz
 .text.pll_init
                0x100049c4       0xb0 CMakeFiles/tof_rig.dir/third_party/pico-sdk/src/rp2_common/hardware_pll/pll.c.o
                0x100049c4                pll_init
 .text.watchdog_reboot
                0x10004a74       0x9c CMakeFiles/tof_rig.dir/third_party/pico-sdk/src/rp2_common/hardware_watchdog/watchdog.c.o
                0x10004a74                watchdog_reboot
 .text.tick_start
                0x10004b10       0x10 CMakeFiles/tof_rig.dir/third_party/pico-sdk/src/rp2_common/hardware_ticks/ticks.c.o
                0x10004b10                tick_start
 .text.rom_func_lookup
                0x10004b20       0x10 CMakeFiles/tof_rig.dir/third_party/pico-sdk/src/rp2_common/pico_bootrom/bootrom.c.o
                0x10004b20                rom_func_lookup
 .text.rom_data_lookup
                0x10004b30       0x10 CMakeFiles/tof_rig.dir/third_party/pico-sdk/src/rp2_common/pico_bootrom/bootrom.c.o
                0x10004b30                rom_data_lookup
 .text.rom_funcs_lookup
                0x10004b40       0x44 CMakeFiles/tof_rig.dir/third_party/pico-sdk/src/rp2_common/pico_bootrom/bootrom.c.o
                0x10004b40                rom_funcs_lookup
 .text.rom_reset_usb_boot_extra
                0x10004b84       0x24 CMakeFiles/tof_rig.dir/third_party/pico-sdk/src/rp2_common/pico_bootrom/bootrom.c.o
                0x10004b84                rom_reset_usb_boot_extra
 .text.xosc_init
                0x10004ba8       0x28 CMakeFiles/tof_rig.dir/third_party/pico-sdk/src/rp2_common/hardware_xosc/xosc.c.o
                0x10004ba8                xosc_init
 .text.first_per_core_initializer
                0x10004bd0        0x4 CMakeFiles/tof_rig.dir/third_party/pico-sdk/src/rp2_common/pico_runtime/runtime.c.o
 .text.hard_assertion_failure
                0x10004bd4        0xc CMakeFiles/tof_rig.dir/third_party/pico-sdk/src/rp2_common/pico_runtime/runtime.c.o
                0x10004bd4                hard_assertion_failure
 .text.runtime_run_initializers
                0x10004be0       0x28 CMakeFiles/tof_rig.dir/third_party/pico-sdk/src/rp2_common/pico_runtime/runtime.c.o
                0x10004be0                runtime_run_initializers
 .text.runtime_init_early_resets
                0x10004c08       0x2c CMakeFiles/tof_rig.dir/third_party/pico-sdk/src/rp2_common/pico_runtime_init/runtime_init.c.o
                0x10004c08                runtime_init_early_resets
 .text.runtime_init_usb_power_down
                0x10004c34       0x1c CMakeFiles/tof_rig.dir/third_party/pico-sdk/src/rp2_common/pico_runtime_init/runtime_init.c.o
                0x10004c34                runtime_init_usb_power_down
 .text.runtime_init_post_clock_resets
                0x10004c50       0x20 CMakeFiles/tof_rig.dir/third_party/pico-sdk/src/rp2_common/pico_runtime_init/runtime_init.c.o
                0x10004c50                runtime_init_post_clock_resets
 .text.runtime_init_rp2040_gpio_ie_disable
                0x10004c70       0x14 CMakeFiles/tof_rig.dir/third_party/pico-sdk/src/rp2_common/pico_runtime_init/runtime_init.c.o
                0x10004c70                runtime_init_rp2040_gpio_ie_disable
 .text.runtime_init_spin_locks_reset
                0x10004c84        0x8 CMakeFiles/tof_rig.dir/third_party/pico-sdk/src/rp2_common/pico_runtime_init/runtime_init.c.o
                0x10004c84                runtime_init_spin_locks_reset
 .text.runtime_init_install_ram_vector_table
                0x10004c8c       0xb4 CMakeFiles/tof_rig.dir/third_party/pico-sdk/src/rp2_common/pico_runtime_init/runtime_init.c.o
                0x10004c8c                runtime_init_install_ram_vector_table
 .text.runtime_init_clocks
                0x10004d40       0xd8 CMakeFiles/tof_rig.dir/third_party/pico-sdk/src/rp2_common/pico_runtime_init/runtime_init_clocks.c.o
                0x10004d40                runtime_init_clocks
 .text          0x10004e18       0x10 CMakeFiles/tof_rig.dir/third_party/pico-sdk/src/rp2_common/pico_bit_ops/bit_ops_aeabi.S.o
 .text.__wrap___aeabi_idiv
                0x10004e28       0x50 CMakeFiles/tof_rig.dir/third_party/pico-sdk/src/rp2_common/pico_divider/divider_hardware.S.o
                0x10004e28                __wrap___aeabi_idivmod
                0x10004e28                divmod_s32s32
                0x10004e28                div_s32s32
                0x10004e28                __wrap___aeabi_idiv
                0x10004e5c                divmod_s32s32_savestate
 .text.__wrap___aeabi_uidiv
                0x10004e78       0x4c CMakeFiles/tof_rig.dir/third_party/pico-sdk/src/rp2_common/pico_divider/divider_hardware.S.o
                0x10004e78                __wrap___aeabi_uidiv
                0x10004e78                __wrap___aeabi_uidivmod
                0x10004e78                div_u32u32
                0x10004e78                divmod_u32u32
                0x10004ea8                divmod_u32u32_savestate
 .text.__wrap___aeabi_ldiv
                0x10004ec4      0x424 CMakeFiles/tof_rig.dir/third_party/pico-sdk/src/rp2_common/pico_divider/divider_hardware.S.o
                0x10004ec4                div_s64s64
                0x10004ec4                divmod_s64s64
                0x10004ec4                __wrap___aeabi_ldivmod
                0x10004ef4                div_u64u64
                0x10004ef4                divmod_u64u64
                0x10004ef4                __wrap___aeabi_uldivmod
                0x10004f04                divmod_u64u64_savestate
                0x10004f24                divmod_s64s64_unsafe
                0x10004fac                divmod_u64u64_unsafe
 .text.__wrap___aeabi_darithmetic
                0x100052e8       0x60 CMakeFiles/tof_rig.dir/third_party/pico-sdk/src/rp2_common/pico_double/double_aeabi_rp2040.S.o
                0x100052e8                __wrap___aeabi_drsub
                0x100052ee                __wrap___aeabi_dsub
                0x100052f8                __wrap___aeabi_dadd
                0x10005302                __wrap___aeabi_ddiv
                0x10005336                __wrap___aeabi_dmul
 .text.__wrap___aeabi_cdcmple
                0x10005348       0x6c CMakeFiles/tof_rig.dir/third_party/pico-sdk/src/rp2_common/pico_double/double_aeabi_rp2040.S.o
                0x10005348                __wrap___aeabi_cdrcmple
                0x10005358                __wrap___aeabi_cdcmple
                0x10005358                __wrap___aeabi_cdcmpeq
 .text.__wrap___aeabi_dcmpeq
                0x100053b4       0x10 CMakeFiles/tof_rig.dir/third_party/pico-sdk/src/rp2_common/pico_double/double_aeabi_rp2040.S.o
                0x100053b4                __wrap___aeabi_dcmpeq
 .text.__wrap___aeabi_dcmplt
                0x100053c4        0xc CMakeFiles/tof_rig.dir/third_party/pico-sdk/src/rp2_common/pico_double/double_aeabi_rp2040.S.o
                0x100053c4                __wrap___aeabi_dcmplt
 .text.__wrap___aeabi_dcmple
                0x100053d0       0x10 CMakeFiles/tof_rig.dir/third_party/pico-sdk/src/rp2_common/pico_double/double_aeabi_rp2040.S.o
                0x100053d0                __wrap___aeabi_dcmple
 .text.__wrap___aeabi_dcmpge
                0x100053e0       0x10 CMakeFiles/tof_rig.dir/third_party/pico-sdk/src/rp2_common/pico_double/double_aeabi_rp2040.S.o
                0x100053e0                __wrap___aeabi_dcmpge
 .text.__wrap___aeabi_dcmpgt
                0x100053f0        0xa CMakeFiles/tof_rig.dir/third_party/pico-sdk/src/rp2_common/pico_double/double_aeabi_rp2040.S.o
                0x100053f0                __wrap___aeabi_dcmpgt
 .text.__wrap___aeabi_dcmpun
                0x100053fa       0x18 CMakeFiles/tof_rig.dir/third_party/pico-sdk/src/rp2_common/pico_double/double_aeabi_rp2040.S.o
                0x100053fa                __wrap___aeabi_dcmpun
 *fill*         0x10005412        0x2 
 .text.__wrap___aeabi_i2d
                0x10005414       0x38 CMakeFiles/tof_rig.dir/third_party/pico-sdk/src/rp2_common/pico_double/double_aeabi_rp2040.S.o
                0x10005414                __wrap___aeabi_ui2d
                0x10005414                uint2double
                0x1000541c                __wrap___aeabi_i2d
                0x1000541c                int2double
 .text.__wrap___aeabi_d2iz
                0x1000544c       0x48 CMakeFiles/tof_rig.dir/third_party/pico-sdk/src/rp2_common/pico_double/double_aeabi_rp2040.S.o
                0x1000544c                __wrap___aeabi_d2iz
                0x1000544c                double2int_z
 .text.__wrap___aeabi_d2uiz
                0x10005494       0x10 CMakeFiles/tof_rig.dir/third_party/pico-sdk/src/rp2_common/pico_double/double_aeabi_rp2040.S.o
                0x10005494                double2uint_z
                0x10005494                double2uint
                0x10005494                __wrap___aeabi_d2uiz
 .text.__wrap___aeabi_l2d
                0x100054a4       0x10 CMakeFiles/tof_rig.dir/third_party/pico-sdk/src/rp2_common/pico_double/double_aeabi_rp2040.S.o
                0x100054a4                __wrap___aeabi_l2d
                0x100054a4                int642double
 .text.__wrap___aeabi_d2lz
                0x100054b4       0x26 CMakeFiles/tof_rig.dir/third_party/pico-sdk/src/rp2_common/pico_double/double_aeabi_rp2040.S.o
                0x100054b4                __wrap___aeabi_d2lz
                0x100054b4                double2int64_z
 *fill*         0x100054da        0x2 
 .text.double2int64
                0x100054dc       0x10 CMakeFiles/tof_rig.dir/third_party/pico-sdk/src/rp2_common/pico_double/double_aeabi_rp2040.S.o
                0x100054dc                double2int64
 .text.double2ufix64
                0x100054ec       0x10 CMakeFiles/tof_rig.dir/third_party/pico-sdk/src/rp2_common/pico_double/double_aeabi_rp2040.S.o
                0x100054ec                double2ufix64
                0x100054ec                double2ufix64_z
 .text.__wrap___aeabi_d2f
                0x100054fc       0x10 CMakeFiles/tof_rig.dir/third_party/pico-sdk/src/rp2_common/pico_double/double_aeabi_rp2040.S.o
                0x100054fc                __wrap___aeabi_d2f
 .text.missing_double_func_shim
                0x1000550c        0xc CMakeFiles/tof_rig.dir/third_party/pico-sdk/src/rp2_common/pico_double/double_init_rom_rp2040.c.o
 .text.__aeabi_double_init
                0x10005518       0xa0 CMakeFiles/tof_rig.dir/third_party/pico-sdk/src/rp2_common/pico_double/double_init_rom_rp2040.c.o
                0x10005518                __aeabi_double_init
 .text.double_table_shim_on_use_helper
                0x100055b8       0x2c CMakeFiles/tof_rig.dir/third_party/pico-sdk/src/rp2_common/pico_double/double_v1_rom_shim_rp2040.S.o
                0x100055b8                double_table_shim_on_use_helper
 .text.__aeabi_lmul
                0x100055e4       0x32 CMakeFiles/tof_rig.dir/third_party/pico-sdk/src/rp2_common/pico_int64_ops/pico_int64_ops_aeabi.S.o
                0x100055e4                __wrap___aeabi_lmul
 *fill*         0x10005616        0x2 
 .text.missing_float_func_shim
                0x10005618        0xc CMakeFiles/tof_rig.dir/third_party/pico-sdk/src/rp2_common/pico_float/float_init_rom_rp2040.c.o
 .text.__aeabi_float_init
                0x10005624       0x60 CMakeFiles/tof_rig.dir/third_party/pico-sdk/src/rp2_common/pico_float/float_init_rom_rp2040.c.o
                0x10005624                __aeabi_float_init
 .text          0x10005684       0x10 CMakeFiles/tof_rig.dir/third_party/pico-sdk/src/rp2_common/pico_mem_ops/mem_ops_aeabi.S.o
                0x10005684                __aeabi_mem_init
 .text.memset   0x10005694        0xc CMakeFiles/tof_rig.dir/third_party/pico-sdk/src/rp2_common/pico_mem_ops/mem_ops_aeabi.S.o
                0x10005694                __wrap_memset
 .text.memcpy   0x100056a0        0xc CMakeFiles/tof_rig.dir/third_party/pico-sdk/src/rp2_common/pico_mem_ops/mem_ops_aeabi.S.o
                0x100056a0                __wrap___aeabi_memcpy
                0x100056a0                __wrap_memcpy
 .text._out_buffer
                0x100056ac        0x8 CMakeFiles/tof_rig.dir/third_party/pico-sdk/src/rp2_common/pico_printf/printf.c.o
 .text._out_null
                0x100056b4        0x4 CMakeFiles/tof_rig.dir/third_party/pico-sdk/src/rp2_common/pico_printf/printf.c.o
 .text._out_rev
                0x100056b8       0xa8 CMakeFiles/tof_rig.dir/third_party/pico-sdk/src/rp2_common/pico_printf/printf.c.o
 .text._ntoa_format
                0x10005760      0x1d8 CMakeFiles/tof_rig.dir/third_party/pico-sdk/src/rp2_common/pico_printf/printf.c.o
 .text._out_char
                0x10005938       0x10 CMakeFiles/tof_rig.dir/third_party/pico-sdk/src/rp2_common/pico_printf/printf.c.o
 .text._out_fct
                0x10005948       0x10 CMakeFiles/tof_rig.dir/third_party/pico-sdk/src/rp2_common/pico_printf/printf.c.o
 .text._ftoa    0x10005958      0x474 CMakeFiles/tof_rig.dir/third_party/pico-sdk/src/rp2_common/pico_printf/printf.c.o
 .text._etoa    0x10005dcc      0x560 CMakeFiles/tof_rig.dir/third_party/pico-sdk/src/rp2_common/pico_printf/printf.c.o
 .text._vsnprintf
                0x1000632c      0xab8 CMakeFiles/tof_rig.dir/third_party/pico-sdk/src/rp2_common/pico_printf/printf.c.o
 .text.__wrap_sprintf
                0x10006de4       0x28 CMakeFiles/tof_rig.dir/third_party/pico-sdk/src/rp2_common/pico_printf/printf.c.o
                0x10006de4                __wrap_sprintf
 .text.vfctprintf
                0x10006e0c       0x20 CMakeFiles/tof_rig.dir/third_party/pico-sdk/src/rp2_common/pico_printf/printf.c.o
                0x10006e0c                vfctprintf
 .text.weak_raw_printf
                0x10006e2c       0x40 CMakeFiles/tof_rig.dir/third_party/pico-sdk/src/rp2_common/pico_printf/printf.c.o
                0x10006e2c                weak_raw_printf
 .text.weak_raw_vprintf
                0x10006e6c       0x30 CMakeFiles/tof_rig.dir/third_party/pico-sdk/src/rp2_common/pico_printf/printf.c.o
                0x10006e6c                weak_raw_vprintf
 .text._exit    0x10006e9c        0x4 CMakeFiles/tof_rig.dir/third_party/pico-sdk/src/rp2_common/pico_clib_interface/newlib_interface.c.o
                0x10006e9c                _exit
 .text._fini    0x10006ea0        0x4 CMakeFiles/tof_rig.dir/third_party/pico-sdk/src/rp2_common/pico_clib_interface/newlib_interface.c.o
                0x10006ea0                _fini
 .text._sbrk    0x10006ea4       0x34 CMakeFiles/tof_rig.dir/third_party/pico-sdk/src/rp2_common/pico_clib_interface/newlib_interface.c.o
                0x10006ea4                _sbrk
 .text.exit     0x10006ed8        0x8 CMakeFiles/tof_rig.dir/third_party/pico-sdk/src/rp2_common/pico_clib_interface/newlib_interface.c.o
                0x10006ed8                exit
 .text.__assert_func
                0x10006ee0       0x38 CMakeFiles/tof_rig.dir/third_party/pico-sdk/src/rp2_common/pico_clib_interface/newlib_interface.c.o
                0x10006ee0                __assert_func
 .text.runtime_init
                0x10006f18       0x2c CMakeFiles/tof_rig.dir/third_party/pico-sdk/src/rp2_common/pico_clib_interface/newlib_interface.c.o
                0x10006f18                runtime_init
 .text.stdio_out_chars_no_crlf
                0x10006f44       0x10 CMakeFiles/tof_rig.dir/third_party/pico-sdk/src/rp2_common/pico_stdio/stdio.c.o
 .text.stdio_out_chars_crlf
                0x10006f54       0x90 CMakeFiles/tof_rig.dir/third_party/pico-sdk/src/rp2_common/pico_stdio/stdio.c.o
 .text.stdio_buffered_printer
                0x10006fe4       0x58 CMakeFiles/tof_rig.dir/third_party/pico-sdk/src/rp2_common/pico_stdio/stdio.c.o
 .text.stdio_put_string
                0x1000703c       0xf4 CMakeFiles/tof_rig.dir/third_party/pico-sdk/src/rp2_common/pico_stdio/stdio.c.o
                0x1000703c                stdio_put_string
 .text.stdio_set_driver_enabled
                0x10007130       0x30 CMakeFiles/tof_rig.dir/third_party/pico-sdk/src/rp2_common/pico_stdio/stdio.c.o
                0x10007130                stdio_set_driver_enabled
 .text.stdio_init_all
                0x10007160        0x8 CMakeFiles/tof_rig.dir/third_party/pico-sdk/src/rp2_common/pico_stdio/stdio.c.o
                0x10007160                stdio_init_all
 .text.stdio_getchar_timeout_us
                0x10007168       0x98 CMakeFiles/tof_rig.dir/third_party/pico-sdk/src/rp2_common/pico_stdio/stdio.c.o
                0x10007168                stdio_getchar_timeout_us
 .text.__wrap_putchar
                0x10007200       0x94 CMakeFiles/tof_rig.dir/third_party/pico-sdk/src/rp2_common/pico_stdio/stdio.c.o
                0x10007200                stdio_putchar
                0x10007200                __wrap_putchar
 .text.__wrap_puts
                0x10007294       0x3c CMakeFiles/tof_rig.dir/third_party/pico-sdk/src/rp2_common/pico_stdio/stdio.c.o
                0x10007294                __wrap_puts
                0x10007294                stdio_puts
 .text.__wrap_vprintf
                0x100072d0       0xc8 CMakeFiles/tof_rig.dir/third_party/pico-sdk/src/rp2_common/pico_stdio/stdio.c.o
                0x100072d0                __wrap_vprintf
                0x100072d0                stdio_vprintf
 .text.__wrap_printf
                0x10007398       0x18 CMakeFiles/tof_rig.dir/third_party/pico-sdk/src/rp2_common/pico_stdio/stdio.c.o
                0x10007398                stdio_printf
                0x10007398                __wrap_printf
 .text.stdio_usb_set_chars_available_callback
                0x100073b0       0x14 CMakeFiles/tof_rig.dir/third_party/pico-sdk/src/rp2_common/pico_stdio_usb/stdio_usb.c.o
                0x100073b0                stdio_usb_set_chars_available_callback
 .text.usb_irq  0x100073c4       0x10 CMakeFiles/tof_rig.dir/third_party/pico-sdk/src/rp2_common/pico_stdio_usb/stdio_usb.c.o
 .text.timer_task
                0x100073d4       0x64 CMakeFiles/tof_rig.dir/third_party/pico-sdk/src/rp2_common/pico_stdio_usb/stdio_usb.c.o
 .text.stdio_usb_in_chars
                0x10007438       0x8c CMakeFiles/tof_rig.dir/third_party/pico-sdk/src/rp2_common/pico_stdio_usb/stdio_usb.c.o
                0x10007438                stdio_usb_in_chars
 .text.stdio_usb_out_flush
                0x100074c4       0x4c CMakeFiles/tof_rig.dir/third_party/pico-sdk/src/rp2_common/pico_stdio_usb/stdio_usb.c.o
 .text.stdio_usb_out_chars
                0x10007510       0xf8 CMakeFiles/tof_rig.dir/third_party/pico-sdk/src/rp2_common/pico_stdio_usb/stdio_usb.c.o
 .text.low_priority_worker_irq
                0x10007608       0xc4 CMakeFiles/tof_rig.dir/third_party/pico-sdk/src/rp2_common/pico_stdio_usb/stdio_usb.c.o
 .text.stdio_usb_init
                0x100076cc       0xe4 CMakeFiles/tof_rig.dir/third_party/pico-sdk/src/rp2_common/pico_stdio_usb/stdio_usb.c.o
                0x100076cc                stdio_usb_init
 .text.tud_descriptor_device_cb
                0x100077b0        0x8 CMakeFiles/tof_rig.dir/third_party/pico-sdk/src/rp2_common/pico_stdio_usb/stdio_usb_descriptors.c.o
                0x100077b0                tud_descriptor_device_cb
 .text.tud_descriptor_configuration_cb
                0x100077b8        0x8 CMakeFiles/tof_rig.dir/third_party/pico-sdk/src/rp2_common/pico_stdio_usb/stdio_usb_descriptors.c.o
                0x100077b8                tud_descriptor_configuration_cb
 .text.tud_descriptor_string_cb
                0x100077c0       0x70 CMakeFiles/tof_rig.dir/third_party/pico-sdk/src/rp2_common/pico_stdio_usb/stdio_usb_descriptors.c.o
                0x100077c0                tud_descriptor_string_cb
 .text.startup._retrieve_unique_id_on_boot
                0x10007830       0x10 CMakeFiles/tof_rig.dir/third_party/pico-sdk/src/rp2_common/pico_unique_id/unique_id.c.o
 .text.pico_get_unique_board_id_string
                0x10007840      0x1e0 CMakeFiles/tof_rig.dir/third_party/pico-sdk/src/rp2_common/pico_unique_id/unique_id.c.o
                0x10007840                pico_get_unique_board_id_string
 .text.flash_get_unique_id
                0x10007a20       0x3c CMakeFiles/tof_rig.dir/third_party/pico-sdk/src/rp2_common/hardware_flash/flash.c.o
                0x10007a20                flash_get_unique_id
 .text.usb_reset_interface_init
                0x10007a5c        0x4 CMakeFiles/tof_rig.dir/third_party/pico-sdk/src/rp2_common/pico_usb_reset/usb_reset.c.o
                0x10007a5c                usb_reset_interface_init
 .text.usb_reset_interface_reset
                0x10007a60        0xc CMakeFiles/tof_rig.dir/third_party/pico-sdk/src/rp2_common/pico_usb_reset/usb_reset.c.o
                0x10007a60                usb_reset_interface_reset
 .text.usb_reset_interface_open
                0x10007a6c       0x28 CMakeFiles/tof_rig.dir/third_party/pico-sdk/src/rp2_common/pico_usb_reset/usb_reset.c.o
                0x10007a6c                usb_reset_interface_open
 .text.usb_reset_interface_xfer_cb
                0x10007a94        0x4 CMakeFiles/tof_rig.dir/third_party/pico-sdk/src/rp2_common/pico_usb_reset/usb_reset.c.o
                0x10007a94                usb_reset_interface_xfer_cb
 .text.usb_reset_interface_control_xfer_cb
                0x10007a98       0x60 CMakeFiles/tof_rig.dir/third_party/pico-sdk/src/rp2_common/pico_usb_reset/usb_reset.c.o
                0x10007a98                usb_reset_interface_control_xfer_cb
 .text.tud_descriptor_bos_cb
                0x10007af8        0x8 CMakeFiles/tof_rig.dir/third_party/pico-sdk/src/rp2_common/pico_usb_reset/usb_reset.c.o
                0x10007af8                tud_descriptor_bos_cb
 .text.tud_vendor_control_xfer_cb
                0x10007b00       0x38 CMakeFiles/tof_rig.dir/third_party/pico-sdk/src/rp2_common/pico_usb_reset/usb_reset.c.o
                0x10007b00                tud_vendor_control_xfer_cb
 .text.usbd_app_driver_get_cb
                0x10007b38        0xc CMakeFiles/tof_rig.dir/third_party/pico-sdk/src/rp2_common/pico_usb_reset/usb_reset.c.o
                0x10007b38                usbd_app_driver_get_cb
 .text.tud_cdc_line_coding_cb
                0x10007b44       0x2c CMakeFiles/tof_rig.dir/third_party/pico-sdk/src/rp2_common/pico_usb_reset/usb_reset.c.o
                0x10007b44                tud_cdc_line_coding_cb
 .text.dcd_init
                0x10007b70       0x90 CMakeFiles/tof_rig.dir/third_party/pico-sdk/lib/tinyusb/src/portable/raspberrypi/rp2040/dcd_rp2040.c.o
                0x10007b70                dcd_init
 .text.dcd_int_enable
                0x10007c00        0xc CMakeFiles/tof_rig.dir/third_party/pico-sdk/lib/tinyusb/src/portable/raspberrypi/rp2040/dcd_rp2040.c.o
                0x10007c00                dcd_int_enable
 .text.dcd_set_address
                0x10007c0c       0x14 CMakeFiles/tof_rig.dir/third_party/pico-sdk/lib/tinyusb/src/portable/raspberrypi/rp2040/dcd_rp2040.c.o
                0x10007c0c                dcd_set_address
 .text.dcd_sof_enable
                0x10007c20       0x1c CMakeFiles/tof_rig.dir/third_party/pico-sdk/lib/tinyusb/src/portable/raspberrypi/rp2040/dcd_rp2040.c.o
                0x10007c20                dcd_sof_enable
 .text.dcd_edpt0_status_complete
                0x10007c3c       0x1c CMakeFiles/tof_rig.dir/third_party/pico-sdk/lib/tinyusb/src/portable/raspberrypi/rp2040/dcd_rp2040.c.o
                0x10007c3c                dcd_edpt0_status_complete
 .text.dcd_edpt_open
                0x10007c58       0xfc CMakeFiles/tof_rig.dir/third_party/pico-sdk/lib/tinyusb/src/portable/raspberrypi/rp2040/dcd_rp2040.c.o
                0x10007c58                dcd_edpt_open
 .text.dcd_edpt_close_all
                0x10007d54        0x8 CMakeFiles/tof_rig.dir/third_party/pico-sdk/lib/tinyusb/src/portable/raspberrypi/rp2040/dcd_rp2040.c.o
                0x10007d54                dcd_edpt_close_all
 .text.dcd_edpt_xfer
                0x10007d5c       0x24 CMakeFiles/tof_rig.dir/third_party/pico-sdk/lib/tinyusb/src/portable/raspberrypi/rp2040/dcd_rp2040.c.o
                0x10007d5c                dcd_edpt_xfer
 .text.dcd_edpt_stall
                0x10007d80       0x3c CMakeFiles/tof_rig.dir/third_party/pico-sdk/lib/tinyusb/src/portable/raspberrypi/rp2040/dcd_rp2040.c.o
                0x10007d80                dcd_edpt_stall
 .text.dcd_edpt_clear_stall
                0x10007dbc       0x30 CMakeFiles/tof_rig.dir/third_party/pico-sdk/lib/tinyusb/src/portable/raspberrypi/rp2040/dcd_rp2040.c.o
                0x10007dbc                dcd_edpt_clear_stall
 .text.rp2040_usb_init
                0x10007dec       0x40 CMakeFiles/tof_rig.dir/third_party/pico-sdk/lib/tinyusb/src/portable/raspberrypi/rp2040/rp2040_usb.c.o
                0x10007dec                rp2040_usb_init
 .text.hw_endpoint_xfer_start
                0x10007e2c       0x40 CMakeFiles/tof_rig.dir/third_party/pico-sdk/lib/tinyusb/src/portable/raspberrypi/rp2040/rp2040_usb.c.o
                0x10007e2c                hw_endpoint_xfer_start
 .text.tud_event_hook_cb
                0x10007e6c        0x4 CMakeFiles/tof_rig.dir/third_party/pico-sdk/lib/tinyusb/src/device/usbd.c.o
                0x10007e6c                tud_event_hook_cb
 .text.tud_sof_cb
                0x10007e70        0x4 CMakeFiles/tof_rig.dir/third_party/pico-sdk/lib/tinyusb/src/device/usbd.c.o
                0x10007e70                tud_sof_cb
 .text.tud_descriptor_device_qualifier_cb
                0x10007e74        0x4 CMakeFiles/tof_rig.dir/third_party/pico-sdk/lib/tinyusb/src/device/usbd.c.o
                0x10007e74                tud_descriptor_device_qualifier_cb
 .text.tud_descriptor_other_speed_configuration_cb
                0x10007e78        0x4 CMakeFiles/tof_rig.dir/third_party/pico-sdk/lib/tinyusb/src/device/usbd.c.o
                0x10007e78                tud_descriptor_other_speed_configuration_cb
 .text.tud_mount_cb
                0x10007e7c        0x4 CMakeFiles/tof_rig.dir/third_party/pico-sdk/lib/tinyusb/src/device/usbd.c.o
                0x10007e7c                tud_mount_cb
 .text.tud_umount_cb
                0x10007e80        0x4 CMakeFiles/tof_rig.dir/third_party/pico-sdk/lib/tinyusb/src/device/usbd.c.o
                0x10007e80                tud_umount_cb
 .text.tud_suspend_cb
                0x10007e84        0x4 CMakeFiles/tof_rig.dir/third_party/pico-sdk/lib/tinyusb/src/device/usbd.c.o
                0x10007e84                tud_suspend_cb
 .text.tud_resume_cb
                0x10007e88        0x4 CMakeFiles/tof_rig.dir/third_party/pico-sdk/lib/tinyusb/src/device/usbd.c.o
                0x10007e88                tud_resume_cb
 .text.tud_mounted
                0x10007e8c       0x10 CMakeFiles/tof_rig.dir/third_party/pico-sdk/lib/tinyusb/src/device/usbd.c.o
                0x10007e8c                tud_mounted
 .text.tud_suspended
                0x10007e9c       0x10 CMakeFiles/tof_rig.dir/third_party/pico-sdk/lib/tinyusb/src/device/usbd.c.o
                0x10007e9c                tud_suspended
 .text.tud_rhport_init
                0x10007eac       0xe8 CMakeFiles/tof_rig.dir/third_party/pico-sdk/lib/tinyusb/src/device/usbd.c.o
                0x10007eac                tud_rhport_init
 .text.tud_task_ext
                0x10007f94      0x7d8 CMakeFiles/tof_rig.dir/third_party/pico-sdk/lib/tinyusb/src/device/usbd.c.o
                0x10007f94                tud_task_ext
 .text.usbd_open_edpt_pair
                0x1000876c       0x98 CMakeFiles/tof_rig.dir/third_party/pico-sdk/lib/tinyusb/src/device/usbd.c.o
                0x1000876c                usbd_open_edpt_pair
 .text.usbd_edpt_open
                0x10008804       0x34 CMakeFiles/tof_rig.dir/third_party/pico-sdk/lib/tinyusb/src/device/usbd.c.o
                0x10008804                usbd_edpt_open
 .text.usbd_edpt_claim
                0x10008838       0x28 CMakeFiles/tof_rig.dir/third_party/pico-sdk/lib/tinyusb/src/device/usbd.c.o
                0x10008838                usbd_edpt_claim
 .text.usbd_edpt_release
                0x10008860       0x28 CMakeFiles/tof_rig.dir/third_party/pico-sdk/lib/tinyusb/src/device/usbd.c.o
                0x10008860                usbd_edpt_release
 .text.usbd_edpt_xfer
                0x10008888       0x50 CMakeFiles/tof_rig.dir/third_party/pico-sdk/lib/tinyusb/src/device/usbd.c.o
                0x10008888                usbd_edpt_xfer
 .text.tud_control_status
                0x100088d8       0x2c CMakeFiles/tof_rig.dir/third_party/pico-sdk/lib/tinyusb/src/device/usbd_control.c.o
                0x100088d8                tud_control_status
 .text.tud_control_xfer
                0x10008904       0xa0 CMakeFiles/tof_rig.dir/third_party/pico-sdk/lib/tinyusb/src/device/usbd_control.c.o
                0x10008904                tud_control_xfer
 .text.usbd_control_reset
                0x100089a4       0x14 CMakeFiles/tof_rig.dir/third_party/pico-sdk/lib/tinyusb/src/device/usbd_control.c.o
                0x100089a4                usbd_control_reset
 .text.usbd_control_set_complete_callback
                0x100089b8        0xc CMakeFiles/tof_rig.dir/third_party/pico-sdk/lib/tinyusb/src/device/usbd_control.c.o
                0x100089b8                usbd_control_set_complete_callback
 .text.usbd_control_set_request
                0x100089c4       0x1c CMakeFiles/tof_rig.dir/third_party/pico-sdk/lib/tinyusb/src/device/usbd_control.c.o
                0x100089c4                usbd_control_set_request
 .text.usbd_control_xfer_cb
                0x100089e0       0xe8 CMakeFiles/tof_rig.dir/third_party/pico-sdk/lib/tinyusb/src/device/usbd_control.c.o
                0x100089e0                usbd_control_xfer_cb
 .text._prep_out_transaction.isra.0
                0x10008ac8       0x6c CMakeFiles/tof_rig.dir/third_party/pico-sdk/lib/tinyusb/src/class/cdc/cdc_device.c.o
 .text.tud_cdc_n_connected
                0x10008b34       0x2c CMakeFiles/tof_rig.dir/third_party/pico-sdk/lib/tinyusb/src/class/cdc/cdc_device.c.o
                0x10008b34                tud_cdc_n_connected
 .text.tud_cdc_n_available
                0x10008b60       0x14 CMakeFiles/tof_rig.dir/third_party/pico-sdk/lib/tinyusb/src/class/cdc/cdc_device.c.o
                0x10008b60                tud_cdc_n_available
 .text.tud_cdc_n_read
                0x10008b74       0x88 CMakeFiles/tof_rig.dir/third_party/pico-sdk/lib/tinyusb/src/class/cdc/cdc_device.c.o
                0x10008b74                tud_cdc_n_read
 .text.tud_cdc_n_write_flush
                0x10008bfc       0x78 CMakeFiles/tof_rig.dir/third_party/pico-sdk/lib/tinyusb/src/class/cdc/cdc_device.c.o
                0x10008bfc                tud_cdc_n_write_flush
 .text.tud_cdc_n_write
                0x10008c74       0x40 CMakeFiles/tof_rig.dir/third_party/pico-sdk/lib/tinyusb/src/class/cdc/cdc_device.c.o
                0x10008c74                tud_cdc_n_write
 .text.tud_cdc_n_write_available
                0x10008cb4       0x14 CMakeFiles/tof_rig.dir/third_party/pico-sdk/lib/tinyusb/src/class/cdc/cdc_device.c.o
                0x10008cb4                tud_cdc_n_write_available
 .text.cdcd_init
                0x10008cc8       0x70 CMakeFiles/tof_rig.dir/third_party/pico-sdk/lib/tinyusb/src/class/cdc/cdc_device.c.o
                0x10008cc8                cdcd_init
 .text.cdcd_deinit
                0x10008d38       0x30 CMakeFiles/tof_rig.dir/third_party/pico-sdk/lib/tinyusb/src/class/cdc/cdc_device.c.o
                0x10008d38                cdcd_deinit
 .text.cdcd_reset
                0x10008d68       0x48 CMakeFiles/tof_rig.dir/third_party/pico-sdk/lib/tinyusb/src/class/cdc/cdc_device.c.o
                0x10008d68                cdcd_reset
 .text.cdcd_open
                0x10008db0       0xa8 CMakeFiles/tof_rig.dir/third_party/pico-sdk/lib/tinyusb/src/class/cdc/cdc_device.c.o
                0x10008db0                cdcd_open
 .text.cdcd_control_xfer_cb
                0x10008e58       0xf0 CMakeFiles/tof_rig.dir/third_party/pico-sdk/lib/tinyusb/src/class/cdc/cdc_device.c.o
                0x10008e58                cdcd_control_xfer_cb
 .text.cdcd_xfer_cb
                0x10008f48       0xf8 CMakeFiles/tof_rig.dir/third_party/pico-sdk/lib/tinyusb/src/class/cdc/cdc_device.c.o
                0x10008f48                cdcd_xfer_cb
 .text.tusb_rhport_init
                0x10009040       0x4c CMakeFiles/tof_rig.dir/third_party/pico-sdk/lib/tinyusb/src/tusb.c.o
                0x10009040                tusb_rhport_init
 .text.tu_edpt_claim
                0x1000908c       0x50 CMakeFiles/tof_rig.dir/third_party/pico-sdk/lib/tinyusb/src/tusb.c.o
                0x1000908c                tu_edpt_claim
 .text.tu_edpt_release
                0x100090dc       0x38 CMakeFiles/tof_rig.dir/third_party/pico-sdk/lib/tinyusb/src/tusb.c.o
                0x100090dc                tu_edpt_release
 .text.tu_edpt_validate
                0x10009114       0x74 CMakeFiles/tof_rig.dir/third_party/pico-sdk/lib/tinyusb/src/tusb.c.o
                0x10009114                tu_edpt_validate
 .text.tu_edpt_bind_driver
                0x10009188       0x34 CMakeFiles/tof_rig.dir/third_party/pico-sdk/lib/tinyusb/src/tusb.c.o
                0x10009188                tu_edpt_bind_driver
 .text.tu_fifo_config
                0x100091bc       0x6c CMakeFiles/tof_rig.dir/third_party/pico-sdk/lib/tinyusb/src/common/tusb_fifo.c.o
                0x100091bc                tu_fifo_config
 .text.tu_fifo_count
                0x10009228       0x2c CMakeFiles/tof_rig.dir/third_party/pico-sdk/lib/tinyusb/src/common/tusb_fifo.c.o
                0x10009228                tu_fifo_count
 .text.tu_fifo_empty
                0x10009254       0x10 CMakeFiles/tof_rig.dir/third_party/pico-sdk/lib/tinyusb/src/common/tusb_fifo.c.o
                0x10009254                tu_fifo_empty
 .text.tu_fifo_remaining
                0x10009264       0x2c CMakeFiles/tof_rig.dir/third_party/pico-sdk/lib/tinyusb/src/common/tusb_fifo.c.o
                0x10009264                tu_fifo_remaining
 .text.tu_fifo_read
                0x10009290       0x9c CMakeFiles/tof_rig.dir/third_party/pico-sdk/lib/tinyusb/src/common/tusb_fifo.c.o
                0x10009290                tu_fifo_read
 .text.tu_fifo_read_n
                0x1000932c       0xec CMakeFiles/tof_rig.dir/third_party/pico-sdk/lib/tinyusb/src/common/tusb_fifo.c.o
                0x1000932c                tu_fifo_read_n
 .text.tu_fifo_write
                0x10009418       0xa4 CMakeFiles/tof_rig.dir/third_party/pico-sdk/lib/tinyusb/src/common/tusb_fifo.c.o
                0x10009418                tu_fifo_write
 .text.tu_fifo_write_n
                0x100094bc      0x168 CMakeFiles/tof_rig.dir/third_party/pico-sdk/lib/tinyusb/src/common/tusb_fifo.c.o
                0x100094bc                tu_fifo_write_n
 .text.tu_fifo_clear
                0x10009624       0x40 CMakeFiles/tof_rig.dir/third_party/pico-sdk/lib/tinyusb/src/common/tusb_fifo.c.o
                0x10009624                tu_fifo_clear
 .text.tu_fifo_set_overwritable
                0x10009664       0x48 CMakeFiles/tof_rig.dir/third_party/pico-sdk/lib/tinyusb/src/common/tusb_fifo.c.o
                0x10009664                tu_fifo_set_overwritable
 .text.i2c_read_blocking_internal.constprop.0
                0x100096ac       0xac CMakeFiles/tof_rig.dir/third_party/pico-sdk/src/rp2_common/hardware_i2c/i2c.c.o
 .text.i2c_write_blocking_internal.constprop.0
                0x10009758       0xd4 CMakeFiles/tof_rig.dir/third_party/pico-sdk/src/rp2_common/hardware_i2c/i2c.c.o
 .text.i2c_set_baudrate
                0x1000982c       0xb4 CMakeFiles/tof_rig.dir/third_party/pico-sdk/src/rp2_common/hardware_i2c/i2c.c.o
                0x1000982c                i2c_set_baudrate
 .text.i2c_init
                0x100098e0       0x54 CMakeFiles/tof_rig.dir/third_party/pico-sdk/src/rp2_common/hardware_i2c/i2c.c.o
                0x100098e0                i2c_init
 .text.i2c_write_blocking
                0x10009934       0x14 CMakeFiles/tof_rig.dir/third_party/pico-sdk/src/rp2_common/hardware_i2c/i2c.c.o
                0x10009934                i2c_write_blocking
 .text.i2c_read_blocking
                0x10009948       0x14 CMakeFiles/tof_rig.dir/third_party/pico-sdk/src/rp2_common/hardware_i2c/i2c.c.o
                0x10009948                i2c_read_blocking
 .text.atoi     0x1000995c        0xc /usr/lib/gcc/arm-none-eabi/15.1.0/../../../../arm-none-eabi/lib/thumb/v6-m/nofp/libg.a(libc_a-atoi.o)
                0x1000995c                atoi
 .text._calloc_r
                0x10009968       0xa8 /usr/lib/gcc/arm-none-eabi/15.1.0/../../../../arm-none-eabi/lib/thumb/v6-m/nofp/libg.a(libc_a-callocr.o)
                0x10009968                _calloc_r
 .text._malloc_r
                0x10009a10      0x5cc /usr/lib/gcc/arm-none-eabi/15.1.0/../../../../arm-none-eabi/lib/thumb/v6-m/nofp/libg.a(libc_a-mallocr.o)
                0x10009a10                _malloc_r
 .text.__malloc_lock
                0x10009fdc       0x10 /usr/lib/gcc/arm-none-eabi/15.1.0/../../../../arm-none-eabi/lib/thumb/v6-m/nofp/libg.a(libc_a-mlock.o)
                0x10009fdc                __malloc_lock
 .text.__malloc_unlock
                0x10009fec       0x10 /usr/lib/gcc/arm-none-eabi/15.1.0/../../../../arm-none-eabi/lib/thumb/v6-m/nofp/libg.a(libc_a-mlock.o)
                0x10009fec                __malloc_unlock
 .text._realloc_r
                0x10009ffc      0x350 /usr/lib/gcc/arm-none-eabi/15.1.0/../../../../arm-none-eabi/lib/thumb/v6-m/nofp/libg.a(libc_a-reallocr.o)
                0x10009ffc                _realloc_r
 .text._strtol_l.isra.0
                0x1000a34c      0x158 /usr/lib/gcc/arm-none-eabi/15.1.0/../../../../arm-none-eabi/lib/thumb/v6-m/nofp/libg.a(libc_a-strtol.o)
 .text._strtol_r
                0x1000a4a4        0x8 /usr/lib/gcc/arm-none-eabi/15.1.0/../../../../arm-none-eabi/lib/thumb/v6-m/nofp/libg.a(libc_a-strtol.o)
                0x1000a4a4                _strtol_r
 .text.strtol   0x1000a4ac       0x18 /usr/lib/gcc/arm-none-eabi/15.1.0/../../../../arm-none-eabi/lib/thumb/v6-m/nofp/libg.a(libc_a-strtol.o)
                0x1000a4ac                strtol
 .text.sscanf   0x1000a4c4       0x54 /usr/lib/gcc/arm-none-eabi/15.1.0/../../../../arm-none-eabi/lib/thumb/v6-m/nofp/libg.a(libc_a-sscanf.o)
                0x1000a4c4                sscanf
 .text.__seofread
                0x1000a518        0x4 /usr/lib/gcc/arm-none-eabi/15.1.0/../../../../arm-none-eabi/lib/thumb/v6-m/nofp/libg.a(libc_a-stdio.o)
                0x1000a518                __seofread
 .text.strncmp  0x1000a51c       0x68 /usr/lib/gcc/arm-none-eabi/15.1.0/../../../../arm-none-eabi/lib/thumb/v6-m/nofp/libg.a(libc_a-strncmp.o)
                0x1000a51c                strncmp
 .text._sbrk_r  0x1000a584       0x24 /usr/lib/gcc/arm-none-eabi/15.1.0/../../../../arm-none-eabi/lib/thumb/v6-m/nofp/libg.a(libc_a-sbrkr.o)
                0x1000a584                _sbrk_r
 .text.__errno  0x1000a5a8        0xc /usr/lib/gcc/arm-none-eabi/15.1.0/../../../../arm-none-eabi/lib/thumb/v6-m/nofp/libg.a(libc_a-errno.o)
                0x1000a5a8                __errno
 .text.__retarget_lock_acquire_recursive
                0x1000a5b4        0x4 /usr/lib/gcc/arm-none-eabi/15.1.0/../../../../arm-none-eabi/lib/thumb/v6-m/nofp/libg.a(libc_a-lock.o)
                0x1000a5b4                __retarget_lock_acquire_recursive
 .text.__retarget_lock_release_recursive
                0x1000a5b8        0x4 /usr/lib/gcc/arm-none-eabi/15.1.0/../../../../arm-none-eabi/lib/thumb/v6-m/nofp/libg.a(libc_a-lock.o)
                0x1000a5b8                __retarget_lock_release_recursive
 .text.sysconf  0x1000a5bc       0x1c /usr/lib/gcc/arm-none-eabi/15.1.0/../../../../arm-none-eabi/lib/thumb/v6-m/nofp/libg.a(libc_a-sysconf.o)
                0x1000a5bc                sysconf
 .text          0x1000a5d8       0x88 /usr/lib/gcc/arm-none-eabi/15.1.0/../../../../arm-none-eabi/lib/thumb/v6-m/nofp/libg.a(libc_a-strcmp.o)
                0x1000a5d8                strcmp
 .text.strlen   0x1000a660       0x5c /usr/lib/gcc/arm-none-eabi/15.1.0/../../../../arm-none-eabi/lib/thumb/v6-m/nofp/libg.a(libc_a-strlen-stub.o)
                0x1000a660                strlen
 .text._malloc_trim_r
                0x1000a6bc       0xb4 /usr/lib/gcc/arm-none-eabi/15.1.0/../../../../arm-none-eabi/lib/thumb/v6-m/nofp/libg.a(libc_a-freer.o)
                0x1000a6bc                _malloc_trim_r
 .text._free_r  0x1000a770      0x1f0 /usr/lib/gcc/arm-none-eabi/15.1.0/../../../../arm-none-eabi/lib/thumb/v6-m/nofp/libg.a(libc_a-freer.o)
                0x1000a770                _free_r
 .text._strtoul_l.isra.0
                0x1000a960      0x144 /usr/lib/gcc/arm-none-eabi/15.1.0/../../../../arm-none-eabi/lib/thumb/v6-m/nofp/libg.a(libc_a-strtoul.o)
 .text._strtoul_r
                0x1000aaa4        0x8 /usr/lib/gcc/arm-none-eabi/15.1.0/../../../../arm-none-eabi/lib/thumb/v6-m/nofp/libg.a(libc_a-strtoul.o)
                0x1000aaa4                _strtoul_r
 .text._sungetc_r
                0x1000aaac       0x80 /usr/lib/gcc/arm-none-eabi/15.1.0/../../../../arm-none-eabi/lib/thumb/v6-m/nofp/libg.a(libc_a-svfiscanf.o)
                0x1000aaac                _sungetc_r
 .text.__ssrefill_r
                0x1000ab2c       0x40 /usr/lib/gcc/arm-none-eabi/15.1.0/../../../../arm-none-eabi/lib/thumb/v6-m/nofp/libg.a(libc_a-svfiscanf.o)
                0x1000ab2c                __ssrefill_r
 .text._sfread_r
                0x1000ab6c       0xbc /usr/lib/gcc/arm-none-eabi/15.1.0/../../../../arm-none-eabi/lib/thumb/v6-m/nofp/libg.a(libc_a-svfiscanf.o)
                0x1000ab6c                _sfread_r
 .text.__ssvfscanf_r
                0x1000ac28     0x114c /usr/lib/gcc/arm-none-eabi/15.1.0/../../../../arm-none-eabi/lib/thumb/v6-m/nofp/libg.a(libc_a-svfscanf.o)
                0x1000ac28                __ssvfscanf_r
 .text.__sccl   0x1000bd74       0x80 /usr/lib/gcc/arm-none-eabi/15.1.0/../../../../arm-none-eabi/lib/thumb/v6-m/nofp/libg.a(libc_a-sccl.o)
                0x1000bd74                __sccl
 .text.__submore
                0x1000bdf4       0x84 /usr/lib/gcc/arm-none-eabi/15.1.0/../../../../arm-none-eabi/lib/thumb/v6-m/nofp/libg.a(libc_a-ungetc.o)
                0x1000bdf4                __submore
 .text.__locale_mb_cur_max
                0x1000be78       0x10 /usr/lib/gcc/arm-none-eabi/15.1.0/../../../../arm-none-eabi/lib/thumb/v6-m/nofp/libg.a(libc_a-locale.o)
                0x1000be78                __locale_mb_cur_max
 .text._localeconv_r
                0x1000be88        0x8 /usr/lib/gcc/arm-none-eabi/15.1.0/../../../../arm-none-eabi/lib/thumb/v6-m/nofp/libg.a(libc_a-localeconv.o)
                0x1000be88                _localeconv_r
 .text.nanf     0x1000be90        0x8 /usr/lib/gcc/arm-none-eabi/15.1.0/../../../../arm-none-eabi/lib/thumb/v6-m/nofp/libg.a(libm_a-sf_nan.o)
                0x1000be90                nanf
 .text.__ascii_mbtowc
                0x1000be98       0x2c /usr/lib/gcc/arm-none-eabi/15.1.0/../../../../arm-none-eabi/lib/thumb/v6-m/nofp/libg.a(libc_a-mbtowc_r.o)
                0x1000be98                __ascii_mbtowc
 .text.sulp     0x1000bec4       0x30 /usr/lib/gcc/arm-none-eabi/15.1.0/../../../../arm-none-eabi/lib/thumb/v6-m/nofp/libg.a(libc_a-strtod.o)
 .text._strtod_l
                0x1000bef4      0xfdc /usr/lib/gcc/arm-none-eabi/15.1.0/../../../../arm-none-eabi/lib/thumb/v6-m/nofp/libg.a(libc_a-strtod.o)
                0x1000bef4                _strtod_l
 .text._strtod_r
                0x1000ced0       0x10 /usr/lib/gcc/arm-none-eabi/15.1.0/../../../../arm-none-eabi/lib/thumb/v6-m/nofp/libg.a(libc_a-strtod.o)
                0x1000ced0                _strtod_r
 .text.__ascii_wctomb
                0x1000cee0       0x1c /usr/lib/gcc/arm-none-eabi/15.1.0/../../../../arm-none-eabi/lib/thumb/v6-m/nofp/libg.a(libc_a-wctomb_r.o)
                0x1000cee0                __ascii_wctomb
 .text._strtoll_l.isra.0
                0x1000cefc      0x1a0 /usr/lib/gcc/arm-none-eabi/15.1.0/../../../../arm-none-eabi/lib/thumb/v6-m/nofp/libg.a(libc_a-strtoll.o)
 .text._strtoll_r
                0x1000d09c        0x8 /usr/lib/gcc/arm-none-eabi/15.1.0/../../../../arm-none-eabi/lib/thumb/v6-m/nofp/libg.a(libc_a-strtoll.o)
                0x1000d09c                _strtoll_r
 .text._strtoull_l.isra.0
                0x1000d0a4      0x1c4 /usr/lib/gcc/arm-none-eabi/15.1.0/../../../../arm-none-eabi/lib/thumb/v6-m/nofp/libg.a(libc_a-strtoull.o)
 .text._strtoull_r
                0x1000d268        0x8 /usr/lib/gcc/arm-none-eabi/15.1.0/../../../../arm-none-eabi/lib/thumb/v6-m/nofp/libg.a(libc_a-strtoull.o)
                0x1000d268                _strtoull_r
 .text._mbrtowc_r
                0x1000d270       0x48 /usr/lib/gcc/arm-none-eabi/15.1.0/../../../../arm-none-eabi/lib/thumb/v6-m/nofp/libg.a(libc_a-mbrtowc.o)
                0x1000d270                _mbrtowc_r
 .text.iswspace
                0x1000d2b8        0xc /usr/lib/gcc/arm-none-eabi/15.1.0/../../../../arm-none-eabi/lib/thumb/v6-m/nofp/libg.a(libc_a-iswspace.o)
                0x1000d2b8                iswspace
 .text.iswspace_l
                0x1000d2c4       0x18 /usr/lib/gcc/arm-none-eabi/15.1.0/../../../../arm-none-eabi/lib/thumb/v6-m/nofp/libg.a(libc_a-iswspace_l.o)
                0x1000d2c4                iswspace_l
 .text.nan      0x1000d2dc        0xc /usr/lib/gcc/arm-none-eabi/15.1.0/../../../../arm-none-eabi/lib/thumb/v6-m/nofp/libg.a(libm_a-s_nan.o)
                0x1000d2dc                nan
 .text.rshift   0x1000d2e8       0xb0 /usr/lib/gcc/arm-none-eabi/15.1.0/../../../../arm-none-eabi/lib/thumb/v6-m/nofp/libg.a(libc_a-gdtoa-gethex.o)
 .text.__gethex
                0x1000d398      0x5f4 /usr/lib/gcc/arm-none-eabi/15.1.0/../../../../arm-none-eabi/lib/thumb/v6-m/nofp/libg.a(libc_a-gdtoa-gethex.o)
                0x1000d398                __gethex
 .text.__match  0x1000d98c       0x2c /usr/lib/gcc/arm-none-eabi/15.1.0/../../../../arm-none-eabi/lib/thumb/v6-m/nofp/libg.a(libc_a-gdtoa-hexnan.o)
                0x1000d98c                __match
 .text.__hexnan
                0x1000d9b8      0x208 /usr/lib/gcc/arm-none-eabi/15.1.0/../../../../arm-none-eabi/lib/thumb/v6-m/nofp/libg.a(libc_a-gdtoa-hexnan.o)
                0x1000d9b8                __hexnan
 .text._Balloc  0x1000dbc0       0x50 /usr/lib/gcc/arm-none-eabi/15.1.0/../../../../arm-none-eabi/lib/thumb/v6-m/nofp/libg.a(libc_a-mprec.o)
                0x1000dbc0                _Balloc
 .text._Bfree   0x1000dc10       0x14 /usr/lib/gcc/arm-none-eabi/15.1.0/../../../../arm-none-eabi/lib/thumb/v6-m/nofp/libg.a(libc_a-mprec.o)
                0x1000dc10                _Bfree
 .text.__multadd
                0x1000dc24       0xa4 /usr/lib/gcc/arm-none-eabi/15.1.0/../../../../arm-none-eabi/lib/thumb/v6-m/nofp/libg.a(libc_a-mprec.o)
                0x1000dc24                __multadd
 .text.__s2b    0x1000dcc8       0xb0 /usr/lib/gcc/arm-none-eabi/15.1.0/../../../../arm-none-eabi/lib/thumb/v6-m/nofp/libg.a(libc_a-mprec.o)
                0x1000dcc8                __s2b
 .text.__hi0bits
                0x1000dd78       0x60 /usr/lib/gcc/arm-none-eabi/15.1.0/../../../../arm-none-eabi/lib/thumb/v6-m/nofp/libg.a(libc_a-mprec.o)
                0x1000dd78                __hi0bits
 .text.__lo0bits
                0x1000ddd8       0x90 /usr/lib/gcc/arm-none-eabi/15.1.0/../../../../arm-none-eabi/lib/thumb/v6-m/nofp/libg.a(libc_a-mprec.o)
                0x1000ddd8                __lo0bits
 .text.__i2b    0x1000de68       0x60 /usr/lib/gcc/arm-none-eabi/15.1.0/../../../../arm-none-eabi/lib/thumb/v6-m/nofp/libg.a(libc_a-mprec.o)
                0x1000de68                __i2b
 .text.__multiply
                0x1000dec8      0x1b0 /usr/lib/gcc/arm-none-eabi/15.1.0/../../../../arm-none-eabi/lib/thumb/v6-m/nofp/libg.a(libc_a-mprec.o)
                0x1000dec8                __multiply
 .text.__pow5mult
                0x1000e078       0xd8 /usr/lib/gcc/arm-none-eabi/15.1.0/../../../../arm-none-eabi/lib/thumb/v6-m/nofp/libg.a(libc_a-mprec.o)
                0x1000e078                __pow5mult
 .text.__lshift
                0x1000e150       0xfc /usr/lib/gcc/arm-none-eabi/15.1.0/../../../../arm-none-eabi/lib/thumb/v6-m/nofp/libg.a(libc_a-mprec.o)
                0x1000e150                __lshift
 .text.__mcmp   0x1000e24c       0x3c /usr/lib/gcc/arm-none-eabi/15.1.0/../../../../arm-none-eabi/lib/thumb/v6-m/nofp/libg.a(libc_a-mprec.o)
                0x1000e24c                __mcmp
 .text.__mdiff  0x1000e288      0x1a8 /usr/lib/gcc/arm-none-eabi/15.1.0/../../../../arm-none-eabi/lib/thumb/v6-m/nofp/libg.a(libc_a-mprec.o)
                0x1000e288                __mdiff
 .text.__ulp    0x1000e430       0x40 /usr/lib/gcc/arm-none-eabi/15.1.0/../../../../arm-none-eabi/lib/thumb/v6-m/nofp/libg.a(libc_a-mprec.o)
                0x1000e430                __ulp
 .text.__b2d    0x1000e470       0xb8 /usr/lib/gcc/arm-none-eabi/15.1.0/../../../../arm-none-eabi/lib/thumb/v6-m/nofp/libg.a(libc_a-mprec.o)
                0x1000e470                __b2d
 .text.__d2b    0x1000e528       0xc4 /usr/lib/gcc/arm-none-eabi/15.1.0/../../../../arm-none-eabi/lib/thumb/v6-m/nofp/libg.a(libc_a-mprec.o)
                0x1000e528                __d2b
 .text.__ratio  0x1000e5ec       0x68 /usr/lib/gcc/arm-none-eabi/15.1.0/../../../../arm-none-eabi/lib/thumb/v6-m/nofp/libg.a(libc_a-mprec.o)
                0x1000e5ec                __ratio
 .text.__copybits
                0x1000e654       0x40 /usr/lib/gcc/arm-none-eabi/15.1.0/../../../../arm-none-eabi/lib/thumb/v6-m/nofp/libg.a(libc_a-mprec.o)
                0x1000e654                __copybits
 .text.__any_on
                0x1000e694       0x4c /usr/lib/gcc/arm-none-eabi/15.1.0/../../../../arm-none-eabi/lib/thumb/v6-m/nofp/libg.a(libc_a-mprec.o)
                0x1000e694                __any_on
 .text.__any_on.__stub
                0x1000e6e0       0xd0 linker stubs
 *(.fini)
 *crtbegin.o(.ctors)
 *crtbegin?.o(.ctors)
 *(EXCLUDE_FILE(*crtend.o *crtend?.o) .ctors)
 *(SORT_BY_NAME(.ctors.*))
 *(.ctors)
 *crtbegin.o(.dtors)
 *crtbegin?.o(.dtors)
 *(EXCLUDE_FILE(*crtend.o *crtend?.o) .dtors)
 *(SORT_BY_NAME(.dtors.*))
 *(.dtors)
                0x1000e7b0                        . = ALIGN (0x4)
                [!provide]                        PROVIDE (__bothinit_array_start = .)
                0x1000e7b0                        PROVIDE (__preinit_array_start = .)
 *(SORT_BY_NAME(.preinit_array.*))
 .preinit_array.00100
                0x1000e7b0        0x4 CMakeFiles/tof_rig.dir/third_party/pico-sdk/src/rp2_common/pico_runtime_init/runtime_init.c.o
                0x1000e7b0                __pre_init_runtime_init_early_resets
 .preinit_array.00101
                0x1000e7b4        0x4 CMakeFiles/tof_rig.dir/third_party/pico-sdk/src/rp2_common/pico_runtime_init/runtime_init.c.o
                0x1000e7b4                __pre_init_runtime_init_usb_power_down
 .preinit_array.00275
                0x1000e7b8        0x4 CMakeFiles/tof_rig.dir/third_party/pico-sdk/src/rp2_common/pico_bit_ops/bit_ops_aeabi.S.o
 .preinit_array.00300
                0x1000e7bc        0x4 CMakeFiles/tof_rig.dir/third_party/pico-sdk/src/rp2_common/pico_mem_ops/mem_ops_aeabi.S.o
 .preinit_array.00350
                0x1000e7c0        0x4 CMakeFiles/tof_rig.dir/third_party/pico-sdk/src/rp2_common/pico_double/double_aeabi_rp2040.S.o
 .preinit_array.00350
                0x1000e7c4        0x4 CMakeFiles/tof_rig.dir/third_party/pico-sdk/src/rp2_common/pico_float/float_aeabi_rp2040.S.o
 .preinit_array.00500
                0x1000e7c8        0x4 CMakeFiles/tof_rig.dir/third_party/pico-sdk/src/rp2_common/pico_runtime_init/runtime_init.c.o
                0x1000e7c8                __pre_init_runtime_init_clocks
 .preinit_array.00600
                0x1000e7cc        0x4 CMakeFiles/tof_rig.dir/third_party/pico-sdk/src/rp2_common/pico_runtime_init/runtime_init.c.o
                0x1000e7cc                __pre_init_runtime_init_post_clock_resets
 .preinit_array.00700
                0x1000e7d0        0x4 CMakeFiles/tof_rig.dir/third_party/pico-sdk/src/rp2_common/pico_runtime_init/runtime_init.c.o
                0x1000e7d0                __pre_init_runtime_init_rp2040_gpio_ie_disable
 .preinit_array.01000
                0x1000e7d4        0x4 CMakeFiles/tof_rig.dir/third_party/pico-sdk/src/rp2_common/pico_runtime_init/runtime_init.c.o
                0x1000e7d4                __pre_init_runtime_init_spin_locks_reset
 .preinit_array.01100
                0x1000e7d8        0x4 CMakeFiles/tof_rig.dir/third_party/pico-sdk/src/common/pico_sync/mutex.c.o
                0x1000e7d8                __pre_init_runtime_init_mutex
 .preinit_array.10080
                0x1000e7dc        0x4 CMakeFiles/tof_rig.dir/third_party/pico-sdk/src/rp2_common/pico_runtime_init/runtime_init.c.o
                0x1000e7dc                __pre_init_runtime_init_install_ram_vector_table
 .preinit_array.11000
                0x1000e7e0        0x4 CMakeFiles/tof_rig.dir/third_party/pico-sdk/src/common/pico_time/time.c.o
                0x1000e7e0                __pre_init_runtime_init_default_alarm_pool
 .preinit_array.YYYYY
                0x1000e7e4        0x4 CMakeFiles/tof_rig.dir/third_party/pico-sdk/src/rp2_common/pico_runtime/runtime.c.o
                0x1000e7e4                __pre_init_first_per_core_initializer
 .preinit_array.ZZZZZ.01200
                0x1000e7e8        0x4 CMakeFiles/tof_rig.dir/third_party/pico-sdk/src/rp2_common/hardware_irq/irq.c.o
                0x1000e7e8                __pre_init_runtime_init_per_core_irq_priorities
 *(.preinit_array)
                0x1000e7ec                        PROVIDE (__preinit_array_end = .)
                0x1000e7ec                        . = ALIGN (0x4)
                0x1000e7ec                        PROVIDE (__init_array_start = .)
 *(SORT_BY_NAME(.init_array.*))
 .init_array.01000
                0x1000e7ec        0x4 CMakeFiles/tof_rig.dir/third_party/pico-sdk/src/rp2_common/pico_unique_id/unique_id.c.o
 *(.init_array)
                0x1000e7f0                        PROVIDE (__init_array_end = .)
                [!provide]                        PROVIDE (__bothinit_array_end = .)
                0x1000e7f0                        . = ALIGN (0x4)
                [!provide]                        PROVIDE (__fini_array_start = .)
 *(SORT_BY_NAME(.fini_array.*))
 *(.fini_array)
                [!provide]                        PROVIDE (__fini_array_end = .)
                [!provide]                        PROVIDE (__dso_handle = 0x0)
 *(.eh_frame*)
                0x1000e7f0                        . = ALIGN (0x4)

.glue_7         0x1000e7f0        0x0
 .glue_7        0x1000e7f0        0x0 linker stubs

.glue_7t        0x1000e7f0        0x0
 .glue_7t       0x1000e7f0        0x0 linker stubs

.vfp11_veneer   0x1000e7f0        0x0
 .vfp11_veneer  0x1000e7f0        0x0 linker stubs

.v4_bx          0x1000e7f0        0x0
 .v4_bx         0x1000e7f0        0x0 linker stubs

.iplt           0x1000e7f0        0x0
 .iplt          0x1000e7f0        0x0 CMakeFiles/tof_rig.dir/src/main.c.o

.rodata         0x1000e7f0    0x16a88
 *(EXCLUDE_FILE(*libm.a: *lib*_a-mem*.o *libc.a: *libgcc.a:) .rodata*)
 .rodata.print_list.str1.4
                0x1000e7f0      0x675 CMakeFiles/tof_rig.dir/src/main.c.o
                                 0x5e (size before relaxing)
 .rodata.start_slot.str1.4
                0x1000ee65        0x0 CMakeFiles/tof_rig.dir/src/main.c.o
                                 0x32 (size before relaxing)
 .rodata.main.str1.4
                0x1000ee65        0x0 CMakeFiles/tof_rig.dir/src/main.c.o
                                0x369 (size before relaxing)
 *fill*         0x1000ee65        0x3 
 .rodata.TARGET_ADDR8
                0x1000ee68        0x6 CMakeFiles/tof_rig.dir/src/main.c.o
 *fill*         0x1000ee6e        0x2 
 .rodata.INT_PIN
                0x1000ee70        0xc CMakeFiles/tof_rig.dir/src/main.c.o
 .rodata.LP_PIN
                0x1000ee7c        0xc CMakeFiles/tof_rig.dir/src/main.c.o
 .rodata._vl53l8cx_send_xtalk_data.str1.4
                0x1000ee88        0x0 CMakeFiles/tof_rig.dir/vendor/VL53L8CX/src/vl53l8cx_api.c.o
                                  0x9 (size before relaxing)
 .rodata.VL53L8CX_GET_NVM_CMD
                0x1000ee88       0x28 CMakeFiles/tof_rig.dir/vendor/VL53L8CX/src/vl53l8cx_api.c.o
                0x1000ee88                VL53L8CX_GET_NVM_CMD
 .rodata.VL53L8CX_DEFAULT_XTALK
                0x1000eeb0      0x308 CMakeFiles/tof_rig.dir/vendor/VL53L8CX/src/vl53l8cx_api.c.o
                0x1000eeb0                VL53L8CX_DEFAULT_XTALK
 .rodata.VL53L8CX_DEFAULT_CONFIGURATION
                0x1000f1b8      0x3cc CMakeFiles/tof_rig.dir/vendor/VL53L8CX/src/vl53l8cx_api.c.o
                0x1000f1b8                VL53L8CX_DEFAULT_CONFIGURATION
 .rodata.VL53L8CX_FIRMWARE
                0x1000f584    0x15000 CMakeFiles/tof_rig.dir/vendor/VL53L8CX/src/vl53l8cx_api.c.o
                0x1000f584                VL53L8CX_FIRMWARE
 .rodata        0x10024584       0x64 CMakeFiles/tof_rig.dir/vendor/VL53L8CX/src/vl53l8cx_api.c.o
 .rodata.panic.str1.4
                0x100245e8        0x0 CMakeFiles/tof_rig.dir/third_party/pico-sdk/src/rp2_common/pico_platform_panic/panic.c.o
                                 0x11 (size before relaxing)
 .rodata.spin_lock_claim_unused.str1.4
                0x100245e8        0x0 CMakeFiles/tof_rig.dir/third_party/pico-sdk/src/rp2_common/hardware_sync/sync.c.o
                                 0x1b (size before relaxing)
 .rodata.user_irq_claim_unused.str1.4
                0x100245e8        0x0 CMakeFiles/tof_rig.dir/third_party/pico-sdk/src/rp2_common/hardware_irq/irq.c.o
                                 0x1b (size before relaxing)
 .rodata.timer_hardware_alarm_claim.str1.4
                0x100245e8        0x0 CMakeFiles/tof_rig.dir/third_party/pico-sdk/src/rp2_common/hardware_timer/timer.c.o
                                 0x22 (size before relaxing)
 .rodata.hard_assertion_failure.str1.4
                0x100245e8        0x0 CMakeFiles/tof_rig.dir/third_party/pico-sdk/src/rp2_common/pico_runtime/runtime.c.o
                                  0xc (size before relaxing)
 .rodata.missing_double_func_shim.str1.4
                0x100245e8        0x0 CMakeFiles/tof_rig.dir/third_party/pico-sdk/src/rp2_common/pico_double/double_init_rom_rp2040.c.o
                                 0x18 (size before relaxing)
 .rodata.missing_float_func_shim.str1.4
                0x100245e8        0x0 CMakeFiles/tof_rig.dir/third_party/pico-sdk/src/rp2_common/pico_float/float_init_rom_rp2040.c.o
                                  0x1 (size before relaxing)
 .rodata.str1.4
                0x100245e8        0x0 CMakeFiles/tof_rig.dir/third_party/pico-sdk/src/rp2_common/pico_standard_binary_info/standard_binary_info.c.o
                                 0x4c (size before relaxing)
 .rodata.__bi_84
                0x100245e8        0xc CMakeFiles/tof_rig.dir/third_party/pico-sdk/src/rp2_common/pico_standard_binary_info/standard_binary_info.c.o
 .rodata.__bi_78
                0x100245f4        0xc CMakeFiles/tof_rig.dir/third_party/pico-sdk/src/rp2_common/pico_standard_binary_info/standard_binary_info.c.o
 .rodata.__bi_54
                0x10024600        0xc CMakeFiles/tof_rig.dir/third_party/pico-sdk/src/rp2_common/pico_standard_binary_info/standard_binary_info.c.o
 .rodata.__bi_48
                0x1002460c        0xc CMakeFiles/tof_rig.dir/third_party/pico-sdk/src/rp2_common/pico_standard_binary_info/standard_binary_info.c.o
 .rodata.__bi_42
                0x10024618        0xc CMakeFiles/tof_rig.dir/third_party/pico-sdk/src/rp2_common/pico_standard_binary_info/standard_binary_info.c.o
 .rodata.__bi_34
                0x10024624        0xc CMakeFiles/tof_rig.dir/third_party/pico-sdk/src/rp2_common/pico_standard_binary_info/standard_binary_info.c.o
 .rodata.__bi_26
                0x10024630        0xc CMakeFiles/tof_rig.dir/third_party/pico-sdk/src/rp2_common/pico_standard_binary_info/standard_binary_info.c.o
 .rodata._ftoa.str1.4
                0x1002463c        0x0 CMakeFiles/tof_rig.dir/third_party/pico-sdk/src/rp2_common/pico_printf/printf.c.o
                                 0x15 (size before relaxing)
 .rodata._vsnprintf
                0x1002463c      0x19c CMakeFiles/tof_rig.dir/third_party/pico-sdk/src/rp2_common/pico_printf/printf.c.o
 .rodata.pow10.0
                0x100247d8       0x50 CMakeFiles/tof_rig.dir/third_party/pico-sdk/src/rp2_common/pico_printf/printf.c.o
 .rodata.__assert_func.str1.4
                0x10024828        0x0 CMakeFiles/tof_rig.dir/third_party/pico-sdk/src/rp2_common/pico_clib_interface/newlib_interface.c.o
                                 0x43 (size before relaxing)
 .rodata.crlf_str.0
                0x10024828        0x2 CMakeFiles/tof_rig.dir/third_party/pico-sdk/src/rp2_common/pico_stdio/stdio.c.o
 .rodata.str1.4
                0x1002482a        0x0 CMakeFiles/tof_rig.dir/third_party/pico-sdk/src/rp2_common/pico_stdio_usb/stdio_usb.c.o
                                 0x13 (size before relaxing)
 *fill*         0x1002482a        0x2 
 .rodata.__bi_204.0
                0x1002482c        0xc CMakeFiles/tof_rig.dir/third_party/pico-sdk/src/rp2_common/pico_stdio_usb/stdio_usb.c.o
 .rodata.str1.4
                0x10024838        0x0 CMakeFiles/tof_rig.dir/third_party/pico-sdk/src/rp2_common/pico_stdio_usb/stdio_usb_descriptors.c.o
                                 0x2a (size before relaxing)
 .rodata.usbd_desc_str
                0x10024838       0x18 CMakeFiles/tof_rig.dir/third_party/pico-sdk/src/rp2_common/pico_stdio_usb/stdio_usb_descriptors.c.o
 .rodata.usbd_desc_cfg
                0x10024850       0x54 CMakeFiles/tof_rig.dir/third_party/pico-sdk/src/rp2_common/pico_stdio_usb/stdio_usb_descriptors.c.o
 .rodata.usbd_desc_device
                0x100248a4       0x12 CMakeFiles/tof_rig.dir/third_party/pico-sdk/src/rp2_common/pico_stdio_usb/stdio_usb_descriptors.c.o
 *fill*         0x100248b6        0x2 
 .rodata.desc_ms_os_20
                0x100248b8       0xa6 CMakeFiles/tof_rig.dir/third_party/pico-sdk/src/rp2_common/pico_usb_reset/usb_reset.c.o
 *fill*         0x1002495e        0x2 
 .rodata.desc_bos
                0x10024960       0x21 CMakeFiles/tof_rig.dir/third_party/pico-sdk/src/rp2_common/pico_usb_reset/usb_reset.c.o
                0x10024960                desc_bos
 *fill*         0x10024981        0x3 
 .rodata.usb_reset_interface_driver
                0x10024984       0x20 CMakeFiles/tof_rig.dir/third_party/pico-sdk/src/rp2_common/pico_usb_reset/usb_reset.c.o
 .rodata.str1.4
                0x100249a4        0x0 CMakeFiles/tof_rig.dir/third_party/pico-sdk/lib/tinyusb/src/portable/raspberrypi/rp2040/dcd_rp2040.c.o
                                 0x14 (size before relaxing)
 .rodata.str1.4
                0x100249a4        0x0 CMakeFiles/tof_rig.dir/third_party/pico-sdk/lib/tinyusb/src/portable/raspberrypi/rp2040/rp2040_usb.c.o
                                 0x48 (size before relaxing)
 .rodata.tud_task_ext
                0x100249a4       0x8c CMakeFiles/tof_rig.dir/third_party/pico-sdk/lib/tinyusb/src/device/usbd.c.o
 .rodata        0x10024a30       0x1c CMakeFiles/tof_rig.dir/third_party/pico-sdk/lib/tinyusb/src/device/usbd.c.o
 .rodata._usbd_driver
                0x10024a4c       0x20 CMakeFiles/tof_rig.dir/third_party/pico-sdk/lib/tinyusb/src/device/usbd.c.o
 .rodata._ctype_
                0x10024a6c      0x101 /usr/lib/gcc/arm-none-eabi/15.1.0/../../../../arm-none-eabi/lib/thumb/v6-m/nofp/libg.a(libc_a-ctype_.o)
                0x10024a6c                _ctype_
 .rodata.__ssvfscanf_r.str1.4
                0x10024b6d        0x0 /usr/lib/gcc/arm-none-eabi/15.1.0/../../../../arm-none-eabi/lib/thumb/v6-m/nofp/libg.a(libc_a-svfscanf.o)
                                  0x9 (size before relaxing)
 *fill*         0x10024b6d        0x3 
 .rodata.__ssvfscanf_r
                0x10024b70      0x3c4 /usr/lib/gcc/arm-none-eabi/15.1.0/../../../../arm-none-eabi/lib/thumb/v6-m/nofp/libg.a(libc_a-svfscanf.o)
 .rodata.basefix.0
                0x10024f34       0x22 /usr/lib/gcc/arm-none-eabi/15.1.0/../../../../arm-none-eabi/lib/thumb/v6-m/nofp/libg.a(libc_a-svfscanf.o)
 .rodata._setlocale_r.str1.4